01-16 14:08:34.707  1261  1261 W Resources: Preloaded drawable resource #0x10800b5 (android:drawable/ab_share_pack_material) that varies with configuration!!
01-16 14:08:34.709  1261  1261 W Resources: Preloaded drawable resource #0x10800ba (android:drawable/ab_solid_shadow_material) that varies with configuration!!
01-16 14:08:34.796  1261  1516 W art     : Suspending all threads took: 23.910ms
01-16 14:08:34.802  1261  1516 I art     : Background concurrent mark sweep GC freed 5590(446KB) AllocSpace objects, 35(1276KB) LOS objects, 59% free, 2MB/6MB, paused 24.982ms total 57.481ms
01-16 14:08:34.834  1261  1261 W Resources: Preloaded drawable resource #0x1080181 (android:drawable/btn_radio_material_anim) that varies with configuration!!
01-16 14:08:34.835  1261  1261 W Resources: Preloaded drawable resource #0x10801f5 (android:drawable/btn_star_material) that varies with configuration!!
01-16 14:08:34.836  1261  1261 W Resources: Preloaded drawable resource #0x1080250 (android:drawable/cab_background_bottom_material) that varies with configuration!!
01-16 14:08:34.836  1261  1261 W Resources: Preloaded drawable resource #0x1080254 (android:drawable/cab_background_top_material) that varies with configuration!!
01-16 14:08:34.837  1261  1261 W Resources: Preloaded drawable resource #0x10802a6 (android:drawable/edit_text_material) that varies with configuration!!
01-16 14:08:34.838  1261  1261 W Resources: Preloaded drawable resource #0x10802c2 (android:drawable/expander_group_material) that varies with configuration!!
01-16 14:08:34.841  1261  1261 W Resources: Preloaded drawable resource #0x1080329 (android:drawable/ic_commit_search_api_material) that varies with configuration!!
01-16 14:08:34.843  1261  1261 W Resources: Preloaded drawable resource #0x1080343 (android:drawable/ic_find_next_material) that varies with configuration!!
01-16 14:08:34.843  1261  1261 W Resources: Preloaded drawable resource #0x1080347 (android:drawable/ic_find_previous_material) that varies with configuration!!
01-16 14:08:34.847  1261  1261 W Resources: Preloaded drawable resource #0x1080395 (android:drawable/ic_media_route_connecting_material) that varies with configuration!!
01-16 14:08:34.848  1261  1261 W Resources: Preloaded drawable resource #0x1080395 (android:drawable/ic_media_route_connecting_material) that varies with configuration!!
01-16 14:08:34.851  1261  1261 W Resources: Preloaded drawable resource #0x108039b (android:drawable/ic_media_route_material) that varies with configuration!!
01-16 14:08:34.853  1261  1261 W Resources: Preloaded drawable resource #0x10803c7 (android:drawable/ic_menu_find_material) that varies with configuration!!
01-16 14:08:34.856  1261  1261 W Resources: Preloaded drawable resource #0x10803e4 (android:drawable/ic_menu_search_material) that varies with configuration!!
01-16 14:08:34.859  1261  1261 W Resources: Preloaded drawable resource #0x108049b (android:drawable/list_section_divider_material) that varies with configuration!!
01-16 14:08:34.865  1261  1261 W Resources: Preloaded drawable resource #0x10805bf (android:drawable/ratingbar_material) that varies with configuration!!
01-16 14:08:34.866  1261  1261 W Resources: Preloaded drawable resource #0x10805c3 (android:drawable/ratingbar_small_material) that varies with configuration!!
01-16 14:08:34.867  1261  1261 W Resources: Preloaded drawable resource #0x10805be (android:drawable/ratingbar_indicator_material) that varies with configuration!!
01-16 14:08:34.871  1261  1261 W Resources: Preloaded drawable resource #0x10802a6 (android:drawable/edit_text_material) that varies with configuration!!
01-16 14:08:34.871  1261  1261 W Resources: Preloaded drawable resource #0x1080633 (android:drawable/spinner_textfield_background_material) that varies with configuration!!
01-16 14:08:34.877  1255  1255 I ServiceManager: Waiting for service media.camera.proxy...
01-16 14:08:34.886  1261  1261 W Resources: Preloaded drawable resource #0x10806a3 (android:drawable/switch_thumb_material_anim) that varies with configuration!!
01-16 14:08:34.887  1261  1261 W Resources: Preloaded drawable resource #0x108071f (android:drawable/textfield_search_material) that varies with configuration!!
01-16 14:08:34.888  1261  1261 W Resources: Preloaded drawable resource #0x10806ed (android:drawable/text_select_handle_left_material) that varies with configuration!!
01-16 14:08:34.888  1261  1261 W Resources: Preloaded drawable resource #0x10806f0 (android:drawable/text_select_handle_middle_material) that varies with configuration!!
01-16 14:08:34.889  1261  1261 W Resources: Preloaded drawable resource #0x10806f3 (android:drawable/text_select_handle_right_material) that varies with configuration!!
01-16 14:08:34.889  1261  1261 I Zygote  : ...preloaded 342 resources in 878ms.
01-16 14:08:34.893  1261  1261 I Zygote  : ...preloaded 41 resources in 3ms.
01-16 14:08:34.893  1261  1261 D libEGL  : Emulator has host GPU support, qemu.gles is set to 1.
01-16 14:08:34.901  1261  1261 E libEGL  : load_driver(/system/lib/egl/libGLES_emulation.so): dlopen failed: library "/system/lib/egl/libGLES_emulation.so" not found
01-16 14:08:34.902  1261  1261 D libEGL  : loaded /system/lib/egl/libEGL_emulation.so
01-16 14:08:34.903  1261  1261 D libEGL  : loaded /system/lib/egl/libGLESv1_CM_emulation.so
01-16 14:08:34.908  1261  1261 D libEGL  : loaded /system/lib/egl/libGLESv2_emulation.so
01-16 14:08:34.914  1261  1261 I Zygote  : Preloading shared libraries...
01-16 14:08:34.890  1261  1261 W main    : type=1400 audit(0.0:6): avc: denied { write } for name="property_service" dev="tmpfs" ino=2954 scontext=u:r:zygote:s0 tcontext=u:object_r:property_socket:s0 tclass=sock_file permissive=0
01-16 14:08:34.944  1261  1261 E Hyphenator: error loading hyphenation /system/usr/hyphen-data/hyph-en-us.pat.txt
01-16 14:08:34.944  1261  1261 E Hyphenator: java.io.FileNotFoundException: /system/usr/hyphen-data/hyph-en-us.pat.txt: open failed: ENOENT (No such file or directory)
01-16 14:08:34.944  1261  1261 E Hyphenator: 	at libcore.io.IoBridge.open(IoBridge.java:452)
01-16 14:08:34.944  1261  1261 E Hyphenator: 	at libcore.io.IoUtils$FileReader.<init>(IoUtils.java:207)
01-16 14:08:34.944  1261  1261 E Hyphenator: 	at libcore.io.IoUtils.readFileAsString(IoUtils.java:114)
01-16 14:08:34.944  1261  1261 E Hyphenator: 	at android.text.Hyphenator.loadHyphenator(Hyphenator.java:96)
01-16 14:08:34.944  1261  1261 E Hyphenator: 	at android.text.Hyphenator.init(Hyphenator.java:154)
01-16 14:08:34.944  1261  1261 E Hyphenator: 	at com.android.internal.os.ZygoteInit.preloadTextResources(ZygoteInit.java:207)
01-16 14:08:34.944  1261  1261 E Hyphenator: 	at com.android.internal.os.ZygoteInit.preload(ZygoteInit.java:186)
01-16 14:08:34.944  1261  1261 E Hyphenator: 	at com.android.internal.os.ZygoteInit.main(ZygoteInit.java:593)
01-16 14:08:34.944  1261  1261 E Hyphenator: Caused by: android.system.ErrnoException: open failed: ENOENT (No such file or directory)
01-16 14:08:34.944  1261  1261 E Hyphenator: 	at libcore.io.Posix.open(Native Method)
01-16 14:08:34.944  1261  1261 E Hyphenator: 	at libcore.io.BlockGuardOs.open(BlockGuardOs.java:186)
01-16 14:08:34.944  1261  1261 E Hyphenator: 	at libcore.io.IoBridge.open(IoBridge.java:438)
01-16 14:08:34.944  1261  1261 E Hyphenator: 	... 7 more
01-16 14:08:34.944  1261  1261 E Hyphenator: error loading hyphenation /system/usr/hyphen-data/hyph-eu.pat.txt
01-16 14:08:34.944  1261  1261 E Hyphenator: java.io.FileNotFoundException: /system/usr/hyphen-data/hyph-eu.pat.txt: open failed: ENOENT (No such file or directory)
01-16 14:08:34.944  1261  1261 E Hyphenator: 	at libcore.io.IoBridge.open(IoBridge.java:452)
01-16 14:08:34.944  1261  1261 E Hyphenator: 	at libcore.io.IoUtils$FileReader.<init>(IoUtils.java:207)
01-16 14:08:34.944  1261  1261 E Hyphenator: 	at libcore.io.IoUtils.readFileAsString(IoUtils.java:114)
01-16 14:08:34.944  1261  1261 E Hyphenator: 	at android.text.Hyphenator.loadHyphenator(Hyphenator.java:96)
01-16 14:08:34.944  1261  1261 E Hyphenator: 	at android.text.Hyphenator.init(Hyphenator.java:154)
01-16 14:08:34.944  1261  1261 E Hyphenator: 	at com.android.internal.os.ZygoteInit.preloadTextResources(ZygoteInit.java:207)
01-16 14:08:34.944  1261  1261 E Hyphenator: 	at com.android.internal.os.ZygoteInit.preload(ZygoteInit.java:186)
01-16 14:08:34.944  1261  1261 E Hyphenator: 	at com.android.internal.os.ZygoteInit.main(ZygoteInit.java:593)
01-16 14:08:34.944  1261  1261 E Hyphenator: Caused by: android.system.ErrnoException: open failed: ENOENT (No such file or directory)
01-16 14:08:34.944  1261  1261 E Hyphenator: 	at libcore.io.Posix.open(Native Method)
01-16 14:08:34.944  1261  1261 E Hyphenator: 	at libcore.io.BlockGuardOs.open(BlockGuardOs.java:186)
01-16 14:08:34.944  1261  1261 E Hyphenator: 	at libcore.io.IoBridge.open(IoBridge.java:438)
01-16 14:08:34.944  1261  1261 E Hyphenator: 	... 7 more
01-16 14:08:34.944  1261  1261 E Hyphenator: error loading hyphenation /system/usr/hyphen-data/hyph-hu.pat.txt
01-16 14:08:34.944  1261  1261 E Hyphenator: java.io.FileNotFoundException: /system/usr/hyphen-data/hyph-hu.pat.txt: open failed: ENOENT (No such file or directory)
01-16 14:08:34.944  1261  1261 E Hyphenator: 	at libcore.io.IoBridge.open(IoBridge.java:452)
01-16 14:08:34.944  1261  1261 E Hyphenator: 	at libcore.io.IoUtils$FileReader.<init>(IoUtils.java:207)
01-16 14:08:34.944  1261  1261 E Hyphenator: 	at libcore.io.IoUtils.readFileAsString(IoUtils.java:114)
01-16 14:08:34.944  1261  1261 E Hyphenator: 	at android.text.Hyphenator.loadHyphenator(Hyphenator.java:96)
01-16 14:08:34.944  1261  1261 E Hyphenator: 	at android.text.Hyphenator.init(Hyphenator.java:154)
01-16 14:08:34.944  1261  1261 E Hyphenator: 	at com.android.internal.os.ZygoteInit.preloadTextResources(ZygoteInit.java:207)
01-16 14:08:34.944  1261  1261 E Hyphenator: 	at com.android.internal.os.ZygoteInit.preload(ZygoteInit.java:186)
01-16 14:08:34.944  1261  1261 E Hyphenator: 	at com.android.internal.os.ZygoteInit.main(ZygoteInit.java:593)
01-16 14:08:34.944  1261  1261 E Hyphenator: Caused by: android.system.ErrnoException: open failed: ENOENT (No such file or directory)
01-16 14:08:34.944  1261  1261 E Hyphenator: 	at libcore.io.Posix.open(Native Method)
01-16 14:08:34.944  1261  1261 E Hyphenator: 	at libcore.io.BlockGuardOs.open(BlockGuardOs.java:186)
01-16 14:08:34.944  1261  1261 E Hyphenator: 	at libcore.io.IoBridge.open(IoBridge.java:438)
01-16 14:08:34.944  1261  1261 E Hyphenator: 	... 7 more
01-16 14:08:34.944  1261  1261 E Hyphenator: error loading hyphenation /system/usr/hyphen-data/hyph-hy.pat.txt
01-16 14:08:34.944  1261  1261 E Hyphenator: java.io.FileNotFoundException: /system/usr/hyphen-data/hyph-hy.pat.txt: open failed: ENOENT (No such file or directory)
01-16 14:08:34.944  1261  1261 E Hyphenator: 	at libcore.io.IoBridge.open(IoBridge.java:452)
01-16 14:08:34.944  1261  1261 E Hyphenator: 	at libcore.io.IoUtils$FileReader.<init>(IoUtils.java:207)
01-16 14:08:34.944  1261  1261 E Hyphenator: 	at libcore.io.IoUtils.readFileAsString(IoUtils.java:114)
01-16 14:08:34.944  1261  1261 E Hyphenator: 	at android.text.Hyphenator.loadHyphenator(Hyphenator.java:96)
01-16 14:08:34.944  1261  1261 E Hyphenator: 	at android.text.Hyphenator.init(Hyphenator.java:154)
01-16 14:08:34.944  1261  1261 E Hyphenator: 	at com.android.internal.os.ZygoteInit.preloadTextResources(ZygoteInit.java:207)
01-16 14:08:34.944  1261  1261 E Hyphenator: 	at com.android.internal.os.ZygoteInit.preload(ZygoteInit.java:186)
01-16 14:08:34.944  1261  1261 E Hyphenator: 	at com.android.internal.os.ZygoteInit.main(ZygoteInit.java:593)
01-16 14:08:34.944  1261  1261 E Hyphenator: Caused by: android.system.ErrnoException: open failed: ENOENT (No such file or directory)
01-16 14:08:34.944  1261  1261 E Hyphenator: 	at libcore.io.Posix.open(Native Method)
01-16 14:08:34.944  1261  1261 E Hyphenator: 	at libcore.io.BlockGuardOs.open(BlockGuardOs.java:186)
01-16 14:08:34.944  1261  1261 E Hyphenator: 	at libcore.io.IoBridge.open(IoBridge.java:438)
01-16 14:08:34.944  1261  1261 E Hyphenator: 	... 7 more
01-16 14:08:34.944  1261  1261 E Hyphenator: error loading hyphenation /system/usr/hyphen-data/hyph-nb.pat.txt
01-16 14:08:34.944  1261  1261 E Hyphenator: java.io.FileNotFoundException: /system/usr/hyphen-data/hyph-nb.pat.txt: open failed: ENOENT (No such file or directory)
01-16 14:08:34.944  1261  1261 E Hyphenator: 	at libcore.io.IoBridge.open(IoBridge.java:452)
01-16 14:08:34.944  1261  1261 E Hyphenator: 	at libcore.io.IoUtils$FileReader.<init>(IoUtils.java:207)
01-16 14:08:34.944  1261  1261 E Hyphenator: 	at libcore.io.IoUtils.readFileAsString(IoUtils.java:114)
01-16 14:08:34.944  1261  1261 E Hyphenator: 	at android.text.Hyphenator.loadHyphenator(Hyphenator.java:96)
01-16 14:08:34.944  1261  1261 E Hyphenator: 	at android.text.Hyphenator.init(Hyphenator.java:154)
01-16 14:08:34.944  1261  1261 E Hyphenator: 	at com.android.internal.os.ZygoteInit.preloadTextResources(ZygoteInit.java:207)
01-16 14:08:34.944  1261  1261 E Hyphenator: 	at com.android.internal.os.ZygoteInit.preload(ZygoteInit.java:186)
01-16 14:08:34.944  1261  1261 E Hyphenator: 	at com.android.internal.os.ZygoteInit.main(ZygoteInit.java:593)
01-16 14:08:34.944  1261  1261 E Hyphenator: Caused by: android.system.ErrnoException: open failed: ENOENT (No such file or directory)
01-16 14:08:34.944  1261  1261 E Hyphenator: 	at libcore.io.Posix.open(Native Method)
01-16 14:08:34.944  1261  1261 E Hyphenator: 	at libcore.io.BlockGuardOs.open(BlockGuardOs.java:186)
01-16 14:08:34.944  1261  1261 E Hyphenator: 	at libcore.io.IoBridge.open(IoBridge.java:438)
01-16 14:08:34.944  1261  1261 E Hyphenator: 	... 7 more
01-16 14:08:34.945  1261  1261 E Hyphenator: error loading hyphenation /system/usr/hyphen-data/hyph-nn.pat.txt
01-16 14:08:34.945  1261  1261 E Hyphenator: java.io.FileNotFoundException: /system/usr/hyphen-data/hyph-nn.pat.txt: open failed: ENOENT (No such file or directory)
01-16 14:08:34.945  1261  1261 E Hyphenator: 	at libcore.io.IoBridge.open(IoBridge.java:452)
01-16 14:08:34.945  1261  1261 E Hyphenator: 	at libcore.io.IoUtils$FileReader.<init>(IoUtils.java:207)
01-16 14:08:34.945  1261  1261 E Hyphenator: 	at libcore.io.IoUtils.readFileAsString(IoUtils.java:114)
01-16 14:08:34.945  1261  1261 E Hyphenator: 	at android.text.Hyphenator.loadHyphenator(Hyphenator.java:96)
01-16 14:08:34.945  1261  1261 E Hyphenator: 	at android.text.Hyphenator.init(Hyphenator.java:154)
01-16 14:08:34.945  1261  1261 E Hyphenator: 	at com.android.internal.os.ZygoteInit.preloadTextResources(ZygoteInit.java:207)
01-16 14:08:34.945  1261  1261 E Hyphenator: 	at com.android.internal.os.ZygoteInit.preload(ZygoteInit.java:186)
01-16 14:08:34.945  1261  1261 E Hyphenator: 	at com.android.internal.os.ZygoteInit.main(ZygoteInit.java:593)
01-16 14:08:34.945  1261  1261 E Hyphenator: Caused by: android.system.ErrnoException: open failed: ENOENT (No such file or directory)
01-16 14:08:34.945  1261  1261 E Hyphenator: 	at libcore.io.Posix.open(Native Method)
01-16 14:08:34.945  1261  1261 E Hyphenator: 	at libcore.io.BlockGuardOs.open(BlockGuardOs.java:186)
01-16 14:08:34.945  1261  1261 E Hyphenator: 	at libcore.io.IoBridge.open(IoBridge.java:438)
01-16 14:08:34.945  1261  1261 E Hyphenator: 	... 7 more
01-16 14:08:34.945  1261  1261 E Hyphenator: error loading hyphenation /system/usr/hyphen-data/hyph-sa.pat.txt
01-16 14:08:34.945  1261  1261 E Hyphenator: java.io.FileNotFoundException: /system/usr/hyphen-data/hyph-sa.pat.txt: open failed: ENOENT (No such file or directory)
01-16 14:08:34.945  1261  1261 E Hyphenator: 	at libcore.io.IoBridge.open(IoBridge.java:452)
01-16 14:08:34.945  1261  1261 E Hyphenator: 	at libcore.io.IoUtils$FileReader.<init>(IoUtils.java:207)
01-16 14:08:34.945  1261  1261 E Hyphenator: 	at libcore.io.IoUtils.readFileAsString(IoUtils.java:114)
01-16 14:08:34.945  1261  1261 E Hyphenator: 	at android.text.Hyphenator.loadHyphenator(Hyphenator.java:96)
01-16 14:08:34.945  1261  1261 E Hyphenator: 	at android.text.Hyphenator.init(Hyphenator.java:154)
01-16 14:08:34.945  1261  1261 E Hyphenator: 	at com.android.internal.os.ZygoteInit.preloadTextResources(ZygoteInit.java:207)
01-16 14:08:34.945  1261  1261 E Hyphenator: 	at com.android.internal.os.ZygoteInit.preload(ZygoteInit.java:186)
01-16 14:08:34.945  1261  1261 E Hyphenator: 	at com.android.internal.os.ZygoteInit.main(ZygoteInit.java:593)
01-16 14:08:34.945  1261  1261 E Hyphenator: Caused by: android.system.ErrnoException: open failed: ENOENT (No such file or directory)
01-16 14:08:34.945  1261  1261 E Hyphenator: 	at libcore.io.Posix.open(Native Method)
01-16 14:08:34.945  1261  1261 E Hyphenator: 	at libcore.io.BlockGuardOs.open(BlockGuardOs.java:186)
01-16 14:08:34.945  1261  1261 E Hyphenator: 	at libcore.io.IoBridge.open(IoBridge.java:438)
01-16 14:08:34.945  1261  1261 E Hyphenator: 	... 7 more
01-16 14:08:34.945  1261  1261 E Hyphenator: error loading hyphenation /system/usr/hyphen-data/hyph-und-ethi.pat.txt
01-16 14:08:34.945  1261  1261 E Hyphenator: java.io.FileNotFoundException: /system/usr/hyphen-data/hyph-und-ethi.pat.txt: open failed: ENOENT (No such file or directory)
01-16 14:08:34.945  1261  1261 E Hyphenator: 	at libcore.io.IoBridge.open(IoBridge.java:452)
01-16 14:08:34.945  1261  1261 E Hyphenator: 	at libcore.io.IoUtils$FileReader.<init>(IoUtils.java:207)
01-16 14:08:34.945  1261  1261 E Hyphenator: 	at libcore.io.IoUtils.readFileAsString(IoUtils.java:114)
01-16 14:08:34.945  1261  1261 E Hyphenator: 	at android.text.Hyphenator.loadHyphenator(Hyphenator.java:96)
01-16 14:08:34.945  1261  1261 E Hyphenator: 	at android.text.Hyphenator.init(Hyphenator.java:154)
01-16 14:08:34.945  1261  1261 E Hyphenator: 	at com.android.internal.os.ZygoteInit.preloadTextResources(ZygoteInit.java:207)
01-16 14:08:34.945  1261  1261 E Hyphenator: 	at com.android.internal.os.ZygoteInit.preload(ZygoteInit.java:186)
01-16 14:08:34.945  1261  1261 E Hyphenator: 	at com.android.internal.os.ZygoteInit.main(ZygoteInit.java:593)
01-16 14:08:34.945  1261  1261 E Hyphenator: Caused by: android.system.ErrnoException: open failed: ENOENT (No such file or directory)
01-16 14:08:34.945  1261  1261 E Hyphenator: 	at libcore.io.Posix.open(Native Method)
01-16 14:08:34.945  1261  1261 E Hyphenator: 	at libcore.io.BlockGuardOs.open(BlockGuardOs.java:186)
01-16 14:08:34.945  1261  1261 E Hyphenator: 	at libcore.io.IoBridge.open(IoBridge.java:438)
01-16 14:08:34.945  1261  1261 E Hyphenator: 	... 7 more
01-16 14:08:34.948  1261  1261 D Zygote  : end preload
01-16 14:08:34.948  1261  1261 I art     : Starting a blocking GC Explicit
01-16 14:08:34.957  1261  1261 I art     : Explicit concurrent mark sweep GC freed 13601(804KB) AllocSpace objects, 131(3MB) LOS objects, 66% free, 2018KB/5MB, paused 462us total 8.099ms
01-16 14:08:34.975  1261  1261 I art     : Starting a blocking GC Explicit
01-16 14:08:34.981  1261  1261 I art     : Explicit concurrent mark sweep GC freed 2587(157KB) AllocSpace objects, 31(628KB) LOS objects, 66% free, 1233KB/3MB, paused 346us total 5.916ms
01-16 14:08:34.981  1261  1516 I art     : Starting a blocking GC HeapTrim
01-16 14:08:34.985  1261  1261 I art     : Starting a blocking GC Background
01-16 14:08:35.003  1261  1261 I Zygote  : System server process 1558 has been created
01-16 14:08:35.041  1261  1261 I Zygote  : Accepting command socket connections
01-16 14:08:35.046  1558  1558 I InstallerConnection: connecting...
01-16 14:08:35.047  1256  1256 I installd: new connection
01-16 14:08:35.060  1558  1558 I InstallerConnection: disconnecting...
01-16 14:08:35.061  1256  1256 E installd: eof
01-16 14:08:35.061  1256  1256 E installd: failed to read size
01-16 14:08:35.061  1256  1256 I installd: closing connection
01-16 14:08:35.094  1558  1558 I SystemServer: Entered the Android system server!
01-16 14:08:35.187  1558  1558 I SystemServiceManager: Starting com.android.server.pm.Installer
01-16 14:08:35.191  1558  1558 I Installer: Waiting for installd to be ready.
01-16 14:08:35.191  1558  1558 I InstallerConnection: connecting...
01-16 14:08:35.191  1256  1256 I installd: new connection
01-16 14:08:35.192  1558  1558 I SystemServiceManager: Starting com.android.server.am.ActivityManagerService$Lifecycle
01-16 14:08:35.211  1558  1558 I ActivityManager: Memory class: 384
01-16 14:08:35.215  1558  1572 I ServiceThread: Enabled StrictMode logging for ActivityManager looper.
01-16 14:08:35.217  1558  1573 I ServiceThread: Enabled StrictMode logging for android.ui looper.
01-16 14:08:35.233  1558  1558 D BatteryStatsImpl: Reading daily items from /data/system/batterystats-daily.xml
01-16 14:08:35.288  1558  1558 I IntentFirewall: Read new rules (A:0 B:0 S:0)
01-16 14:08:35.313  1558  1579 I ServiceThread: Enabled StrictMode logging for android.display looper.
01-16 14:08:35.319  1558  1558 D AppOps  : AppOpsService published
01-16 14:08:35.320  1558  1558 I SystemServiceManager: Starting com.android.server.power.PowerManagerService
01-16 14:08:35.323  1558  1581 I ServiceThread: Enabled StrictMode logging for PowerManagerService looper.
01-16 14:08:35.327  1558  1558 E PowerManagerService-JNI: Couldn't load power module (No such file or directory)
01-16 14:08:35.327  1558  1558 W libsuspend: Error writing 'on' to /sys/power/state: Invalid argument
01-16 14:08:35.327  1558  1558 I libsuspend: Selected wakeup count
01-16 14:08:35.328  1558  1558 I SystemServiceManager: Starting com.android.server.lights.LightsService
01-16 14:08:35.331  1558  1558 I SystemServiceManager: Starting com.android.server.display.DisplayManagerService
01-16 14:08:35.337  1558  1558 I SystemServiceManager: Starting phase 100
01-16 14:08:35.339  1238  1343 E SurfaceFlinger: ro.sf.lcd_density must be defined as a build property
01-16 14:08:35.342  1558  1579 I DisplayManagerService: Display device added: DisplayDeviceInfo{"Built-in Screen": uniqueId="local:0", 1080 x 1920, modeId 1, defaultModeId 1, supportedModes [{id=1, width=1080, height=1920, fps=60.000004}], density 420, 420.0 x 420.0 dpi, appVsyncOff 0, presDeadline 17666666, touch INTERNAL, rotation 0, type BUILT_IN, state UNKNOWN, FLAG_DEFAULT_DISPLAY, FLAG_ROTATES_WITH_CONTENT, FLAG_SECURE, FLAG_SUPPORTS_PROTECTED_BUFFERS}
01-16 14:08:35.343  1238  1238 D SurfaceFlinger: Set power mode=2, type=0 flinger=0xb7022000
01-16 14:08:35.343  1238  1238 D SurfaceFlinger: Screen type=0 is already mode=2
01-16 14:08:35.343  1558  1558 I SystemServer: Package Manager
01-16 14:08:35.344  1558  1579 I DisplayManagerService: Display device changed state: "Built-in Screen", ON
01-16 14:08:35.375  1558  1558 W SystemConfig: No directory /system/etc/sysconfig, skipping
01-16 14:08:35.406  1558  1558 D SELinuxMMAC: Using policy file /system/etc/security/mac_permissions.xml
01-16 14:08:35.522  1558  1558 E art     : DexFile_getDexOptNeeded file '/system/framework/org.apache.http.legacy.jar' does not exist
01-16 14:08:35.522  1558  1558 W PackageManager: Library not found: /system/framework/org.apache.http.legacy.jar
01-16 14:08:35.561  1558  1558 D PackageManager: No files in app dir /vendor/overlay
01-16 14:08:35.586  1558  1558 W PackageManager: Failed to parse /system/framework/oat: Missing base APK in /system/framework/oat
01-16 14:08:35.586  1558  1558 W PackageManager: Failed to parse /system/framework/x86: Missing base APK in /system/framework/x86
01-16 14:08:35.632  1558  1558 W PackageParser: No actions in intent filter at /system/priv-app/Contacts/Contacts.apk Binary XML file line #388
01-16 14:08:35.671  1558  1558 W PackageParser: No actions in intent filter at /system/priv-app/Dialer/Dialer.apk Binary XML file line #172
01-16 14:08:35.692  1558  1558 W PackageManager: Permission android.permission.DOWNLOAD_WITHOUT_NOTIFICATION from package com.android.providers.downloads in an unknown group android.permission-group.NETWORK
01-16 14:08:35.740  1558  1558 W PackageManager: Permission com.google.android.googleapps.permission.GOOGLE_AUTH from package com.google.android.gsf in an unknown group android.permission-group.ACCOUNTS
01-16 14:08:35.740  1558  1558 W PackageManager: Permission com.google.android.googleapps.permission.GOOGLE_AUTH.ALL_SERVICES from package com.google.android.gsf in an unknown group android.permission-group.ACCOUNTS
01-16 14:08:35.740  1558  1558 W PackageManager: Permission com.google.android.googleapps.permission.GOOGLE_AUTH.OTHER_SERVICES from package com.google.android.gsf in an unknown group android.permission-group.ACCOUNTS
01-16 14:08:35.740  1558  1558 W PackageManager: Permission com.google.android.googleapps.permission.GOOGLE_AUTH.mail from package com.google.android.gsf in an unknown group android.permission-group.ACCOUNTS
01-16 14:08:35.740  1558  1558 W PackageManager: Permission com.google.android.googleapps.permission.GOOGLE_AUTH.cl from package com.google.android.gsf in an unknown group android.permission-group.ACCOUNTS
01-16 14:08:35.740  1558  1558 W PackageManager: Permission com.google.android.googleapps.permission.GOOGLE_AUTH.android from package com.google.android.gsf in an unknown group android.permission-group.ACCOUNTS
01-16 14:08:35.740  1558  1558 W PackageManager: Permission com.google.android.googleapps.permission.GOOGLE_AUTH.androidsecure from package com.google.android.gsf in an unknown group android.permission-group.ACCOUNTS
01-16 14:08:35.740  1558  1558 W PackageManager: Permission com.google.android.googleapps.permission.GOOGLE_AUTH.sierra from package com.google.android.gsf in an unknown group android.permission-group.ACCOUNTS
01-16 14:08:35.740  1558  1558 W PackageManager: Permission com.google.android.googleapps.permission.GOOGLE_AUTH.sierraqa from package com.google.android.gsf in an unknown group android.permission-group.ACCOUNTS
01-16 14:08:35.741  1558  1558 W PackageManager: Permission com.google.android.googleapps.permission.GOOGLE_AUTH.sierrasandbox from package com.google.android.gsf in an unknown group android.permission-group.ACCOUNTS
01-16 14:08:35.741  1558  1558 W PackageManager: Permission com.google.android.googleapps.permission.GOOGLE_AUTH.youtube from package com.google.android.gsf in an unknown group android.permission-group.ACCOUNTS
01-16 14:08:35.741  1558  1558 W PackageManager: Permission com.google.android.googleapps.permission.GOOGLE_AUTH.YouTubeUser from package com.google.android.gsf in an unknown group android.permission-group.ACCOUNTS
01-16 14:08:35.741  1558  1558 W PackageManager: Permission com.google.android.googleapps.permission.GOOGLE_AUTH.talk from package com.google.android.gsf in an unknown group android.permission-group.ACCOUNTS
01-16 14:08:35.741  1558  1558 W PackageManager: Permission com.google.android.googleapps.permission.GOOGLE_AUTH.ig from package com.google.android.gsf in an unknown group android.permission-group.ACCOUNTS
01-16 14:08:35.741  1558  1558 W PackageManager: Permission com.google.android.googleapps.permission.GOOGLE_AUTH.lh2 from package com.google.android.gsf in an unknown group android.permission-group.ACCOUNTS
01-16 14:08:35.741  1558  1558 W PackageManager: Permission com.google.android.googleapps.permission.GOOGLE_AUTH.mobile from package com.google.android.gsf in an unknown group android.permission-group.ACCOUNTS
01-16 14:08:35.741  1558  1558 W PackageManager: Permission com.google.android.googleapps.permission.GOOGLE_AUTH.cp from package com.google.android.gsf in an unknown group android.permission-group.ACCOUNTS
01-16 14:08:35.741  1558  1558 W PackageManager: Permission com.google.android.googleapps.permission.GOOGLE_AUTH.adsense from package com.google.android.gsf in an unknown group android.permission-group.ACCOUNTS
01-16 14:08:35.742  1558  1558 W PackageManager: Permission com.google.android.googleapps.permission.GOOGLE_AUTH.adwords from package com.google.android.gsf in an unknown group android.permission-group.ACCOUNTS
01-16 14:08:35.742  1558  1558 W PackageManager: Permission com.google.android.googleapps.permission.GOOGLE_AUTH.blogger from package com.google.android.gsf in an unknown group android.permission-group.ACCOUNTS
01-16 14:08:35.742  1558  1558 W PackageManager: Permission com.google.android.googleapps.permission.GOOGLE_AUTH.dodgeball from package com.google.android.gsf in an unknown group android.permission-group.ACCOUNTS
01-16 14:08:35.742  1558  1558 W PackageManager: Permission com.google.android.googleapps.permission.GOOGLE_AUTH.gbase from package com.google.android.gsf in an unknown group android.permission-group.ACCOUNTS
01-16 14:08:35.742  1558  1558 W PackageManager: Permission com.google.android.googleapps.permission.GOOGLE_AUTH.groups2 from package com.google.android.gsf in an unknown group android.permission-group.ACCOUNTS
01-16 14:08:35.742  1558  1558 W PackageManager: Permission com.google.android.googleapps.permission.GOOGLE_AUTH.health from package com.google.android.gsf in an unknown group android.permission-group.ACCOUNTS
01-16 14:08:35.742  1558  1558 W PackageManager: Permission com.google.android.googleapps.permission.GOOGLE_AUTH.jotspot from package com.google.android.gsf in an unknown group android.permission-group.ACCOUNTS
01-16 14:08:35.742  1558  1558 W PackageManager: Permission com.google.android.googleapps.permission.GOOGLE_AUTH.knol from package com.google.android.gsf in an unknown group android.permission-group.ACCOUNTS
01-16 14:08:35.742  1558  1558 W PackageManager: Permission com.google.android.googleapps.permission.GOOGLE_AUTH.news from package com.google.android.gsf in an unknown group android.permission-group.ACCOUNTS
01-16 14:08:35.742  1558  1558 W PackageManager: Permission com.google.android.googleapps.permission.GOOGLE_AUTH.orkut from package com.google.android.gsf in an unknown group android.permission-group.ACCOUNTS
01-16 14:08:35.742  1558  1558 W PackageManager: Permission com.google.android.googleapps.permission.GOOGLE_AUTH.print from package com.google.android.gsf in an unknown group android.permission-group.ACCOUNTS
01-16 14:08:35.742  1558  1558 W PackageManager: Permission com.google.android.googleapps.permission.GOOGLE_AUTH.sitemaps from package com.google.android.gsf in an unknown group android.permission-group.ACCOUNTS
01-16 14:08:35.742  1558  1558 W PackageManager: Permission com.google.android.googleapps.permission.GOOGLE_AUTH.wifi from package com.google.android.gsf in an unknown group android.permission-group.ACCOUNTS
01-16 14:08:35.742  1558  1558 W PackageManager: Permission com.google.android.googleapps.permission.GOOGLE_AUTH.finance from package com.google.android.gsf in an unknown group android.permission-group.ACCOUNTS
01-16 14:08:35.742  1558  1558 W PackageManager: Permission com.google.android.googleapps.permission.GOOGLE_AUTH.local from package com.google.android.gsf in an unknown group android.permission-group.ACCOUNTS
01-16 14:08:35.742  1558  1558 W PackageManager: Permission com.google.android.googleapps.permission.GOOGLE_AUTH.ah from package com.google.android.gsf in an unknown group android.permission-group.ACCOUNTS
01-16 14:08:35.742  1558  1558 W PackageManager: Permission com.google.android.googleapps.permission.GOOGLE_AUTH.notebook from package com.google.android.gsf in an unknown group android.permission-group.ACCOUNTS
01-16 14:08:35.742  1558  1558 W PackageManager: Permission com.google.android.googleapps.permission.GOOGLE_AUTH.writely from package com.google.android.gsf in an unknown group android.permission-group.ACCOUNTS
01-16 14:08:35.742  1558  1558 W PackageManager: Permission com.google.android.googleapps.permission.GOOGLE_AUTH.wise from package com.google.android.gsf in an unknown group android.permission-group.ACCOUNTS
01-16 14:08:35.742  1558  1558 W PackageManager: Permission com.google.android.googleapps.permission.GOOGLE_AUTH.grandcentral from package com.google.android.gsf in an unknown group android.permission-group.ACCOUNTS
01-16 14:08:35.742  1558  1558 W PackageManager: Permission com.google.android.googleapps.permission.GOOGLE_AUTH.speechpersonalization from package com.google.android.gsf in an unknown group android.permission-group.ACCOUNTS
01-16 14:08:35.742  1558  1558 W PackageManager: Permission com.google.android.googleapps.permission.GOOGLE_AUTH.speech from package com.google.android.gsf in an unknown group android.permission-group.ACCOUNTS
01-16 14:08:35.742  1558  1558 W PackageManager: Permission com.google.android.providers.talk.permission.READ_ONLY from package com.google.android.gsf in an unknown group android.permission-group.MESSAGES
01-16 14:08:35.742  1558  1558 W PackageManager: Permission com.google.android.providers.talk.permission.WRITE_ONLY from package com.google.android.gsf in an unknown group android.permission-group.MESSAGES
01-16 14:08:35.742  1558  1558 W PackageManager: Permission com.google.android.gtalkservice.permission.GTALK_SERVICE from package com.google.android.gsf in an unknown group android.permission-group.MESSAGES
01-16 14:08:35.742  1558  1558 W PackageManager: Permission com.google.android.gtalkservice.permission.SEND_HEARTBEAT from package com.google.android.gsf in an unknown group android.permission-group.NETWORK
01-16 14:08:35.742  1558  1558 W PackageManager: Permission com.google.android.permission.BROADCAST_DATA_MESSAGE from package com.google.android.gsf in an unknown group android.permission-group.NETWORK
01-16 14:08:35.742  1558  1558 W PackageManager: Permission com.google.android.c2dm.permission.SEND from package com.google.android.gsf in an unknown group android.permission-group.NETWORK
01-16 14:08:35.742  1558  1558 W PackageManager: Permission com.google.android.c2dm.permission.RECEIVE from package com.google.android.gsf in an unknown group android.permission-group.NETWORK
01-16 14:08:35.743  1558  1558 W PackageManager: Permission com.google.android.xmpp.permission.BROADCAST from package com.google.android.gsf in an unknown group android.permission-group.NETWORK
01-16 14:08:35.743  1558  1558 W PackageManager: Permission com.google.android.xmpp.permission.SEND_RECEIVE from package com.google.android.gsf in an unknown group android.permission-group.NETWORK
01-16 14:08:35.743  1558  1558 W PackageManager: Permission com.google.android.xmpp.permission.XMPP_ENDPOINT_BROADCAST from package com.google.android.gsf in an unknown group android.permission-group.NETWORK
01-16 14:08:35.743  1558  1558 W PackageManager: Permission com.google.android.xmpp.permission.USE_XMPP_ENDPOINT from package com.google.android.gsf in an unknown group android.permission-group.NETWORK
01-16 14:08:35.743  1558  1558 W PackageManager: Permission com.google.android.providers.gsf.permission.READ_GSERVICES from package com.google.android.gsf in an unknown group android.permission-group.ACCOUNTS
01-16 14:08:35.879  1255  1255 I AudioPolicyService: AudioPolicyService CSTOR in new mode
01-16 14:08:35.881  1255  1255 I APM::ConfigParsingUtils: loadAudioPolicyConfig() loaded /system/etc/audio_policy.conf
01-16 14:08:35.883  1255  1255 D audio_hw_generic: Emulator without host-side ALSA audio emulation detected.
01-16 14:08:35.884  1255  1255 I AudioFlinger: loadHwModule() Loaded primary audio interface from Generic audio HW HAL (audio) handle 1
01-16 14:08:35.885  1255  1255 I AudioFlinger: openOutput(), module 1 Device 2, SamplingRate 44100, Format 0x000001, Channels 3, flags 2
01-16 14:08:35.886  1255  1255 I AudioFlinger: AudioStreamOut::open(), mHalFormatIsLinearPcm = 1
01-16 14:08:35.887  1255  1255 I AudioFlinger: HAL output buffer size 1024 frames, normal sink buffer size 1024 frames
01-16 14:08:35.895  1255  1255 I BufferProvider: found effect "Multichannel Downmix To Stereo" from The Android Open Source Project
01-16 14:08:35.895  1255  1255 I AudioFlinger: Using module 1 has the primary audio interface
01-16 14:08:35.895  1255  1588 I AudioFlinger: AudioFlinger's thread 0xb4440000 ready to run
01-16 14:08:35.904  1255  1255 E audio_hw_generic: Error opening input stream format 1, channel_mask 0010, sample_rate 16000
01-16 14:08:35.904  1255  1589 I AudioFlinger: AudioFlinger's thread 0xb4240000 ready to run
01-16 14:08:35.904  1255  1255 E AudioFlinger: int android::load_audio_interface(const char*, audio_hw_device_t**) couldn't load audio hw module audio.r_submix (No such file or directory)
01-16 14:08:35.904  1255  1255 I AudioFlinger: loadHwModule() error -2 loading module r_submix 
01-16 14:08:35.904  1255  1255 W APM::AudioPolicyManager: could not open HW module r_submix
01-16 14:08:35.904  1255  1255 W APM::AudioPolicyManager: Input device 80000100 unreachable
01-16 14:08:35.908  1255  1588 E AudioFlinger: no wake lock to update!
01-16 14:08:35.909  1255  1255 E SoundTriggerHwService: couldn't load sound trigger module sound_trigger.primary (No such file or directory)
01-16 14:08:35.909  1255  1255 I RadioService: RadioService
01-16 14:08:35.909  1255  1255 I RadioService: onFirstRef
01-16 14:08:35.909  1255  1255 E RadioService: couldn't load radio module radio.primary (No such file or directory)
01-16 14:08:35.978  1558  1558 W PackageManager: Permission com.google.android.gms.permission.ACTIVITY_RECOGNITION from package com.google.android.gms in an unknown group android.permission-group.PERSONAL_INFO
01-16 14:08:36.030  1558  1558 W PackageParser: Ignoring duplicate uses-permissions/uses-permissions-sdk-m: android.permission.USE_CREDENTIALS in package: com.android.settings at: Binary XML file line #55
01-16 14:08:36.030  1558  1558 W PackageParser: Ignoring duplicate uses-permissions/uses-permissions-sdk-m: android.permission.READ_SYNC_SETTINGS in package: com.android.settings at: Binary XML file line #60
01-16 14:08:36.030  1558  1558 W PackageParser: Ignoring duplicate uses-permissions/uses-permissions-sdk-m: android.permission.WRITE_SYNC_SETTINGS in package: com.android.settings at: Binary XML file line #61
01-16 14:08:36.102  1558  1558 W PackageParser: Ignoring duplicate uses-permissions/uses-permissions-sdk-m: android.permission.INSTALL_GRANT_RUNTIME_PERMISSIONS in package: com.android.shell at: Binary XML file line #101
01-16 14:08:36.134  1558  1558 W PackageParser: Ignoring duplicate uses-permissions/uses-permissions-sdk-m: android.permission.CONFIGURE_WIFI_DISPLAY in package: com.android.systemui at: Binary XML file line #119
01-16 14:08:36.256  1558  1558 W PackageManager: Permission com.google.android.launcher.permission.READ_SETTINGS from package com.google.android.googlequicksearchbox in an unknown group android.permission-group.SYSTEM_TOOLS
01-16 14:08:36.256  1558  1558 W PackageManager: Permission com.google.android.launcher.permission.WRITE_SETTINGS from package com.google.android.googlequicksearchbox in an unknown group android.permission-group.SYSTEM_TOOLS
01-16 14:08:36.256  1558  1558 W PackageManager: Permission com.android.launcher.permission.INSTALL_SHORTCUT from package com.google.android.googlequicksearchbox in an unknown group android.permission-group.SYSTEM_TOOLS
01-16 14:08:36.427  1558  1558 W PackageParser: Ignoring duplicate uses-permissions/uses-permissions-sdk-m: android.permission.WRITE_CONTACTS in package: com.android.email at: Binary XML file line #40
01-16 14:08:36.576  1558  1558 W PackageManager: Permission com.android.vending.CHECK_LICENSE from package com.android.vending in an unknown group android.permission-group.NETWORK
01-16 14:08:36.622  1558  1558 W PackageParser: Ignoring duplicate uses-permissions/uses-permissions-sdk-m: android.permission.WAKE_LOCK in package: com.google.android.apps.maps at: Binary XML file line #96
01-16 14:08:36.755  1558  1558 W PackageParser: Problem in package /system/app/Photos/Photos.apk:
01-16 14:08:36.755  1558  1558 W PackageParser: Unknown element under <activity>: category at /system/app/Photos/Photos.apk Binary XML file line #802
01-16 14:08:36.773  1558  1558 W PackageManager: Permission com.google.android.apps.photos.permission.GOOGLE_PHOTOS_PROVIDER from package com.google.android.apps.photos in an unknown group android.permission-group.PERSONAL_INFO
01-16 14:08:36.929  1558  1558 D PackageManager: No files in app dir /system/vendor/app
01-16 14:08:36.929  1558  1558 D PackageManager: No files in app dir /oem/app
01-16 14:08:36.961  1558  1558 W PackageParser: No actions in intent filter at /data/app/ApiDemos/ApiDemos.apk Binary XML file line #3082
01-16 14:08:36.961  1558  1558 W PackageParser: No actions in intent filter at /data/app/ApiDemos/ApiDemos.apk Binary XML file line #3088
01-16 14:08:36.962  1558  1558 W PackageManager: Package com.example.android.apis desires unavailable shared library com.example.will.never.exist; ignoring!
01-16 14:08:36.967  1558  1558 I SELinux : SELinux: Loaded file_contexts contexts from /file_contexts.
01-16 14:08:37.025  1558  1558 D PackageManager: No files in app dir /data/app-private
01-16 14:08:37.025  1558  1558 W PackageManager: Package com.google.android.gms desires unavailable shared library com.google.android.ble; ignoring!
01-16 14:08:37.025  1558  1558 W PackageManager: Package com.example.android.apis desires unavailable shared library com.example.will.never.exist; ignoring!
01-16 14:08:37.025  1558  1558 I PackageManager: Adjusting ABI for : com.google.android.gsf to x86
01-16 14:08:37.026  1558  1558 I PackageManager: Adjusting ABI for : com.google.android.gsf.login to x86
01-16 14:08:37.026  1558  1558 I PackageManager: Adjusting ABI for : com.android.keychain to x86
01-16 14:08:37.027  1558  1558 I PackageManager: Adjusting ABI for : com.android.server.telecom to x86
01-16 14:08:37.027  1558  1558 I PackageManager: Adjusting ABI for : com.android.location.fused to x86
01-16 14:08:37.027  1558  1558 I PackageManager: Adjusting ABI for : com.android.inputdevices to x86
01-16 14:08:37.027  1558  1558 I PackageManager: Adjusting ABI for : com.android.settings to x86
01-16 14:08:37.027  1558  1558 I PackageManager: Adjusting ABI for : com.android.providers.settings to x86
01-16 14:08:37.028  1558  1558 I PackageManager: Time to scan packages: 1.521 seconds
01-16 14:08:37.029  1558  1558 W PackageManager: Unknown permission com.google.android.voicesearch.SHORTCUTS_ACCESS in package com.google.android.googlequicksearchbox
01-16 14:08:37.029  1558  1558 W PackageManager: Unknown permission com.google.android.voicesearch.ACCESS_SETTINGS in package com.google.android.googlequicksearchbox
01-16 14:08:37.029  1558  1558 W PackageManager: Unknown permission com.google.android.ears.permission.WRITE in package com.google.android.googlequicksearchbox
01-16 14:08:37.029  1558  1558 W PackageManager: Unknown permission com.google.android.apps.googlevoice.permission.AUTO_SEND in package com.google.android.googlequicksearchbox
01-16 14:08:37.029  1558  1558 W PackageManager: Unknown permission com.google.android.gm.permission.AUTO_SEND in package com.google.android.googlequicksearchbox
01-16 14:08:37.029  1558  1558 W PackageManager: Unknown permission com.google.android.hangouts.START_HANGOUT in package com.google.android.googlequicksearchbox
01-16 14:08:37.029  1558  1558 W PackageManager: Unknown permission com.android.chrome.PRERENDER_URL in package com.google.android.googlequicksearchbox
01-16 14:08:37.029  1558  1558 W PackageManager: Unknown permission com.google.android.launcher.permission.CONTENT_REDIRECT in package com.google.android.googlequicksearchbox
01-16 14:08:37.029  1558  1558 W PackageManager: Not granting permission com.google.android.googleapps.permission.GOOGLE_AUTH to package com.android.providers.calendar (protectionLevel=2 flags=0x30083e45)
01-16 14:08:37.030  1558  1558 W PackageManager: Not granting permission com.google.android.googleapps.permission.GOOGLE_AUTH.cl to package com.android.providers.calendar (protectionLevel=2 flags=0x30083e45)
01-16 14:08:37.032  1558  1558 W PackageManager: Not granting permission android.permission.ACCESS_DOWNLOAD_MANAGER to package com.android.browser (protectionLevel=18 flags=0x3809be45)
01-16 14:08:37.032  1558  1558 W PackageManager: Not granting permission android.permission.SEND_DOWNLOAD_COMPLETED_INTENTS to package com.android.browser (protectionLevel=2 flags=0x3809be45)
01-16 14:08:37.033  1558  1558 W PackageManager: Unknown permission com.android.launcher.permission.READ_SETTINGS in package com.android.launcher3
01-16 14:08:37.033  1558  1558 W PackageManager: Unknown permission com.android.launcher.permission.WRITE_SETTINGS in package com.android.launcher3
01-16 14:08:37.033  1558  1558 W PackageManager: Not granting permission com.google.android.googleapps.permission.GOOGLE_AUTH.mail to package com.android.calendar (protectionLevel=2 flags=0x3009be45)
01-16 14:08:37.034  1558  1558 W PackageManager: Unknown permission android.permission.MANAGE_SOUND_TRIGGER in package com.google.android.gms
01-16 14:08:37.034  1558  1558 W PackageManager: Unknown permission com.google.android.apps.enterprise.dmagent.permission.AutoSyncPermission in package com.google.android.gms
01-16 14:08:37.034  1558  1558 W PackageManager: Unknown permission android.permission.CONNECTIVITY_USE_RESTRICTED_NETWORKS in package com.google.android.gms
01-16 14:08:37.034  1558  1558 W PackageManager: Unknown permission android.permission.SEND_SMS_NO_CONFIRMATION in package com.google.android.gms
01-16 14:08:37.034  1558  1558 W PackageManager: Unknown permission android.permission.TETHER_PRIVILEGED in package com.google.android.gms
01-16 14:08:37.034  1558  1558 W PackageManager: Unknown permission com.google.android.hangouts.START_HANGOUT in package com.google.android.gms
01-16 14:08:37.034  1558  1558 W PackageManager: Unknown permission android.permission.READ_OEM_UNLOCK_STATE in package com.google.android.gms
01-16 14:08:37.034  1558  1558 W PackageManager: Unknown permission com.google.android.wearable.READ_SETTINGS in package com.google.android.gms
01-16 14:08:37.034  1558  1558 W PackageManager: Unknown permission android.permission.SUBSTITUTE_NOTIFICATION_APP_NAME in package com.google.android.gms
01-16 14:08:37.035  1558  1558 W PackageManager: Unknown permission com.android.vending.setup.PLAY_SETUP_SERVICE in package com.google.android.gms
01-16 14:08:37.035  1558  1558 W PackageManager: Unknown permission com.google.android.vending.verifier.ACCESS_VERIFIER in package com.google.android.gms
01-16 14:08:37.035  1558  1558 W PackageManager: Unknown permission com.google.android.gm.permission.READ_GMAIL in package com.google.android.gms
01-16 14:08:37.035  1558  1558 W PackageManager: Not granting permission android.permission.DELETE_PACKAGES to package com.svox.pico (protectionLevel=18 flags=0x3808be45)
01-16 14:08:37.035  1558  1558 W PackageManager: Not granting permission android.permission.READ_CONTACTS to package com.example.android.apis because it was previously installed without
01-16 14:08:37.035  1558  1558 W PackageManager: Not granting permission android.permission.WRITE_CONTACTS to package com.example.android.apis because it was previously installed without
01-16 14:08:37.035  1558  1558 W PackageManager: Not granting permission android.permission.ACCESS_COARSE_LOCATION to package com.example.android.apis because it was previously installed without
01-16 14:08:37.035  1558  1558 W PackageManager: Not granting permission android.permission.WRITE_EXTERNAL_STORAGE to package com.example.android.apis because it was previously installed without
01-16 14:08:37.035  1558  1558 W PackageManager: Not granting permission android.permission.SEND_SMS to package com.example.android.apis because it was previously installed without
01-16 14:08:37.035  1558  1558 W PackageManager: Not granting permission android.permission.RECEIVE_SMS to package com.example.android.apis because it was previously installed without
01-16 14:08:37.035  1558  1558 W PackageManager: Not granting permission android.permission.RECEIVE_MMS to package com.example.android.apis because it was previously installed without
01-16 14:08:37.035  1558  1558 W PackageManager: Not granting permission android.permission.READ_SMS to package com.example.android.apis because it was previously installed without
01-16 14:08:37.035  1558  1558 W PackageManager: Not granting permission android.permission.READ_PHONE_STATE to package com.example.android.apis because it was previously installed without
01-16 14:08:37.035  1558  1558 W PackageManager: Not granting permission android.permission.RECORD_AUDIO to package com.example.android.apis because it was previously installed without
01-16 14:08:37.035  1558  1558 W PackageManager: Not granting permission android.permission.CAMERA to package com.example.android.apis because it was previously installed without
01-16 14:08:37.035  1558  1558 W PackageManager: Not granting permission android.permission.READ_EXTERNAL_STORAGE to package com.example.android.apis because it was previously installed without
01-16 14:08:37.036  1558  1558 W PackageManager: Unknown permission com.google.android.gallery3d.permission.PICASA_STORE in package com.google.android.apps.photos
01-16 14:08:37.036  1558  1558 W PackageManager: Not granting permission android.permission.CONTROL_KEYGUARD to package com.google.android.gsf.login (protectionLevel=2 flags=0x3048be45)
01-16 14:08:37.036  1558  1558 W PackageManager: Unknown permission com.android.vending.billing.BILLING_ACCOUNT_SERVICE in package com.google.android.gsf.login
01-16 14:08:37.036  1558  1558 W PackageManager: Unknown permission com.android.vending.billing.ADD_CREDIT_CARD in package com.google.android.gsf.login
