01-16 14:08:37.036  1558  1558 W PackageManager: Unknown permission com.android.vending.billing.IBillingAccountService.BIND2 in package com.google.android.gsf.login
01-16 14:08:37.036  1558  1558 W PackageManager: Unknown permission com.android.vending.TOS_ACKED in package com.google.android.gsf.login
01-16 14:08:37.036  1558  1558 W PackageManager: Unknown permission com.android.chrome.TOS_ACKED in package com.google.android.gsf.login
01-16 14:08:37.036  1558  1558 W PackageManager: Unknown permission com.android.launcher.permission.READ_SETTINGS in package com.android.settings
01-16 14:08:37.036  1558  1558 W PackageManager: Unknown permission com.android.launcher.permission.WRITE_SETTINGS in package com.android.settings
01-16 14:08:37.036  1558  1558 W PackageManager: Unknown permission com.android.smspush.WAPPUSH_MANAGER_BIND in package com.android.phone
01-16 14:08:37.037  1558  1558 W PackageManager: Not granting permission android.permission.BIND_APPWIDGET to package com.android.widgetpreview (protectionLevel=18 flags=0x1808be44)
01-16 14:08:37.140  1558  1558 I art     : Starting a blocking GC Explicit
01-16 14:08:37.154  1558  1558 I art     : Explicit concurrent mark sweep GC freed 14114(938KB) AllocSpace objects, 2(40KB) LOS objects, 33% free, 4MB/6MB, paused 474us total 13.765ms
01-16 14:08:37.155  1558  1558 I SystemServer: User Service
01-16 14:08:37.162  1228  1228 I lowmemorykiller: ActivityManager connected
01-16 14:08:37.164  1558  1558 D SensorService: nuSensorService starting...
01-16 14:08:37.168  1558  1558 I SystemServiceManager: Starting com.android.server.BatteryService
01-16 14:08:37.171  1558  1592 D SensorService: new thread SensorEventAckReceiver
01-16 14:08:37.171  1558  1593 D SensorService: nuSensorService thread starting...
01-16 14:08:37.179  1558  1558 I SystemServiceManager: Starting com.android.server.usage.UsageStatsService
01-16 14:08:37.182  1558  1572 E KernelCpuSpeedReader: Failed to read cpu-freq
01-16 14:08:37.182  1558  1572 E KernelCpuSpeedReader: java.io.FileNotFoundException: /sys/devices/system/cpu/cpu0/cpufreq/stats/time_in_state: open failed: ENOENT (No such file or directory)
01-16 14:08:37.182  1558  1572 E KernelCpuSpeedReader: 	at libcore.io.IoBridge.open(IoBridge.java:452)
01-16 14:08:37.182  1558  1572 E KernelCpuSpeedReader: 	at java.io.FileInputStream.<init>(FileInputStream.java:76)
01-16 14:08:37.182  1558  1572 E KernelCpuSpeedReader: 	at java.io.FileInputStream.<init>(FileInputStream.java:103)
01-16 14:08:37.182  1558  1572 E KernelCpuSpeedReader: 	at java.io.FileReader.<init>(FileReader.java:66)
01-16 14:08:37.182  1558  1572 E KernelCpuSpeedReader: 	at com.android.internal.os.KernelCpuSpeedReader.readDelta(KernelCpuSpeedReader.java:49)
01-16 14:08:37.182  1558  1572 E KernelCpuSpeedReader: 	at com.android.internal.os.BatteryStatsImpl.updateCpuTimeLocked(BatteryStatsImpl.java:8002)
01-16 14:08:37.182  1558  1572 E KernelCpuSpeedReader: 	at com.android.internal.os.BatteryStatsImpl$MyHandler.handleMessage(BatteryStatsImpl.java:155)
01-16 14:08:37.182  1558  1572 E KernelCpuSpeedReader: 	at android.os.Handler.dispatchMessage(Handler.java:102)
01-16 14:08:37.182  1558  1572 E KernelCpuSpeedReader: 	at android.os.Looper.loop(Looper.java:148)
01-16 14:08:37.182  1558  1572 E KernelCpuSpeedReader: 	at android.os.HandlerThread.run(HandlerThread.java:61)
01-16 14:08:37.182  1558  1572 E KernelCpuSpeedReader: 	at com.android.server.ServiceThread.run(ServiceThread.java:46)
01-16 14:08:37.182  1558  1572 E KernelCpuSpeedReader: Caused by: android.system.ErrnoException: open failed: ENOENT (No such file or directory)
01-16 14:08:37.182  1558  1572 E KernelCpuSpeedReader: 	at libcore.io.Posix.open(Native Method)
01-16 14:08:37.182  1558  1572 E KernelCpuSpeedReader: 	at libcore.io.BlockGuardOs.open(BlockGuardOs.java:186)
01-16 14:08:37.182  1558  1572 E KernelCpuSpeedReader: 	at libcore.io.IoBridge.open(IoBridge.java:438)
01-16 14:08:37.182  1558  1572 E KernelCpuSpeedReader: 	... 10 more
01-16 14:08:37.182  1558  1572 E KernelUidCpuTimeReader: Failed to read uid_cputime
01-16 14:08:37.182  1558  1572 E KernelUidCpuTimeReader: java.io.FileNotFoundException: /proc/uid_cputime/show_uid_stat: open failed: ENOENT (No such file or directory)
01-16 14:08:37.182  1558  1572 E KernelUidCpuTimeReader: 	at libcore.io.IoBridge.open(IoBridge.java:452)
01-16 14:08:37.182  1558  1572 E KernelUidCpuTimeReader: 	at java.io.FileInputStream.<init>(FileInputStream.java:76)
01-16 14:08:37.182  1558  1572 E KernelUidCpuTimeReader: 	at java.io.FileInputStream.<init>(FileInputStream.java:103)
01-16 14:08:37.182  1558  1572 E KernelUidCpuTimeReader: 	at java.io.FileReader.<init>(FileReader.java:66)
01-16 14:08:37.182  1558  1572 E KernelUidCpuTimeReader: 	at com.android.internal.os.KernelUidCpuTimeReader.readDelta(KernelUidCpuTimeReader.java:71)
01-16 14:08:37.182  1558  1572 E KernelUidCpuTimeReader: 	at com.android.internal.os.BatteryStatsImpl.updateCpuTimeLocked(BatteryStatsImpl.java:8031)
01-16 14:08:37.182  1558  1572 E KernelUidCpuTimeReader: 	at com.android.internal.os.BatteryStatsImpl$MyHandler.handleMessage(BatteryStatsImpl.java:155)
01-16 14:08:37.182  1558  1572 E KernelUidCpuTimeReader: 	at android.os.Handler.dispatchMessage(Handler.java:102)
01-16 14:08:37.182  1558  1572 E KernelUidCpuTimeReader: 	at android.os.Looper.loop(Looper.java:148)
01-16 14:08:37.182  1558  1572 E KernelUidCpuTimeReader: 	at android.os.HandlerThread.run(HandlerThread.java:61)
01-16 14:08:37.182  1558  1572 E KernelUidCpuTimeReader: 	at com.android.server.ServiceThread.run(ServiceThread.java:46)
01-16 14:08:37.182  1558  1572 E KernelUidCpuTimeReader: Caused by: android.system.ErrnoException: open failed: ENOENT (No such file or directory)
01-16 14:08:37.182  1558  1572 E KernelUidCpuTimeReader: 	at libcore.io.Posix.open(Native Method)
01-16 14:08:37.182  1558  1572 E KernelUidCpuTimeReader: 	at libcore.io.BlockGuardOs.open(BlockGuardOs.java:186)
01-16 14:08:37.182  1558  1572 E KernelUidCpuTimeReader: 	at libcore.io.IoBridge.open(IoBridge.java:438)
01-16 14:08:37.182  1558  1572 E KernelUidCpuTimeReader: 	... 10 more
01-16 14:08:37.192  1558  1558 I SystemServiceManager: Starting com.android.server.webkit.WebViewUpdateService
01-16 14:08:37.202  1558  1558 I SystemServer: Reading configuration...
01-16 14:08:37.202  1558  1558 I SystemServer: Scheduling Policy
01-16 14:08:37.202  1558  1558 I SystemServiceManager: Starting com.android.server.telecom.TelecomLoaderService
01-16 14:08:37.203  1558  1558 I SystemServer: Telephony Registry
01-16 14:08:37.208  1558  1558 I SystemServer: Entropy Mixer
01-16 14:08:37.209  1558  1558 I EntropyMixer: Writing entropy...
01-16 14:08:37.237  1558  1558 I SystemServer: Camera Service
01-16 14:08:37.237  1558  1558 I SystemServiceManager: Starting com.android.server.camera.CameraService
01-16 14:08:37.241  1558  1596 I ServiceThread: Enabled StrictMode logging for CameraService_proxy looper.
01-16 14:08:37.242  1558  1558 I SystemServer: Account Manager
01-16 14:08:37.246  1558  1558 I SystemServer: Content Manager
01-16 14:08:37.249  1558  1558 I SystemServer: System Content Providers
01-16 14:08:37.282  1558  1558 W System  : ClassLoader referenced unknown path: /system/priv-app/SettingsProvider/lib/x86
01-16 14:08:37.304  1558  1558 I SystemServer: Vibrator Service
01-16 14:08:37.308  1558  1558 I SystemServer: Consumer IR Service
01-16 14:08:37.308  1558  1558 E ConsumerIrService: Can't open consumer IR HW Module, error: -2
01-16 14:08:37.309  1558  1558 I SystemServiceManager: Starting com.android.server.AlarmManagerService
01-16 14:08:37.321  1558  1558 W AlarmManagerService: no wall clock RTC found
01-16 14:08:37.321  1558  1558 D AlarmManagerService: Kernel timezone updated to 480 minutes west of GMT
01-16 14:08:37.324  1558  1558 I SystemServer: Init Watchdog
01-16 14:08:37.324  1558  1558 I SystemServer: Input Manager
01-16 14:08:37.325  1558  1558 I InputManager: Initializing input manager, mUseDevInputEventForAudioJack=false
01-16 14:08:37.332  1558  1558 I SystemServer: Window Manager
01-16 14:08:37.358  1558  1579 I WindowManager: No existing display settings /data/system/display_settings.xml; starting empty
01-16 14:08:37.463  1558  1558 I InputManager: Starting input manager
01-16 14:08:37.467  1558  1558 I SystemServer: No Bluetooh Service (emulator)
01-16 14:08:37.467  1558  1558 I SystemServer: Input Method Service
01-16 14:08:37.475  1558  1604 D EventHub: No input device configuration file found for device 'Power Button'.
01-16 14:08:37.480  1558  1604 W EventHub: Unable to disable kernel key repeat for /dev/input/event0: Function not implemented
01-16 14:08:37.481  1558  1604 I EventHub: New device: id=1, fd=75, path='/dev/input/event0', name='Power Button', classes=0x1, configuration='', keyLayout='/system/usr/keylayout/Generic.kl', keyCharacterMap='/system/usr/keychars/Generic.kcm', builtinKeyboard=false, wakeMechanism=EPOLLWAKEUP, usingClockIoctl=true
01-16 14:08:37.487  1558  1604 W EventHub: Unable to disable kernel key repeat for /dev/input/event1: Function not implemented
01-16 14:08:37.487  1558  1604 I EventHub: New device: id=2, fd=77, path='/dev/input/event1', name='qwerty2', classes=0x37, configuration='/system/usr/idc/qwerty2.idc', keyLayout='/system/usr/keylayout/qwerty.kl', keyCharacterMap='/system/usr/keychars/qwerty2.kcm', builtinKeyboard=true, wakeMechanism=EPOLLWAKEUP, usingClockIoctl=true
01-16 14:08:37.487  1558  1604 E EventHub: could not get driver version for /dev/input/mice, Not a typewriter
01-16 14:08:37.508  1558  1558 I SystemServer: Accessibility Manager
01-16 14:08:37.522  1558  1558 I ActivityManager: Config changes=1df8 {1.0 ?mcc?mnc en_US ldltr sw411dp w411dp h731dp 420dpi nrml long port ?uimode ?night -touch -keyb/v/h -nav/h s.2}
01-16 14:08:37.525  1238  1238 E SurfaceFlinger: ro.sf.lcd_density must be defined as a build property
01-16 14:08:37.525  1238  1238 D SurfaceFlinger: Set active config mode=0, type=0 flinger=0xb7022000
01-16 14:08:37.525  1238  1238 D SurfaceFlinger: Screen type=0 is already mode=0
01-16 14:08:37.530  1558  1558 I ActivityManager: Config changes=500 {1.0 ?mcc?mnc en_US ldltr sw411dp w411dp h659dp 420dpi nrml port ?uimode ?night -touch -keyb/v/h -nav/h s.3}
01-16 14:08:37.532  1558  1604 I InputReader: Device added: id=-1, name='Virtual', sources=0x00000301
01-16 14:08:37.535  1558  1604 I InputReader:   Touch device 'qwerty2' could not query the properties of its associated display.  The device will be inoperable until the display size becomes available.
01-16 14:08:37.535  1558  1558 I SystemServiceManager: Starting com.android.server.MountService$Lifecycle
01-16 14:08:37.535  1558  1604 I InputReader: Device added: id=0, name='qwerty2', sources=0x00001303
01-16 14:08:37.535  1558  1604 I InputReader: Device added: id=1, name='Power Button', sources=0x00000101
01-16 14:08:37.535  1558  1604 I InputReader: Reconfiguring input devices.  changes=0x00000004
01-16 14:08:37.535  1558  1604 I InputReader: Device reconfigured: id=0, name='qwerty2', size 1080x1920, orientation 0, mode 1, display id 0
01-16 14:08:37.536  1558  1603 I ActivityManager: Config changes=68 {1.0 ?mcc?mnc en_US ldltr sw411dp w411dp h659dp 420dpi nrml port ?uimode ?night finger -keyb/v/h dpad/v s.4}
01-16 14:08:37.553  1558  1605 D MountService: Thinking about reset, mSystemReady=false, mDaemonConnected=true
01-16 14:08:37.553  1558  1605 D MountService: Thinking about reset, mSystemReady=false, mDaemonConnected=true
01-16 14:08:37.553  1558  1558 I SystemServiceManager: Starting com.android.server.UiModeManagerService
01-16 14:08:37.554  1558  1605 D CryptdConnector: SND -> {1 cryptfs getfield SystemLocale}
01-16 14:08:37.564  1196  1243 I Ext4Crypt: ext4 crypto complete called on /data
01-16 14:08:37.564  1196  1243 I Ext4Crypt: No master key, so not ext4enc
01-16 14:08:37.565  1558  1607 D CryptdConnector: RCV <- {200 1 -1}
01-16 14:08:37.567  1558  1558 I ActivityManager: Config changes=200 {1.0 ?mcc?mnc en_US ldltr sw411dp w411dp h659dp 420dpi nrml port finger -keyb/v/h dpad/v s.5}
01-16 14:08:37.572  1558  1605 W MountService: No primary storage mounted!
01-16 14:08:37.572  1558  1605 D VoldConnector: SND -> {1 asec list}
01-16 14:08:37.575  1558  1606 D VoldConnector: RCV <- {200 1 asec operation succeeded}
01-16 14:08:37.575  1558  1605 I PackageManager: No secure containers found
01-16 14:08:37.576  1558  1605 W PackageManager: Unknown permission com.google.android.voicesearch.SHORTCUTS_ACCESS in package com.google.android.googlequicksearchbox
01-16 14:08:37.576  1558  1605 W PackageManager: Unknown permission com.google.android.voicesearch.ACCESS_SETTINGS in package com.google.android.googlequicksearchbox
01-16 14:08:37.576  1558  1605 W PackageManager: Unknown permission com.google.android.ears.permission.WRITE in package com.google.android.googlequicksearchbox
01-16 14:08:37.576  1558  1605 W PackageManager: Unknown permission com.google.android.apps.googlevoice.permission.AUTO_SEND in package com.google.android.googlequicksearchbox
01-16 14:08:37.576  1558  1605 W PackageManager: Unknown permission com.google.android.gm.permission.AUTO_SEND in package com.google.android.googlequicksearchbox
01-16 14:08:37.576  1558  1605 W PackageManager: Unknown permission com.google.android.hangouts.START_HANGOUT in package com.google.android.googlequicksearchbox
01-16 14:08:37.576  1558  1605 W PackageManager: Unknown permission com.android.chrome.PRERENDER_URL in package com.google.android.googlequicksearchbox
01-16 14:08:37.576  1558  1605 W PackageManager: Unknown permission com.google.android.launcher.permission.CONTENT_REDIRECT in package com.google.android.googlequicksearchbox
01-16 14:08:37.576  1558  1605 W PackageManager: Not granting permission com.google.android.googleapps.permission.GOOGLE_AUTH to package com.android.providers.calendar (protectionLevel=2 flags=0x30083e45)
01-16 14:08:37.576  1558  1605 W PackageManager: Not granting permission com.google.android.googleapps.permission.GOOGLE_AUTH.cl to package com.android.providers.calendar (protectionLevel=2 flags=0x30083e45)
01-16 14:08:37.576  1558  1605 W PackageManager: Not granting permission android.permission.ACCESS_DOWNLOAD_MANAGER to package com.android.browser (protectionLevel=18 flags=0x3809be45)
01-16 14:08:37.576  1558  1605 W PackageManager: Not granting permission android.permission.SEND_DOWNLOAD_COMPLETED_INTENTS to package com.android.browser (protectionLevel=2 flags=0x3809be45)
01-16 14:08:37.576  1558  1605 W PackageManager: Unknown permission com.android.launcher.permission.READ_SETTINGS in package com.android.launcher3
01-16 14:08:37.577  1558  1605 W PackageManager: Unknown permission com.android.launcher.permission.WRITE_SETTINGS in package com.android.launcher3
01-16 14:08:37.577  1558  1605 W PackageManager: Not granting permission com.google.android.googleapps.permission.GOOGLE_AUTH.mail to package com.android.calendar (protectionLevel=2 flags=0x3009be45)
01-16 14:08:37.577  1558  1605 W PackageManager: Unknown permission android.permission.MANAGE_SOUND_TRIGGER in package com.google.android.gms
01-16 14:08:37.577  1558  1605 W PackageManager: Unknown permission com.google.android.apps.enterprise.dmagent.permission.AutoSyncPermission in package com.google.android.gms
01-16 14:08:37.577  1558  1605 W PackageManager: Unknown permission android.permission.CONNECTIVITY_USE_RESTRICTED_NETWORKS in package com.google.android.gms
01-16 14:08:37.577  1558  1605 W PackageManager: Unknown permission android.permission.SEND_SMS_NO_CONFIRMATION in package com.google.android.gms
01-16 14:08:37.577  1558  1605 W PackageManager: Unknown permission android.permission.TETHER_PRIVILEGED in package com.google.android.gms
01-16 14:08:37.577  1558  1605 W PackageManager: Unknown permission com.google.android.hangouts.START_HANGOUT in package com.google.android.gms
01-16 14:08:37.577  1558  1605 W PackageManager: Unknown permission android.permission.READ_OEM_UNLOCK_STATE in package com.google.android.gms
01-16 14:08:37.577  1558  1605 W PackageManager: Unknown permission com.google.android.wearable.READ_SETTINGS in package com.google.android.gms
01-16 14:08:37.577  1558  1605 W PackageManager: Unknown permission android.permission.SUBSTITUTE_NOTIFICATION_APP_NAME in package com.google.android.gms
01-16 14:08:37.577  1558  1605 W PackageManager: Unknown permission com.android.vending.setup.PLAY_SETUP_SERVICE in package com.google.android.gms
01-16 14:08:37.577  1558  1605 W PackageManager: Unknown permission com.google.android.vending.verifier.ACCESS_VERIFIER in package com.google.android.gms
01-16 14:08:37.577  1558  1605 W PackageManager: Unknown permission com.google.android.gm.permission.READ_GMAIL in package com.google.android.gms
01-16 14:08:37.578  1558  1605 W PackageManager: Not granting permission android.permission.DELETE_PACKAGES to package com.svox.pico (protectionLevel=18 flags=0x3808be45)
01-16 14:08:37.578  1558  1605 W PackageManager: Not granting permission android.permission.READ_CONTACTS to package com.example.android.apis because it was previously installed without
01-16 14:08:37.578  1558  1605 W PackageManager: Not granting permission android.permission.WRITE_CONTACTS to package com.example.android.apis because it was previously installed without
01-16 14:08:37.578  1558  1605 W PackageManager: Not granting permission android.permission.ACCESS_COARSE_LOCATION to package com.example.android.apis because it was previously installed without
01-16 14:08:37.578  1558  1605 W PackageManager: Not granting permission android.permission.WRITE_EXTERNAL_STORAGE to package com.example.android.apis because it was previously installed without
01-16 14:08:37.578  1558  1605 W PackageManager: Not granting permission android.permission.SEND_SMS to package com.example.android.apis because it was previously installed without
01-16 14:08:37.578  1558  1605 W PackageManager: Not granting permission android.permission.RECEIVE_SMS to package com.example.android.apis because it was previously installed without
01-16 14:08:37.578  1558  1605 W PackageManager: Not granting permission android.permission.RECEIVE_MMS to package com.example.android.apis because it was previously installed without
01-16 14:08:37.578  1558  1605 W PackageManager: Not granting permission android.permission.READ_SMS to package com.example.android.apis because it was previously installed without
01-16 14:08:37.578  1558  1605 W PackageManager: Not granting permission android.permission.READ_PHONE_STATE to package com.example.android.apis because it was previously installed without
01-16 14:08:37.578  1558  1605 W PackageManager: Not granting permission android.permission.RECORD_AUDIO to package com.example.android.apis because it was previously installed without
01-16 14:08:37.578  1558  1605 W PackageManager: Not granting permission android.permission.CAMERA to package com.example.android.apis because it was previously installed without
01-16 14:08:37.578  1558  1605 W PackageManager: Not granting permission android.permission.READ_EXTERNAL_STORAGE to package com.example.android.apis because it was previously installed without
01-16 14:08:37.578  1558  1605 W PackageManager: Unknown permission com.google.android.gallery3d.permission.PICASA_STORE in package com.google.android.apps.photos
01-16 14:08:37.578  1558  1605 W PackageManager: Not granting permission android.permission.CONTROL_KEYGUARD to package com.google.android.gsf.login (protectionLevel=2 flags=0x3048be45)
01-16 14:08:37.578  1558  1605 W PackageManager: Unknown permission com.android.vending.billing.BILLING_ACCOUNT_SERVICE in package com.google.android.gsf.login
01-16 14:08:37.579  1558  1605 W PackageManager: Unknown permission com.android.vending.billing.ADD_CREDIT_CARD in package com.google.android.gsf.login
01-16 14:08:37.579  1558  1605 W PackageManager: Unknown permission com.android.vending.billing.IBillingAccountService.BIND2 in package com.google.android.gsf.login
01-16 14:08:37.579  1558  1605 W PackageManager: Unknown permission com.android.vending.TOS_ACKED in package com.google.android.gsf.login
01-16 14:08:37.579  1558  1605 W PackageManager: Unknown permission com.android.chrome.TOS_ACKED in package com.google.android.gsf.login
01-16 14:08:37.579  1558  1605 W PackageManager: Unknown permission com.android.launcher.permission.READ_SETTINGS in package com.android.settings
01-16 14:08:37.579  1558  1605 W PackageManager: Unknown permission com.android.launcher.permission.WRITE_SETTINGS in package com.android.settings
01-16 14:08:37.579  1558  1605 W PackageManager: Unknown permission com.android.smspush.WAPPUSH_MANAGER_BIND in package com.android.phone
01-16 14:08:37.580  1558  1605 W PackageManager: Not granting permission android.permission.BIND_APPWIDGET to package com.android.widgetpreview (protectionLevel=18 flags=0x1808be44)
01-16 14:08:37.644  1558  1571 I UsageStatsService: User[0] Rollover scheduled @ 2017-01-15 16:00:00(1484524800000)
01-16 14:08:37.644  1558  1571 I UsageStatsService: User[0] Rolling over usage stats
01-16 14:08:37.644  1558  1571 I UsageStatsService: User[0] Flushing usage stats to disk
01-16 14:08:37.688  1558  1605 W MountService: No primary storage defined yet; hacking together a stub
01-16 14:08:37.689  1558  1605 W MountService: No primary storage defined yet; hacking together a stub
01-16 14:08:37.690  1558  1558 I SystemServer: LockSettingsService
01-16 14:08:37.692  1558  1605 W MountService: No primary storage mounted!
01-16 14:08:37.692  1558  1605 D VoldConnector: SND -> {2 asec list}
01-16 14:08:37.692  1558  1558 I SystemServiceManager: Starting com.android.server.DeviceIdleController
01-16 14:08:37.692  1558  1606 D VoldConnector: RCV <- {200 2 asec operation succeeded}
01-16 14:08:37.694  1558  1558 I SystemServiceManager: Starting com.android.server.devicepolicy.DevicePolicyManagerService$Lifecycle
01-16 14:08:37.700  1558  1558 I SystemServer: Status Bar
01-16 14:08:37.740  1558  1558 I SystemServer: Clipboard Service
01-16 14:08:37.742  1558  1558 I SystemServer: NetworkManagement Service
01-16 14:08:37.744  1558  1571 I UsageStatsService: User[0] Rollover scheduled @ 2017-01-16 16:00:00(1484611200000)
01-16 14:08:37.744  1558  1571 I UsageStatsService: User[0] Rolling over usage stats complete. Took 100 milliseconds
01-16 14:08:37.747  1558  1558 I SystemServer: Text Service Manager Service
01-16 14:08:37.750  1558  1558 I SystemServer: Network Score Service
01-16 14:08:37.751  1558  1558 I SystemServer: NetworkStats Service
01-16 14:08:37.765  1558  1558 I SystemServer: NetworkPolicy Service
01-16 14:08:37.782  1558  1558 I SystemServiceManager: Starting com.android.server.wifi.p2p.WifiP2pService
01-16 14:08:37.808  1558  1558 I WifiP2pService: Registering wifip2p
01-16 14:08:37.810  1558  1558 I SystemServiceManager: Starting com.android.server.wifi.WifiService
01-16 14:08:37.916  1558  1558 D HS20    : Passpoint is disabled
01-16 14:08:37.956  1558  1558 D WifiController: isAirplaneModeOn = false, isWifiEnabled = false, isScanningAvailable = false
01-16 14:08:37.957  1558  1558 I WifiService: Registering wifi
01-16 14:08:37.958  1558  1558 I SystemServiceManager: Starting com.android.server.wifi.WifiScanningService
01-16 14:08:37.958  1558  1558 I WifiScanningService: Creating wifiscanner
01-16 14:08:37.958  1558  1558 I WifiScanningService: Starting wifiscanner
01-16 14:08:37.960  1558  1558 I SystemServiceManager: Starting com.android.server.wifi.RttService
01-16 14:08:37.960  1558  1558 I RttService: Creating rttmanager
01-16 14:08:37.960  1558  1558 I RttService: Starting rttmanager
01-16 14:08:37.961  1558  1558 I SystemServer: Connectivity Service
01-16 14:08:37.963  1558  1558 D ConnectivityService: ConnectivityService starting up
01-16 14:08:37.969  1558  1558 D ConnectivityService: wifiOnly=false
01-16 14:08:37.975  1558  1558 I SystemServer: Network Service Discovery Service
01-16 14:08:37.977  1558  1558 D NsdService: Network service discovery enabled true
01-16 14:08:37.982  1558  1558 I SystemServer: UpdateLock Service
01-16 14:08:37.984  1558  1558 I SystemServiceManager: Starting com.android.server.notification.NotificationManagerService
01-16 14:08:38.028  1558  1558 I SystemServiceManager: Starting com.android.server.storage.DeviceStorageMonitorService
01-16 14:08:38.032  1558  1558 I SystemServer: Location Manager
01-16 14:08:38.037  1558  1558 I SystemServer: Country Detector
01-16 14:08:38.039  1558  1558 I SystemServer: Search Service
01-16 14:08:38.042  1558  1558 I SystemServer: DropBox Service
01-16 14:08:38.043  1558  1558 I SystemServer: Wallpaper Service
01-16 14:08:38.047  1558  1558 I SystemServer: Audio Service
01-16 14:08:38.055  1255  1590 D PermissionCache: checking android.permission.MODIFY_AUDIO_SETTINGS for uid=1000 => granted (510 us)
01-16 14:08:38.055  1558  1558 W TelecomManager: Telecom Service not found.
01-16 14:08:38.069  1558  1558 I SystemServiceManager: Starting com.android.server.DockObserver
01-16 14:08:38.071  1558  1558 W DockObserver: This kernel does not have dock station support
01-16 14:08:38.072  1558  1558 I SystemServer: Wired Accessory Manager
01-16 14:08:38.074  1558  1558 W WiredAccessoryManager: This kernel does not have wired headset support
01-16 14:08:38.074  1558  1558 W WiredAccessoryManager: This kernel does not have usb audio support
01-16 14:08:38.074  1558  1558 W WiredAccessoryManager: This kernel does not have HDMI audio support
01-16 14:08:38.074  1558  1558 I SystemServiceManager: Starting com.android.server.midi.MidiService$Lifecycle
01-16 14:08:38.082  1558  1558 I SystemServiceManager: Starting com.android.server.usb.UsbService$Lifecycle
01-16 14:08:38.090  1558  1558 E AlsaCardRecord: Failed to parse line 0 of /proc/asound/cards: ---
01-16 14:08:38.091  1558  1558 E UsbDeviceManager: failed to write to /sys/class/android_usb/android0/f_rndis/ethaddr
01-16 14:08:38.096  1558  1558 E UsbDeviceManagerJNI: could not open /dev/usb_accessory
01-16 14:08:38.102  1558  1558 I SystemServer: Serial Service
01-16 14:08:38.103  1558  1558 I SystemServiceManager: Starting com.android.server.twilight.TwilightService
01-16 14:08:38.106  1558  1558 I SystemServiceManager: Starting com.android.server.job.JobSchedulerService
01-16 14:08:38.114  1558  1558 I SystemServiceManager: Starting com.android.server.backup.BackupManagerService$Lifecycle
01-16 14:08:38.117  1558  1558 I SystemServiceManager: Starting com.android.server.appwidget.AppWidgetService
01-16 14:08:38.121  1558  1558 I SystemServiceManager: Starting com.android.server.voiceinteraction.VoiceInteractionManagerService
01-16 14:08:38.123  1255  1255 D PermissionCache: checking android.permission.CAPTURE_AUDIO_HOTWORD for uid=1000 => granted (531 us)
01-16 14:08:38.124  1558  1558 W SoundTriggerHelper: listModules status=0, # of modules=0
01-16 14:08:38.126  1558  1558 I SystemServer: DiskStats Service
01-16 14:08:38.127  1558  1558 I SystemServer: SamplingProfiler Service
01-16 14:08:38.144  1558  1558 I SystemServer: NetworkTimeUpdateService
01-16 14:08:38.145  1558  1558 I SystemServer: CommonTimeManagementService
01-16 14:08:38.147  1558  1558 I SystemServer: CertBlacklister
01-16 14:08:38.148  1558  1558 I SystemServiceManager: Starting com.android.server.dreams.DreamManagerService
01-16 14:08:38.153  1558  1612 D WifiApConfigStore: 2G band allowed channels are:1,6,11
01-16 14:08:38.153  1558  1558 I SystemServer: Assets Atlas Service
01-16 14:08:38.159  1558  1558 I SystemServiceManager: Starting com.android.server.print.PrintManagerService
01-16 14:08:38.164  1558  1558 I SystemServiceManager: Starting com.android.server.restrictions.RestrictionsManagerService
01-16 14:08:38.166  1558  1558 I SystemServiceManager: Starting com.android.server.media.MediaSessionService
01-16 14:08:38.175  1558  1558 I SystemServer: Media Router Service
01-16 14:08:38.178  1558  1558 I SystemServiceManager: Starting com.android.server.trust.TrustManagerService
01-16 14:08:38.184  1558  1623 D AssetAtlas: Loaded configuration: SliceMinArea (832x2048) flags=0x2 count=6
01-16 14:08:38.184  1238  1447 D gralloc_ranchu: gralloc_alloc: format 1 and usage 0x100 imply creation of host color buffer
01-16 14:08:38.185  1558  1558 I SystemServiceManager: Starting com.android.server.fingerprint.FingerprintService
01-16 14:08:38.234  1558  1623 D         : HostConnection::get() New Host Connection established 0xaa2b4340, tid 1623
01-16 14:08:38.243  1284  1284 D PermissionCache: checking android.permission.MANAGE_FINGERPRINT for uid=1000 => granted (8733 us)
01-16 14:08:38.243  1284  1284 V fingerprintd: nativeOpenHal()
01-16 14:08:38.256  1284  1284 D FingerprintHal: ----------------> fingerprint_open ----------------->
01-16 14:08:38.256  1284  1284 D FingerprintHal: ----------------> loadFingerprints ----------------->
01-16 14:08:38.256  1284  1284 E FingerprintHal: Could not load fingerprints from storage at /data/system/users/0/fpdata/emulator_fingerprint_storage.bin; it has not yet been created.
01-16 14:08:38.256  1284  1284 D FingerprintHal: ----------------> set_notify_callback ----------------->
01-16 14:08:38.256  1284  1284 D FingerprintHal: fingerprint callback notification set
01-16 14:08:38.256  1284  1284 V fingerprintd: fingerprint HAL successfully initialized
01-16 14:08:38.257  1284  1284 V fingerprintd: setActiveGroup(0, /data/system/users/0/fpdata, 27)
01-16 14:08:38.257  1284  1284 W FingerprintHal: Setting active finger group not implemented
01-16 14:08:38.257  1284  1624 D FingerprintHal: ----------------> listenerFunction ----------------->
01-16 14:08:38.258  1558  1558 V FingerprintService: Fingerprint HAL id: -1223004160
01-16 14:08:38.258  1558  1558 I SystemServer: BackgroundDexOptService
01-16 14:08:38.261  1558  1558 I SystemServiceManager: Starting com.android.server.pm.LauncherAppsService
01-16 14:08:38.263  1558  1558 I SystemServiceManager: Starting com.android.server.media.projection.MediaProjectionManagerService
01-16 14:08:38.272  1558  1558 I WindowManager: SAFE MODE not enabled
01-16 14:08:38.274  1558  1558 I SystemServiceManager: Starting com.android.server.MmsServiceBroker
01-16 14:08:38.302  1558  1558 E LockSettingsStorage: Cannot read file java.io.FileNotFoundException: /data/system/gatekeeper.password.key: open failed: ENOENT (No such file or directory)
01-16 14:08:38.302  1558  1558 E LockSettingsStorage: Cannot read file java.io.FileNotFoundException: /data/system/password.key: open failed: ENOENT (No such file or directory)
01-16 14:08:38.302  1558  1558 E LockSettingsStorage: Cannot read file java.io.FileNotFoundException: /data/system/gatekeeper.pattern.key: open failed: ENOENT (No such file or directory)
01-16 14:08:38.302  1558  1558 E LockSettingsStorage: Cannot read file java.io.FileNotFoundException: /data/system/gatekeeper.gesture.key: open failed: ENOENT (No such file or directory)
01-16 14:08:38.302  1558  1558 E LockSettingsStorage: Cannot read file java.io.FileNotFoundException: /data/system/gesture.key: open failed: ENOENT (No such file or directory)
01-16 14:08:38.303  1558  1558 I SystemServiceManager: Starting phase 480
01-16 14:08:38.308  1558  1558 I SystemServiceManager: Starting phase 500
01-16 14:08:38.312  1558  1558 I WifiService: WifiService starting up with Wi-Fi disabled
01-16 14:08:38.319  1558  1613 D WifiService: New client listening to asynchronous messages
01-16 14:08:38.322  1558  1558 I WifiScanningService: Registering wifiscanner
01-16 14:08:38.326  1558  1558 I RttService: Registering rttmanager
01-16 14:08:38.334  1558  1558 V BackupManagerService: No ancestral data
01-16 14:08:38.368  1558  1558 V KeyValueBackupJob: Scheduling k/v pass in 242 minutes
01-16 14:08:38.373  1558  1623 W         : Process pipe failed
01-16 14:08:38.494  1558  1623 D AssetAtlas: Rendered atlas in 118.08ms (25.06+93.02ms)
01-16 14:08:38.495  1238  1340 D         : HostConnection::get() New Host Connection established 0xb6cd4080, tid 1340
01-16 14:08:38.507  1558  1558 V BackupManagerService: Starting with transport com.google.android.gms/.backup.BackupTransportService
01-16 14:08:38.507  1558  1558 V BackupManagerService: Found transports: 2
01-16 14:08:38.511  1558  1558 I BackupManagerService: Found stale backup journal, scheduling
01-16 14:08:38.555  1558  1572 E KernelCpuSpeedReader: Failed to read cpu-freq
01-16 14:08:38.555  1558  1572 E KernelCpuSpeedReader: java.io.FileNotFoundException: /sys/devices/system/cpu/cpu0/cpufreq/stats/time_in_state: open failed: ENOENT (No such file or directory)
01-16 14:08:38.555  1558  1572 E KernelCpuSpeedReader: 	at libcore.io.IoBridge.open(IoBridge.java:452)
01-16 14:08:38.555  1558  1572 E KernelCpuSpeedReader: 	at java.io.FileInputStream.<init>(FileInputStream.java:76)
01-16 14:08:38.555  1558  1572 E KernelCpuSpeedReader: 	at java.io.FileInputStream.<init>(FileInputStream.java:103)
01-16 14:08:38.555  1558  1572 E KernelCpuSpeedReader: 	at java.io.FileReader.<init>(FileReader.java:66)
01-16 14:08:38.555  1558  1572 E KernelCpuSpeedReader: 	at com.android.internal.os.KernelCpuSpeedReader.readDelta(KernelCpuSpeedReader.java:49)
01-16 14:08:38.555  1558  1572 E KernelCpuSpeedReader: 	at com.android.internal.os.BatteryStatsImpl.updateCpuTimeLocked(BatteryStatsImpl.java:8002)
01-16 14:08:38.555  1558  1572 E KernelCpuSpeedReader: 	at com.android.internal.os.BatteryStatsImpl$MyHandler.handleMessage(BatteryStatsImpl.java:155)
01-16 14:08:38.555  1558  1572 E KernelCpuSpeedReader: 	at android.os.Handler.dispatchMessage(Handler.java:102)
01-16 14:08:38.555  1558  1572 E KernelCpuSpeedReader: 	at android.os.Looper.loop(Looper.java:148)
01-16 14:08:38.555  1558  1572 E KernelCpuSpeedReader: 	at android.os.HandlerThread.run(HandlerThread.java:61)
01-16 14:08:38.555  1558  1572 E KernelCpuSpeedReader: 	at com.android.server.ServiceThread.run(ServiceThread.java:46)
01-16 14:08:38.555  1558  1572 E KernelCpuSpeedReader: Caused by: android.system.ErrnoException: open failed: ENOENT (No such file or directory)
01-16 14:08:38.555  1558  1572 E KernelCpuSpeedReader: 	at libcore.io.Posix.open(Native Method)
01-16 14:08:38.555  1558  1572 E KernelCpuSpeedReader: 	at libcore.io.BlockGuardOs.open(BlockGuardOs.java:186)
01-16 14:08:38.555  1558  1572 E KernelCpuSpeedReader: 	at libcore.io.IoBridge.open(IoBridge.java:438)
01-16 14:08:38.555  1558  1572 E KernelCpuSpeedReader: 	... 10 more
01-16 14:08:38.556  1558  1572 E KernelUidCpuTimeReader: Failed to read uid_cputime
01-16 14:08:38.556  1558  1572 E KernelUidCpuTimeReader: java.io.FileNotFoundException: /proc/uid_cputime/show_uid_stat: open failed: ENOENT (No such file or directory)
01-16 14:08:38.556  1558  1572 E KernelUidCpuTimeReader: 	at libcore.io.IoBridge.open(IoBridge.java:452)
01-16 14:08:38.556  1558  1572 E KernelUidCpuTimeReader: 	at java.io.FileInputStream.<init>(FileInputStream.java:76)
01-16 14:08:38.556  1558  1572 E KernelUidCpuTimeReader: 	at java.io.FileInputStream.<init>(FileInputStream.java:103)
01-16 14:08:38.556  1558  1572 E KernelUidCpuTimeReader: 	at java.io.FileReader.<init>(FileReader.java:66)
01-16 14:08:38.556  1558  1572 E KernelUidCpuTimeReader: 	at com.android.internal.os.KernelUidCpuTimeReader.readDelta(KernelUidCpuTimeReader.java:71)
01-16 14:08:38.556  1558  1572 E KernelUidCpuTimeReader: 	at com.android.internal.os.BatteryStatsImpl.updateCpuTimeLocked(BatteryStatsImpl.java:8031)
01-16 14:08:38.556  1558  1572 E KernelUidCpuTimeReader: 	at com.android.internal.os.BatteryStatsImpl$MyHandler.handleMessage(BatteryStatsImpl.java:155)
01-16 14:08:38.556  1558  1572 E KernelUidCpuTimeReader: 	at android.os.Handler.dispatchMessage(Handler.java:102)
01-16 14:08:38.556  1558  1572 E KernelUidCpuTimeReader: 	at android.os.Looper.loop(Looper.java:148)
01-16 14:08:38.556  1558  1572 E KernelUidCpuTimeReader: 	at android.os.HandlerThread.run(HandlerThread.java:61)
01-16 14:08:38.556  1558  1572 E KernelUidCpuTimeReader: 	at com.android.server.ServiceThread.run(ServiceThread.java:46)
01-16 14:08:38.556  1558  1572 E KernelUidCpuTimeReader: Caused by: android.system.ErrnoException: open failed: ENOENT (No such file or directory)
01-16 14:08:38.556  1558  1572 E KernelUidCpuTimeReader: 	at libcore.io.Posix.open(Native Method)
01-16 14:08:38.556  1558  1572 E KernelUidCpuTimeReader: 	at libcore.io.BlockGuardOs.open(BlockGuardOs.java:186)
01-16 14:08:38.556  1558  1572 E KernelUidCpuTimeReader: 	at libcore.io.IoBridge.open(IoBridge.java:438)
01-16 14:08:38.556  1558  1572 E KernelUidCpuTimeReader: 	... 10 more
01-16 14:08:38.557  1558  1581 W KeyguardServiceDelegate: onScreenTurningOn(): no keyguard service!
01-16 14:08:38.561  1558  1558 I ActivityManager: System now ready
01-16 14:08:38.564  1558  1558 I SystemServer: Making services ready
01-16 14:08:38.565  1558  1558 I SystemServiceManager: Starting phase 550
01-16 14:08:38.567  1558  1605 D MountService: Thinking about reset, mSystemReady=true, mDaemonConnected=true
01-16 14:08:38.568  1558  1605 D VoldConnector: SND -> {3 volume reset}
01-16 14:08:38.568  1558  1572 I ActivityManager: Force stopping com.android.providers.media appid=10006 user=-1: vold reset
01-16 14:08:38.568  1196  1242 D vold    : Recognized experimental block major ID 253 as virtio-blk (emulator's virtual SD card device)
01-16 14:08:38.568  1196  1242 V vold    : /system/bin/sgdisk
01-16 14:08:38.568  1196  1242 V vold    :     --android-dump
01-16 14:08:38.568  1196  1242 V vold    :     /dev/block/vold/disk:253,48
01-16 14:08:38.568  1558  1606 D VoldConnector: RCV <- {651 emulated 7}
01-16 14:08:38.568  1558  1606 D VoldConnector: RCV <- {659 emulated}
01-16 14:08:38.569  1558  1606 D VoldConnector: RCV <- {650 emulated 2 "" ""}
01-16 14:08:38.569  1558  1606 D VoldConnector: RCV <- {651 emulated 0}
01-16 14:08:38.569  1558  1606 D VoldConnector: RCV <- {651 public:253,48 7}
01-16 14:08:38.569  1558  1606 D VoldConnector: RCV <- {659 public:253,48}
01-16 14:08:38.569  1558  1606 D VoldConnector: RCV <- {649 disk:253,48}
01-16 14:08:38.569  1558  1606 D VoldConnector: RCV <- {640 disk:253,48 5}
01-16 14:08:38.569  1558  1606 D VoldConnector: RCV <- {641 disk:253,48 104857600}
01-16 14:08:38.569  1558  1606 D VoldConnector: RCV <- {642 disk:253,48 Virtual}
01-16 14:08:38.569  1558  1606 D VoldConnector: RCV <- {644 disk:253,48 /sys//devices/pci0000:00/0000:00:05.0/virtio3/block/vdd}
01-16 14:08:38.579  1196  1242 V vold    : DISK mbr
01-16 14:08:38.581  1196  1242 W vold    : disk:253,48 has unknown partition table; trying entire device
01-16 14:08:38.581  1196  1242 V vold    : /system/bin/blkid
01-16 14:08:38.581  1196  1242 V vold    :     -c
01-16 14:08:38.581  1196  1242 V vold    :     /dev/null
01-16 14:08:38.581  1196  1242 V vold    :     -s
01-16 14:08:38.581  1196  1242 V vold    :     TYPE
01-16 14:08:38.581  1196  1242 V vold    :     -s
01-16 14:08:38.581  1196  1242 V vold    :     UUID
01-16 14:08:38.581  1196  1242 V vold    :     -s
01-16 14:08:38.581  1196  1242 V vold    :     LABEL
01-16 14:08:38.582  1196  1242 V vold    :     /dev/block/vold/disk:253,48
01-16 14:08:38.595  1196  1242 V vold    : /dev/block/vold/disk:253,48: LABEL="SDCARD" UUID="1EF8-131D" TYPE="vfat" 
01-16 14:08:38.596  1558  1606 D VoldConnector: RCV <- {650 public:253,48 0 "disk:253,48" ""}
01-16 14:08:38.597  1558  1606 D VoldConnector: RCV <- {651 public:253,48 0}
01-16 14:08:38.597  1558  1606 D VoldConnector: RCV <- {643 disk:253,48}
01-16 14:08:38.598  1558  1606 D VoldConnector: RCV <- {200 3 Command succeeded}
01-16 14:08:38.598  1558  1605 D VoldConnector: SND -> {4 volume user_added 0 0}
01-16 14:08:38.598  1558  1606 D VoldConnector: RCV <- {200 4 Command succeeded}
01-16 14:08:38.600  1558  1574 V MountService: Found primary storage at VolumeInfo{emulated}:
01-16 14:08:38.600  1558  1574 V MountService:     type=EMULATED diskId=null partGuid=null mountFlags=0 mountUserId=-1 
01-16 14:08:38.600  1558  1574 V MountService:     state=UNMOUNTED 
01-16 14:08:38.600  1558  1574 V MountService:     fsType=null fsUuid=null fsLabel=null 
01-16 14:08:38.600  1558  1574 V MountService:     path=null internalPath=null 
01-16 14:08:38.600  1558  1605 D VoldConnector: SND -> {5 volume mount emulated 3 -1}
01-16 14:08:38.601  1196  1242 V vold    : Waiting for FUSE to spin up...
01-16 14:08:38.601  1558  1606 D VoldConnector: RCV <- {651 emulated 1}
01-16 14:08:38.601  1558  1606 D VoldConnector: RCV <- {656 emulated /data/media}
01-16 14:08:38.601  1558  1606 D VoldConnector: RCV <- {655 emulated /storage/emulated}
01-16 14:08:38.602  1558  1558 I SystemServer: WebViewFactory preparation
01-16 14:08:38.619  1558  1558 I Zygote  : Process: zygote socket opened, supported ABIS: x86
01-16 14:08:38.619  1261  1565 I art     : Starting a blocking GC HeapTrim
01-16 14:08:38.630  1558  1558 I ActivityManager: Start proc 1645:WebViewLoader-x86/1037 [android.webkit.WebViewFactory$RelroFileCreator] for 
01-16 14:08:38.646  1558  1558 I ActivityManager: Start proc 1652:com.android.systemui/u0a15 for service com.android.systemui/.SystemUIService
01-16 14:08:38.647  1558  1558 D NetworkManagement: enabling bandwidth control
01-16 14:08:38.651  1645  1645 V WebViewFactory: RelroFileCreator (64bit = false),  32-bit lib: /system/app/webview/webview.apk!/lib/x86/libwebviewchromium.so, 64-bit lib: 
01-16 14:08:38.652  1558  1606 D VoldConnector: RCV <- {651 emulated 2}
01-16 14:08:38.652  1558  1606 D VoldConnector: RCV <- {200 5 Command succeeded}
01-16 14:08:38.663  1558  1572 I ActivityManager: Start proc 1673:android.process.media/u0a6 for broadcast com.android.providers.media/.MtpReceiver
01-16 14:08:38.664  1558  1605 D VoldConnector: SND -> {6 volume mount public:253,48 2 0}
01-16 14:08:38.664  1196  1242 V vold    : /system/bin/blkid
01-16 14:08:38.664  1196  1242 V vold    :     -c
01-16 14:08:38.664  1196  1242 V vold    :     /dev/null
01-16 14:08:38.664  1196  1242 V vold    :     -s
01-16 14:08:38.664  1196  1242 V vold    :     TYPE
01-16 14:08:38.664  1196  1242 V vold    :     -s
01-16 14:08:38.664  1196  1242 V vold    :     UUID
01-16 14:08:38.664  1196  1242 V vold    :     -s
01-16 14:08:38.664  1196  1242 V vold    :     LABEL
01-16 14:08:38.664  1196  1242 V vold    :     /dev/block/vold/public:253,48
01-16 14:08:38.664  1558  1606 D VoldConnector: RCV <- {651 public:253,48 1}
01-16 14:08:38.694  1558  1572 I ActivityManager: Start proc 1680:com.android.externalstorage/u0a7 for broadcast com.android.externalstorage/.MountReceiver
01-16 14:08:38.716  1652  1652 W System  : ClassLoader referenced unknown path: /system/priv-app/SystemUI/lib/x86
01-16 14:08:38.738  1196  1242 V vold    : /dev/block/vold/public:253,48: LABEL="SDCARD" UUID="1EF8-131D" TYPE="vfat" 
01-16 14:08:38.739  1196  1242 V vold    : /system/bin/fsck_msdos
01-16 14:08:38.739  1196  1242 V vold    :     -p
01-16 14:08:38.739  1196  1242 V vold    :     -f
01-16 14:08:38.739  1196  1242 V vold    :     /dev/block/vold/public:253,48
01-16 14:08:38.739  1558  1606 D VoldConnector: RCV <- {652 public:253,48 vfat}
01-16 14:08:38.739  1558  1606 D VoldConnector: RCV <- {653 public:253,48 1EF8-131D}
01-16 14:08:38.739  1558  1606 D VoldConnector: RCV <- {654 public:253,48 SDCARD}
01-16 14:08:38.744  1652  1652 V SystemUIService: Starting SystemUI services.
01-16 14:08:38.756  1196  1242 I fsck_msdos: ** /dev/block/vold/public:253,48
01-16 14:08:38.757  1196  1242 I fsck_msdos: ** Phase 1 - Read and Compare FATs
01-16 14:08:38.758  1196  1242 I fsck_msdos: Attempting to allocate 794 KB for FAT
01-16 14:08:38.771  1196  1242 I fsck_msdos: Attempting to allocate 794 KB for FAT
01-16 14:08:38.779  1680  1680 W System  : ClassLoader referenced unknown path: /system/priv-app/ExternalStorageProvider/lib/x86
01-16 14:08:38.784  1673  1673 W System  : ClassLoader referenced unknown path: /system/priv-app/MediaProvider/lib/x86
01-16 14:08:38.794  1680  1680 D ExternalStorage: After updating volumes, found 1 active roots
01-16 14:08:38.795  1196  1242 I fsck_msdos: ** Phase 2 - Check Cluster Chains
01-16 14:08:38.796  1673  1673 W System  : ClassLoader referenced unknown path: /system/priv-app/DownloadProvider/lib/x86
01-16 14:08:38.796  1196  1242 I fsck_msdos: ** Phase 3 - Checking Directories
01-16 14:08:38.796  1196  1242 I fsck_msdos: ** Phase 4 - Checking for Lost Files
01-16 14:08:38.805  1196  1242 I fsck_msdos: 12 files, 100790 free (201581 clusters)
01-16 14:08:38.807  1196  1242 I Vold    : Filesystem check completed OK
01-16 14:08:38.810  1680  1680 D ExternalStorage: After updating volumes, found 1 active roots
01-16 14:08:38.812  1558  1606 D VoldConnector: RCV <- {656 public:253,48 /mnt/media_rw/1EF8-131D}
01-16 14:08:38.813  1558  1606 D VoldConnector: RCV <- {655 public:253,48 /storage/1EF8-131D}
01-16 14:08:38.817  1196  1242 V vold    : Waiting for FUSE to spin up...
01-16 14:08:38.862  1645  1645 I art     : System.exit called, status: 0
01-16 14:08:38.862  1645  1645 I AndroidRuntime: VM exiting with result code 0, cleanup skipped.
01-16 14:08:38.891  1558  1606 D VoldConnector: RCV <- {651 public:253,48 2}
01-16 14:08:38.892  1558  1606 D VoldConnector: RCV <- {200 6 Command succeeded}
01-16 14:08:38.950  1680  1680 D ExternalStorage: After updating volumes, found 2 active roots
01-16 14:08:38.954  1680  1680 D ExternalStorage: After updating volumes, found 2 active roots
01-16 14:08:38.958  1680  1680 D ExternalStorage: After updating volumes, found 2 active roots
01-16 14:08:38.977  1652  1743 E WVMExtractor: Failed to open libwvm.so: dlopen failed: library "libwvm.so" not found
01-16 14:08:38.984  1249  1549 I iptables: iptables: No chain/target/match by that name.
01-16 14:08:38.986  1249  1549 I iptables: iptables terminated by exit(1)
01-16 14:08:38.986  1249  1549 E Netd    : exec() res=0, status=256 for /system/bin/iptables -w -F st_penalty_log 
01-16 14:08:38.991  1249  1549 I ip6tables: ip6tables: No chain/target/match by that name.
01-16 14:08:38.991  1249  1549 I ip6tables: ip6tables terminated by exit(1)
01-16 14:08:38.991  1249  1549 E Netd    : exec() res=0, status=256 for /system/bin/ip6tables -w -F st_penalty_log 
01-16 14:08:38.998  1249  1549 I iptables: iptables: No chain/target/match by that name.
01-16 14:08:38.998  1249  1549 I iptables: iptables terminated by exit(1)
01-16 14:08:38.998  1249  1549 E Netd    : exec() res=0, status=256 for /system/bin/iptables -w -F st_penalty_reject 
01-16 14:08:39.004  1249  1549 I ip6tables: ip6tables: No chain/target/match by that name.
01-16 14:08:39.004  1249  1549 I ip6tables: ip6tables terminated by exit(1)
01-16 14:08:39.004  1249  1549 E Netd    : exec() res=0, status=256 for /system/bin/ip6tables -w -F st_penalty_reject 
01-16 14:08:39.039  1249  1549 I iptables: iptables: No chain/target/match by that name.
01-16 14:08:39.039  1249  1549 I iptables: iptables terminated by exit(1)
01-16 14:08:39.039  1249  1549 E Netd    : exec() res=0, status=256 for /system/bin/iptables -w -F st_clear_caught 
01-16 14:08:39.050  1249  1549 I ip6tables: ip6tables: No chain/target/match by that name.
01-16 14:08:39.051  1249  1549 I ip6tables: ip6tables terminated by exit(1)
01-16 14:08:39.051  1249  1549 E Netd    : exec() res=0, status=256 for /system/bin/ip6tables -w -F st_clear_caught 
01-16 14:08:39.085  1255  1620 W OMXNodeInstance: [f:google.mpeg2.decoder] component does not support metadata mode; using fallback
01-16 14:08:39.088  1249  1549 I iptables: iptables: No chain/target/match by that name.
01-16 14:08:39.088  1249  1549 I iptables: iptables terminated by exit(1)
01-16 14:08:39.089  1249  1549 E Netd    : exec() res=0, status=256 for /system/bin/iptables -w -F st_clear_detect 
01-16 14:08:39.092  1255  1620 W OMXNodeInstance: [10:google.mpeg4.decoder] component does not support metadata mode; using fallback
01-16 14:08:39.101  1249  1549 I ip6tables: ip6tables: No chain/target/match by that name.
01-16 14:08:39.101  1249  1549 I ip6tables: ip6tables terminated by exit(1)
01-16 14:08:39.101  1249  1549 E Netd    : exec() res=0, status=256 for /system/bin/ip6tables -w -F st_clear_detect 
01-16 14:08:39.102  1255  1620 W OMXNodeInstance: [11:google.h263.decoder] component does not support metadata mode; using fallback
01-16 14:08:39.106  1249  1549 I iptables: iptables: No chain/target/match by that name.
01-16 14:08:39.107  1249  1549 I iptables: iptables terminated by exit(1)
01-16 14:08:39.107  1249  1549 E Netd    : exec() res=0, status=256 for /system/bin/iptables -w -X st_penalty_log 
01-16 14:08:39.110  1255  1620 D SoftAVCDec: Number of CPU cores: 2
01-16 14:08:39.111  1249  1549 I ip6tables: ip6tables: No chain/target/match by that name.
01-16 14:08:39.112  1249  1549 I ip6tables: ip6tables terminated by exit(1)
01-16 14:08:39.112  1249  1549 E Netd    : exec() res=0, status=256 for /system/bin/ip6tables -w -X st_penalty_log 
01-16 14:08:39.114  1255  1620 W OMXNodeInstance: [12:google.h264.decoder] component does not support metadata mode; using fallback
01-16 14:08:39.114  1255  1620 D SoftAVCDec: Number of CPU cores: 2
01-16 14:08:39.115  1249  1549 I iptables: iptables: No chain/target/match by that name.
01-16 14:08:39.116  1249  1549 I iptables: iptables terminated by exit(1)
01-16 14:08:39.116  1249  1549 E Netd    : exec() res=0, status=256 for /system/bin/iptables -w -X st_penalty_reject 
01-16 14:08:39.120  1255  1620 D SoftHEVC: Number of CPU cores: 2
