01-16 14:08:45.913  2159  2159 D StrictMode: 	at com.google.r.v.a(PG:1161)
01-16 14:08:45.913  2159  2159 D StrictMode: 	at com.google.r.y.a(PG:2188)
01-16 14:08:45.913  2159  2159 D StrictMode: 	at com.google.r.e.b(PG:170)
01-16 14:08:45.913  2159  2159 D StrictMode: 	at com.google.r.e.b(PG:15188)
01-16 14:08:45.913  2159  2159 D StrictMode: 	at com.google.android.apps.gmm.shared.i.h.a(PG:251)
01-16 14:08:45.913  2159  2159 D StrictMode: 	at com.google.android.apps.gmm.map.m.q.a(PG:8693)
01-16 14:08:45.913  2159  2159 D StrictMode: 	at com.google.android.apps.gmm.shared.f.a.a(PG:48)
01-16 14:08:45.913  2159  2159 D StrictMode: 	at com.google.android.apps.gmm.map.m.e.a(PG:1531)
01-16 14:08:45.913  2159  2159 D StrictMode: 	at com.google.android.apps.gmm.base.app.a.a(PG:244)
01-16 14:08:45.913  2159  2159 D StrictMode: 	at com.google.android.apps.gmm.base.app.a.a(PG:2265)
01-16 14:08:45.913  2159  2159 D StrictMode: 	at com.google.android.apps.gmm.base.app.GoogleMapsApplication.a(PG:206)
01-16 14:08:45.913  2159  2159 D StrictMode: 	at com.google.android.apps.gmm.base.app.GoogleMapsApplication.onCreate(PG:174)
01-16 14:08:45.913  2159  2159 D StrictMode: 	at android.app.Instrumentation.callApplicationOnCreate(Instrumentation.java:1013)
01-16 14:08:45.913  2159  2159 D StrictMode: 	at android.app.ActivityThread.handleBindApplication(ActivityThread.java:4707)
01-16 14:08:45.913  2159  2159 D StrictMode: 	at android.app.ActivityThread.-wrap1(ActivityThread.java)
01-16 14:08:45.913  2159  2159 D StrictMode: 	at android.app.ActivityThread$H.handleMessage(ActivityThread.java:1405)
01-16 14:08:45.913  2159  2159 D StrictMode: 	at android.os.Handler.dispatchMessage(Handler.java:102)
01-16 14:08:45.913  2159  2159 D StrictMode: 	at android.os.Looper.loop(Looper.java:148)
01-16 14:08:45.913  2159  2159 D StrictMode: 	at android.app.ActivityThread.main(ActivityThread.java:5417)
01-16 14:08:45.913  2159  2159 D StrictMode: 	at java.lang.reflect.Method.invoke(Native Method)
01-16 14:08:45.913  2159  2159 D StrictMode: 	at com.android.internal.os.ZygoteInit$MethodAndArgsCaller.run(ZygoteInit.java:726)
01-16 14:08:45.913  2159  2159 D StrictMode: 	at com.android.internal.os.ZygoteInit.main(ZygoteInit.java:616)
01-16 14:08:45.913  2159  2159 D StrictMode: StrictMode policy violation; ~duration=658 ms: android.os.StrictMode$StrictModeDiskReadViolation: policy=65567 violation=2
01-16 14:08:45.913  2159  2159 D StrictMode: 	at android.os.StrictMode$AndroidBlockGuardPolicy.onReadFromDisk(StrictMode.java:1263)
01-16 14:08:45.913  2159  2159 D StrictMode: 	at libcore.io.BlockGuardOs.read(BlockGuardOs.java:229)
01-16 14:08:45.913  2159  2159 D StrictMode: 	at libcore.io.IoBridge.read(IoBridge.java:468)
01-16 14:08:45.913  2159  2159 D StrictMode: 	at java.io.FileInputStream.read(FileInputStream.java:177)
01-16 14:08:45.913  2159  2159 D StrictMode: 	at java.io.BufferedInputStream.read(BufferedInputStream.java:290)
01-16 14:08:45.913  2159  2159 D StrictMode: 	at java.io.DataInputStream.read(DataInputStream.java:63)
01-16 14:08:45.913  2159  2159 D StrictMode: 	at com.google.r.k.d(PG:1187)
01-16 14:08:45.913  2159  2159 D StrictMode: 	at com.google.r.k.c(PG:18147)
01-16 14:08:45.913  2159  2159 D StrictMode: 	at com.google.r.k.d(PG:583)
01-16 14:08:45.913  2159  2159 D StrictMode: 	at com.google.w.a.a.do.<init>(PG:40)
01-16 14:08:45.913  2159  2159 D StrictMode: 	at com.google.w.a.a.do.a(PG:405)
01-16 14:08:45.913  2159  2159 D StrictMode: 	at com.google.r.v.a(PG:1161)
01-16 14:08:45.913  2159  2159 D StrictMode: 	at com.google.r.y.a(PG:2188)
01-16 14:08:45.913  2159  2159 D StrictMode: 	at com.google.r.e.b(PG:170)
01-16 14:08:45.913  2159  2159 D StrictMode: 	at com.google.r.e.b(PG:15188)
01-16 14:08:45.913  2159  2159 D StrictMode: 	at com.google.android.apps.gmm.shared.i.h.a(PG:251)
01-16 14:08:45.913  2159  2159 D StrictMode: 	at com.google.android.apps.gmm.map.m.q.a(PG:8693)
01-16 14:08:45.913  2159  2159 D StrictMode: 	at com.google.android.apps.gmm.shared.f.a.a(PG:48)
01-16 14:08:45.913  2159  2159 D StrictMode: 	at com.google.android.apps.gmm.map.m.e.a(PG:1531)
01-16 14:08:45.913  2159  2159 D StrictMode: 	at com.google.android.apps.gmm.base.app.a.a(PG:244)
01-16 14:08:45.913  2159  2159 D StrictMode: 	at com.google.android.apps.gmm.base.app.a.a(PG:2265)
01-16 14:08:45.913  2159  2159 D StrictMode: 	at com.google.android.apps.gmm.base.app.GoogleMapsApplication.a(PG:206)
01-16 14:08:45.913  2159  2159 D StrictMode: 	at com.google.android.apps.gmm.base.app.GoogleMapsApplication.onCreate(PG:174)
01-16 14:08:45.913  2159  2159 D StrictMode: 	at android.app.Instrumentation.callApplicationOnCreate(Instrumentation.java:1013)
01-16 14:08:45.913  2159  2159 D StrictMode: 	at android.app.ActivityThread.handleBindApplication(ActivityThread.java:4707)
01-16 14:08:45.913  2159  2159 D StrictMode: 	at android.app.ActivityThread.-wrap1(ActivityThread.java)
01-16 14:08:45.913  2159  2159 D StrictMode: 	at android.app.ActivityThread$H.handleMessage(ActivityThread.java:1405)
01-16 14:08:45.913  2159  2159 D StrictMode: 	at android.os.Handler.dispatchMessage(Handler.java:102)
01-16 14:08:45.913  2159  2159 D StrictMode: 	at android.os.Looper.loop(Looper.java:148)
01-16 14:08:45.913  2159  2159 D StrictMode: 	at android.app.ActivityThread.main(ActivityThread.java:5417)
01-16 14:08:45.913  2159  2159 D StrictMode: 	at java.lang.reflect.Method.invoke(Native Method)
01-16 14:08:45.913  2159  2159 D StrictMode: 	at com.android.internal.os.ZygoteInit$MethodAndArgsCaller.run(ZygoteInit.java:726)
01-16 14:08:45.913  2159  2159 D StrictMode: 	at com.android.internal.os.ZygoteInit.main(ZygoteInit.java:616)
01-16 14:08:45.917  1558  1570 I AccountManagerService: getTypesVisibleToCaller: isPermitted? true
01-16 14:08:45.929  1558  1571 D GpsLocationProvider: received SIM related action: 
01-16 14:08:45.934  1558  1573 W WindowManager: Keyguard drawn timeout. Setting mKeyguardDrawComplete
01-16 14:08:45.944  2159  2159 D StrictMode: StrictMode policy violation; ~duration=588 ms: android.os.StrictMode$StrictModeDiskReadViolation: policy=65567 violation=2
01-16 14:08:45.944  2159  2159 D StrictMode: 	at android.os.StrictMode$AndroidBlockGuardPolicy.onReadFromDisk(StrictMode.java:1263)
01-16 14:08:45.944  2159  2159 D StrictMode: 	at libcore.io.BlockGuardOs.access(BlockGuardOs.java:67)
01-16 14:08:45.944  2159  2159 D StrictMode: 	at java.io.File.doAccess(File.java:281)
01-16 14:08:45.944  2159  2159 D StrictMode: 	at java.io.File.exists(File.java:361)
01-16 14:08:45.944  2159  2159 D StrictMode: 	at android.app.ContextImpl.createFilesDirLocked(ContextImpl.java:418)
01-16 14:08:45.944  2159  2159 D StrictMode: 	at android.app.ContextImpl.getFilesDir(ContextImpl.java:441)
01-16 14:08:45.944  2159  2159 D StrictMode: 	at android.app.ContextImpl.getFileStreamPath(ContextImpl.java:549)
01-16 14:08:45.944  2159  2159 D StrictMode: 	at android.content.ContextWrapper.getFileStreamPath(ContextWrapper.java:193)
01-16 14:08:45.944  2159  2159 D StrictMode: 	at com.google.android.apps.gmm.map.m.q.a(PG:8701)
01-16 14:08:45.944  2159  2159 D StrictMode: 	at com.google.android.apps.gmm.shared.f.a.a(PG:48)
01-16 14:08:45.944  2159  2159 D StrictMode: 	at com.google.android.apps.gmm.map.m.e.a(PG:1531)
01-16 14:08:45.944  2159  2159 D StrictMode: 	at com.google.android.apps.gmm.base.app.a.a(PG:244)
01-16 14:08:45.944  2159  2159 D StrictMode: 	at com.google.android.apps.gmm.base.app.a.a(PG:2265)
01-16 14:08:45.944  2159  2159 D StrictMode: 	at com.google.android.apps.gmm.base.app.GoogleMapsApplication.a(PG:206)
01-16 14:08:45.944  2159  2159 D StrictMode: 	at com.google.android.apps.gmm.base.app.GoogleMapsApplication.onCreate(PG:174)
01-16 14:08:45.944  2159  2159 D StrictMode: 	at android.app.Instrumentation.callApplicationOnCreate(Instrumentation.java:1013)
01-16 14:08:45.944  2159  2159 D StrictMode: 	at android.app.ActivityThread.handleBindApplication(ActivityThread.java:4707)
01-16 14:08:45.944  2159  2159 D StrictMode: 	at android.app.ActivityThread.-wrap1(ActivityThread.java)
01-16 14:08:45.944  2159  2159 D StrictMode: 	at android.app.ActivityThread$H.handleMessage(ActivityThread.java:1405)
01-16 14:08:45.944  2159  2159 D StrictMode: 	at android.os.Handler.dispatchMessage(Handler.java:102)
01-16 14:08:45.944  2159  2159 D StrictMode: 	at android.os.Looper.loop(Looper.java:148)
01-16 14:08:45.944  2159  2159 D StrictMode: 	at android.app.ActivityThread.main(ActivityThread.java:5417)
01-16 14:08:45.944  2159  2159 D StrictMode: 	at java.lang.reflect.Method.invoke(Native Method)
01-16 14:08:45.944  2159  2159 D StrictMode: 	at com.android.internal.os.ZygoteInit$MethodAndArgsCaller.run(ZygoteInit.java:726)
01-16 14:08:45.944  2159  2159 D StrictMode: 	at com.android.internal.os.ZygoteInit.main(ZygoteInit.java:616)
01-16 14:08:45.944  2159  2159 D StrictMode: StrictMode policy violation; ~duration=588 ms: android.os.StrictMode$StrictModeDiskReadViolation: policy=65567 violation=2
01-16 14:08:45.944  2159  2159 D StrictMode: 	at android.os.StrictMode$AndroidBlockGuardPolicy.onReadFromDisk(StrictMode.java:1263)
01-16 14:08:45.944  2159  2159 D StrictMode: 	at libcore.io.BlockGuardOs.access(BlockGuardOs.java:67)
01-16 14:08:45.944  2159  2159 D StrictMode: 	at java.io.File.doAccess(File.java:281)
01-16 14:08:45.944  2159  2159 D StrictMode: 	at java.io.File.exists(File.java:361)
01-16 14:08:45.944  2159  2159 D StrictMode: 	at com.google.android.apps.gmm.map.m.q.a(PG:8703)
01-16 14:08:45.944  2159  2159 D StrictMode: 	at com.google.android.apps.gmm.shared.f.a.a(PG:48)
01-16 14:08:45.944  2159  2159 D StrictMode: 	at com.google.android.apps.gmm.map.m.e.a(PG:1531)
01-16 14:08:45.944  2159  2159 D StrictMode: 	at com.google.android.apps.gmm.base.app.a.a(PG:244)
01-16 14:08:45.944  2159  2159 D StrictMode: 	at com.google.android.apps.gmm.base.app.a.a(PG:2265)
01-16 14:08:45.944  2159  2159 D StrictMode: 	at com.google.android.apps.gmm.base.app.GoogleMapsApplication.a(PG:206)
01-16 14:08:45.944  2159  2159 D StrictMode: 	at com.google.android.apps.gmm.base.app.GoogleMapsApplication.onCreate(PG:174)
01-16 14:08:45.944  2159  2159 D StrictMode: 	at android.app.Instrumentation.callApplicationOnCreate(Instrumentation.java:1013)
01-16 14:08:45.944  2159  2159 D StrictMode: 	at android.app.ActivityThread.handleBindApplication(ActivityThread.java:4707)
01-16 14:08:45.944  2159  2159 D StrictMode: 	at android.app.ActivityThread.-wrap1(ActivityThread.java)
01-16 14:08:45.944  2159  2159 D StrictMode: 	at android.app.ActivityThread$H.handleMessage(ActivityThread.java:1405)
01-16 14:08:45.944  2159  2159 D StrictMode: 	at android.os.Handler.dispatchMessage(Handler.java:102)
01-16 14:08:45.944  2159  2159 D StrictMode: 	at android.os.Looper.loop(Looper.java:148)
01-16 14:08:45.944  2159  2159 D StrictMode: 	at android.app.ActivityThread.main(ActivityThread.java:5417)
01-16 14:08:45.944  2159  2159 D StrictMode: 	at java.lang.reflect.Method.invoke(Native Method)
01-16 14:08:45.944  2159  2159 D StrictMode: 	at com.android.internal.os.ZygoteInit$MethodAndArgsCaller.run(ZygoteInit.java:726)
01-16 14:08:45.944  2159  2159 D StrictMode: 	at com.android.internal.os.ZygoteInit.main(ZygoteInit.java:616)
01-16 14:08:45.944  2159  2159 D StrictMode: StrictMode policy violation; ~duration=587 ms: android.os.StrictMode$StrictModeDiskReadViolation: policy=65567 violation=2
01-16 14:08:45.944  2159  2159 D StrictMode: 	at android.os.StrictMode$AndroidBlockGuardPolicy.onReadFromDisk(StrictMode.java:1263)
01-16 14:08:45.944  2159  2159 D StrictMode: 	at libcore.io.BlockGuardOs.stat(BlockGuardOs.java:292)
01-16 14:08:45.944  2159  2159 D StrictMode: 	at java.io.File.lastModified(File.java:569)
01-16 14:08:45.944  2159  2159 D StrictMode: 	at com.google.android.apps.gmm.map.m.q.a(PG:8704)
01-16 14:08:45.944  2159  2159 D StrictMode: 	at com.google.android.apps.gmm.shared.f.a.a(PG:48)
01-16 14:08:45.944  2159  2159 D StrictMode: 	at com.google.android.apps.gmm.map.m.e.a(PG:1531)
01-16 14:08:45.944  2159  2159 D StrictMode: 	at com.google.android.apps.gmm.base.app.a.a(PG:244)
01-16 14:08:45.944  2159  2159 D StrictMode: 	at com.google.android.apps.gmm.base.app.a.a(PG:2265)
01-16 14:08:45.944  2159  2159 D StrictMode: 	at com.google.android.apps.gmm.base.app.GoogleMapsApplication.a(PG:206)
01-16 14:08:45.944  2159  2159 D StrictMode: 	at com.google.android.apps.gmm.base.app.GoogleMapsApplication.onCreate(PG:174)
01-16 14:08:45.944  2159  2159 D StrictMode: 	at android.app.Instrumentation.callApplicationOnCreate(Instrumentation.java:1013)
01-16 14:08:45.944  2159  2159 D StrictMode: 	at android.app.ActivityThread.handleBindApplication(ActivityThread.java:4707)
01-16 14:08:45.944  2159  2159 D StrictMode: 	at android.app.ActivityThread.-wrap1(ActivityThread.java)
01-16 14:08:45.944  2159  2159 D StrictMode: 	at android.app.ActivityThread$H.handleMessage(ActivityThread.java:1405)
01-16 14:08:45.944  2159  2159 D StrictMode: 	at android.os.Handler.dispatchMessage(Handler.java:102)
01-16 14:08:45.944  2159  2159 D StrictMode: 	at android.os.Looper.loop(Looper.java:148)
01-16 14:08:45.944  2159  2159 D StrictMode: 	at android.app.ActivityThread.main(ActivityThread.java:5417)
01-16 14:08:45.944  2159  2159 D StrictMode: 	at java.lang.reflect.Method.invoke(Native Method)
01-16 14:08:45.944  2159  2159 D StrictMode: 	at com.android.internal.os.ZygoteInit$MethodAndArgsCaller.run(ZygoteInit.java:726)
01-16 14:08:45.944  2159  2159 D StrictMode: 	at com.android.internal.os.ZygoteInit.main(ZygoteInit.java:616)
01-16 14:08:45.976  1906  1906 D MccTable: updateMccMncConfiguration mccmnc='310260' fromServiceState=false
01-16 14:08:45.976  1984  1984 E BluetoothAdapter: Bluetooth binder is null
01-16 14:08:45.988  1906  1906 D MccTable: updateMccMncConfiguration defaultMccMnc=310260
01-16 14:08:45.988  1906  1906 D MccTable: updateMccMncConfiguration: mcc=310, mnc=260
01-16 14:08:45.988  1906  1906 D MccTable: updateMccMncConfiguration updateConfig config={1.0 310mcc260mnc ?locale ?layoutDir ?swdp ?wdp ?hdp ?density ?lsize ?long ?orien ?uimode ?night ?touch ?keyb/?/? ?nav/?}
01-16 14:08:46.010  1984  1984 W System  : ClassLoader referenced unknown path: /system/priv-app/PrebuiltGmsCore/lib/x86
01-16 14:08:46.010  1984  1984 W System  : ClassLoader referenced unknown path: /system/priv-app/PrebuiltGmsCore/lib/x86
01-16 14:08:46.012  1558  1570 I AccountManagerService: getTypesVisibleToCaller: isPermitted? false
01-16 14:08:46.015  1558  1571 D GpsLocationProvider: SIM MCC/MNC is available: 310260
01-16 14:08:46.016  1558  1571 D GpsLocationProvider: Reset GPS properties, previous size = 5
01-16 14:08:46.016  1558  1571 D GpsLocationProvider: GpsParamsResource: SUPL_HOST=supl.google.com
01-16 14:08:46.016  1558  1571 D GpsLocationProvider: GpsParamsResource: SUPL_PORT=7275
01-16 14:08:46.016  1558  1571 D GpsLocationProvider: GpsParamsResource: NTP_SERVER=north-america.pool.ntp.org
01-16 14:08:46.016  1558  1571 D GpsLocationProvider: GpsParamsResource: SUPL_VER=0x20000
01-16 14:08:46.016  1558  1571 D GpsLocationProvider: GpsParamsResource: SUPL_MODE=1
01-16 14:08:46.019  1984  1984 W linker  : /data/data/com.google.android.gms/app_extracted_libs/x86/libleveldbjni.so: unused DT entry: type 0x7ffffffd arg 0xcec
01-16 14:08:46.019  1673  1673 D MediaScannerReceiver: action: android.intent.action.MEDIA_MOUNTED path: /storage/1EF8-131D
01-16 14:08:46.026  1558  1571 W GpsLocationProvider: Could not open GPS configuration file /etc/gps.conf
01-16 14:08:46.027  1558  1571 D GpsLocationProvider: GPS properties reloaded, size = 5
01-16 14:08:46.027  1558  1571 E GpsLocationProvider: no AGPS interface in set_agps_server
01-16 14:08:46.050  1558  1571 D GpsLocationProvider: received SIM related action: 
01-16 14:08:46.070  1558  1571 D GpsLocationProvider: SIM MCC/MNC is available: 310260
01-16 14:08:46.070  1558  1571 D GpsLocationProvider: Reset GPS properties, previous size = 5
01-16 14:08:46.070  1558  1571 D GpsLocationProvider: GpsParamsResource: SUPL_HOST=supl.google.com
01-16 14:08:46.070  1558  1571 D GpsLocationProvider: GpsParamsResource: SUPL_PORT=7275
01-16 14:08:46.070  1558  1571 D GpsLocationProvider: GpsParamsResource: NTP_SERVER=north-america.pool.ntp.org
01-16 14:08:46.070  1558  1571 D GpsLocationProvider: GpsParamsResource: SUPL_VER=0x20000
01-16 14:08:46.070  1558  1571 D GpsLocationProvider: GpsParamsResource: SUPL_MODE=1
01-16 14:08:46.070  1558  1571 W GpsLocationProvider: Could not open GPS configuration file /etc/gps.conf
01-16 14:08:46.070  1558  1571 D GpsLocationProvider: GPS properties reloaded, size = 5
01-16 14:08:46.070  1558  1571 E GpsLocationProvider: no AGPS interface in set_agps_server
01-16 14:08:46.090  1558  1558 V KeyguardServiceDelegate: *** Keyguard connected (yay!)
01-16 14:08:46.119  1652  1652 W KeyguardUpdateMonitor: invalid subId in handleServiceStateChange()
01-16 14:08:46.212  1558  1571 D GpsLocationProvider: received SIM related action: 
01-16 14:08:46.225  1906  1906 D CarrierConfigLoader: update config for phoneId: 0 simState: LOADED
01-16 14:08:46.227  1906  1906 D CarrierServiceBindHelper: update binding for phoneId: 0 simState: LOADED
01-16 14:08:46.244  1673  1673 D MediaScannerReceiver: action: android.intent.action.MEDIA_MOUNTED path: /storage/emulated/0
01-16 14:08:46.244  1984  2175 I GeofencerStateMachine: Network location disabled.
01-16 14:08:46.264  1558  1558 I AccountManagerService: getTypesVisibleToCaller: isPermitted? true
01-16 14:08:46.299  1906  1906 I Telephony: PstnIncomingCallNotifier: Unregistering: Handler (com.android.internal.telephony.gsm.GSMPhone) {4a8a5ee}
01-16 14:08:46.313  1652  1652 W KeyguardUpdateMonitor: invalid subId in handleServiceStateChange()
01-16 14:08:46.313  1652  1652 W KeyguardUpdateMonitor: invalid subId in handleSimStateChange()
01-16 14:08:46.313  1652  1652 W KeyguardUpdateMonitor: invalid subId in handleSimStateChange()
01-16 14:08:46.346  1652  1652 I Choreographer: Skipped 39 frames!  The application may be doing too much work on its main thread.
01-16 14:08:46.387  1906  1906 I Telephony: AccountEntry: updateVideoPauseSupport -- mcc/mnc for sub: {id=1, iccId=89014103211118510720 simSlotIndex=0 displayName=Android carrierName=Android nameSource=0 iconTint=-16746133 dataRoaming=0 iconBitmap=android.graphics.Bitmap@b5a28 mcc 310 mnc 260}
01-16 14:08:46.393  1558  1569 I Telecom : PhoneAccountRegistrar: New phone account registered: [[ ] PhoneAccount: ComponentInfo{com.android.phone/com.android.services.telephony.TelephonyConnectionService}, [e2f7d48dd2b5ca523e7313cf4ba0f6ea830b6281], UserHandle{0} Capabilities: 54 Schemes: tel voicemail ]
01-16 14:08:46.431  1558  1569 I Telecom : : Sending phone-account intent as user
01-16 14:08:46.436  1906  1906 I Telephony: AccountEntry: Registered phoneAccount: [[ ] PhoneAccount: ComponentInfo{com.android.phone/com.android.services.telephony.TelephonyConnectionService}, [e2f7d48dd2b5ca523e7313cf4ba0f6ea830b6281], UserHandle{0} Capabilities: 54 Schemes: tel voicemail ] with handle: ComponentInfo{com.android.phone/com.android.services.telephony.TelephonyConnectionService}, [e2f7d48dd2b5ca523e7313cf4ba0f6ea830b6281], UserHandle{0}
01-16 14:08:46.436  1906  1906 I Telephony: PstnIncomingCallNotifier: Registering: Handler (com.android.internal.telephony.gsm.GSMPhone) {4a8a5ee}
01-16 14:08:46.445  1906  1906 I Telephony: TelecomAccountRegistry: Unregistering phone account ComponentInfo{com.android.phone/com.android.services.telephony.TelephonyConnectionService}, [e0184adedf913b076626646d3f52c3b49c39ad6d], UserHandle{0}.
01-16 14:08:46.493  1238  1340 I SurfaceFlinger: Boot is finished (14873 ms)
01-16 14:08:46.511  1558  1688 W Telecom : : No account found for the calling user
01-16 14:08:46.605  1376  1384 E Surface : getSlotFromBufferLocked: unknown buffer: 0xb60ac070
01-16 14:08:46.640  1558  1990 V KeyguardServiceDelegate: **** SHOWN CALLED ****
01-16 14:08:46.644  1558  1571 D GpsLocationProvider: SIM MCC/MNC is available: 310260
01-16 14:08:46.644  1558  1571 D GpsLocationProvider: Reset GPS properties, previous size = 5
01-16 14:08:46.645  1558  1571 D GpsLocationProvider: GpsParamsResource: SUPL_HOST=supl.google.com
01-16 14:08:46.645  1558  1571 D GpsLocationProvider: GpsParamsResource: SUPL_PORT=7275
01-16 14:08:46.645  1558  1571 D GpsLocationProvider: GpsParamsResource: NTP_SERVER=north-america.pool.ntp.org
01-16 14:08:46.645  1558  1571 D GpsLocationProvider: GpsParamsResource: SUPL_VER=0x20000
01-16 14:08:46.645  1558  1571 D GpsLocationProvider: GpsParamsResource: SUPL_MODE=1
01-16 14:08:46.645  1558  1571 W GpsLocationProvider: Could not open GPS configuration file /etc/gps.conf
01-16 14:08:46.645  1558  1571 D GpsLocationProvider: GPS properties reloaded, size = 5
01-16 14:08:46.647  1558  1571 E GpsLocationProvider: no AGPS interface in set_agps_server
01-16 14:08:46.662  1984  2209 E BluetoothAdapter: Bluetooth binder is null
01-16 14:08:46.677  1558  1579 I SystemServiceManager: Starting phase 1000
01-16 14:08:46.719  2159  2182 W com.google.a.a.b.d.a: Application name is not set. Call Builder#setApplicationName.
01-16 14:08:46.720  1558  1579 D         : HostConnection::get() New Host Connection established 0xaa2b4380, tid 1579
01-16 14:08:46.741  1558  1579 D gralloc_ranchu: gralloc_unregister_buffer: exiting HostConnection (is buffer-handling thread)
01-16 14:08:46.745  1558  1579 D         : HostConnection::get() New Host Connection established 0xaa2b4380, tid 1579
01-16 14:08:46.790  1558  1579 D gralloc_ranchu: gralloc_unregister_buffer: exiting HostConnection (is buffer-handling thread)
01-16 14:08:46.841  1984  2193 I GCoreUlr: WorldUpdater received intent Intent { act=com.google.android.location.reporting.ACTION_UPDATE_WORLD cmp=com.google.android.gms/com.google.android.location.reporting.service.DispatchingService (has extras) } with receiverAction android.location.PROVIDERS_CHANGED
01-16 14:08:46.864  2159  2182 E BluetoothAdapter: Bluetooth binder is null
01-16 14:08:46.872  1558  1954 I ActivityManager: Start proc 2226:com.android.deskclock/u0a25 for broadcast com.android.deskclock/com.android.alarmclock.AnalogAppWidgetProvider
01-16 14:08:46.872  1652  1652 D PhoneStatusBar: disable: < expand* icons alerts system_info back* home* recent* clock search* quick_settings >
01-16 14:08:46.914  2226  2226 W System  : ClassLoader referenced unknown path: /system/app/DeskClock/lib/x86
01-16 14:08:46.924  2226  2232 I art     : Debugger is no longer active
01-16 14:08:47.026  2159  2183 W art     : Long monitor contention event with owner method=void com.google.android.apps.gmm.notification.z.<init>(android.content.Context) from PG:33 waiters=0 for 909ms
01-16 14:08:47.040  1558  1570 I ActivityManager: Start proc 2240:com.google.android.gms/u0a8 for broadcast com.google.android.gms/.checkin.CheckinServiceTriggerReceiver
01-16 14:08:47.150  2240  2240 W System  : ClassLoader referenced unknown path: /system/priv-app/PrebuiltGmsCore/lib/x86
01-16 14:08:47.159  1558  1612 D WifiNative-HAL: Failing getSupportedFeatureset because HAL isn't started
01-16 14:08:47.275  2240  2240 W System  : ClassLoader referenced unknown path: /system/priv-app/PrebuiltGmsCore/lib/x86
01-16 14:08:47.275  2240  2240 W System  : ClassLoader referenced unknown path: /system/priv-app/PrebuiltGmsCore/lib/x86
01-16 14:08:47.276  2240  2240 W linker  : /data/data/com.google.android.gms/app_extracted_libs/x86/libgmscore.so: unused DT entry: type 0x7ffffffd arg 0x756
01-16 14:08:47.288  2240  2240 W System  : ClassLoader referenced unknown path: /system/priv-app/PrebuiltGmsCore/lib/x86
01-16 14:08:47.289  2240  2240 W System  : ClassLoader referenced unknown path: /system/priv-app/PrebuiltGmsCore/lib/x86
01-16 14:08:47.289  2240  2240 W linker  : /data/data/com.google.android.gms/app_extracted_libs/x86/libconscrypt_gmscore_jni.so: unused DT entry: type 0x1d arg 0x91
01-16 14:08:47.289  2240  2240 W linker  : /data/data/com.google.android.gms/app_extracted_libs/x86/libconscrypt_gmscore_jni.so: unused DT entry: type 0x7ffffffd arg 0x174
01-16 14:08:47.294  2240  2240 V JNIHelp : Registering com/google/android/gms/org/conscrypt/NativeCrypto's 235 native methods...
01-16 14:08:47.317  2240  2240 I art     : Rejecting re-init on previously-failed class java.lang.Class<com.google.android.gms.org.conscrypt.OpenSSLExtendedSessionImpl>
01-16 14:08:47.317  2240  2240 I art     : Rejecting re-init on previously-failed class java.lang.Class<com.google.android.gms.org.conscrypt.OpenSSLExtendedSessionImpl>
01-16 14:08:47.329  2240  2240 I ProviderInstaller: Installed default security provider GmsCore_OpenSSL
01-16 14:08:47.335  1673  2205 V MediaScanner: pruneDeadThumbnailFiles... android.database.sqlite.SQLiteCursor@d18de1d
01-16 14:08:47.343  1673  2205 V MediaScanner: /pruneDeadThumbnailFiles... android.database.sqlite.SQLiteCursor@d18de1d
01-16 14:08:47.376  1984  2193 I GCoreUlr: WorldUpdater:android.location.PROVIDERS_CHANGED: Ensuring that reporting is stopped because of reasons: (no Google accounts)
01-16 14:08:47.381  1558  1571 D GpsLocationProvider: received SIM related action: 
01-16 14:08:47.382  2240  2250 W art     : Suspending all threads took: 6.286ms
01-16 14:08:47.430  1558  2106 I ActivityManager: Start proc 2259:com.android.settings/1000 for broadcast com.android.settings/.sim.SimSelectNotification
01-16 14:08:47.445  1558  1579 I art     : Starting a blocking GC Explicit
01-16 14:08:47.483  2066  2079 I art     : Background partial concurrent mark sweep GC freed 11836(1097KB) AllocSpace objects, 0(0B) LOS objects, 55% free, 834KB/1858KB, paused 6.805ms total 17.376ms
01-16 14:08:47.487  1558  1571 D GpsLocationProvider: SIM MCC/MNC is available: 310260
01-16 14:08:47.487  1558  1571 D GpsLocationProvider: Reset GPS properties, previous size = 5
01-16 14:08:47.487  1558  1571 D GpsLocationProvider: GpsParamsResource: SUPL_HOST=supl.google.com
01-16 14:08:47.487  1558  1571 D GpsLocationProvider: GpsParamsResource: SUPL_PORT=7275
01-16 14:08:47.487  1558  1571 D GpsLocationProvider: GpsParamsResource: NTP_SERVER=north-america.pool.ntp.org
01-16 14:08:47.487  1558  1571 D GpsLocationProvider: GpsParamsResource: SUPL_VER=0x20000
01-16 14:08:47.487  1558  1571 D GpsLocationProvider: GpsParamsResource: SUPL_MODE=1
01-16 14:08:47.488  1558  1571 W GpsLocationProvider: Could not open GPS configuration file /etc/gps.conf
01-16 14:08:47.488  1558  1571 D GpsLocationProvider: GPS properties reloaded, size = 5
01-16 14:08:47.488  1558  1571 E GpsLocationProvider: no AGPS interface in set_agps_server
01-16 14:08:47.490  2259  2259 W System  : ClassLoader referenced unknown path: /system/priv-app/Settings/lib/x86
01-16 14:08:47.493  1558  1579 I art     : Explicit concurrent mark sweep GC freed 2899(189KB) AllocSpace objects, 3(336KB) LOS objects, 33% free, 6MB/10MB, paused 784us total 47.386ms
01-16 14:08:47.542  1558  1571 D GpsLocationProvider: received SIM related action: 
01-16 14:08:47.547  1984  2193 I GCoreUlr: Unbound from all location providers
01-16 14:08:47.547  1984  2193 I GCoreUlr: Place inference reporting - stop
01-16 14:08:47.570  1558  1571 D GpsLocationProvider: SIM MCC/MNC is available: 310260
01-16 14:08:47.570  1558  1571 D GpsLocationProvider: Reset GPS properties, previous size = 5
01-16 14:08:47.570  1558  1571 D GpsLocationProvider: GpsParamsResource: SUPL_HOST=supl.google.com
01-16 14:08:47.570  1558  1571 D GpsLocationProvider: GpsParamsResource: SUPL_PORT=7275
01-16 14:08:47.570  1558  1571 D GpsLocationProvider: GpsParamsResource: NTP_SERVER=north-america.pool.ntp.org
01-16 14:08:47.570  1558  1571 D GpsLocationProvider: GpsParamsResource: SUPL_VER=0x20000
01-16 14:08:47.570  1558  1571 D GpsLocationProvider: GpsParamsResource: SUPL_MODE=1
01-16 14:08:47.571  1558  1571 W GpsLocationProvider: Could not open GPS configuration file /etc/gps.conf
01-16 14:08:47.571  1558  1571 D GpsLocationProvider: GPS properties reloaded, size = 5
01-16 14:08:47.571  1558  1571 E GpsLocationProvider: no AGPS interface in set_agps_server
01-16 14:08:47.601  1906  1906 I Telephony: PstnIncomingCallNotifier: Unregistering: Handler (com.android.internal.telephony.gsm.GSMPhone) {4a8a5ee}
01-16 14:08:47.646  1906  1906 I Telephony: AccountEntry: updateVideoPauseSupport -- mcc/mnc for sub: {id=1, iccId=89014103211118510720 simSlotIndex=0 displayName=Android carrierName=Android nameSource=0 iconTint=-16746133 dataRoaming=0 iconBitmap=android.graphics.Bitmap@4320a46 mcc 310 mnc 260}
01-16 14:08:47.653  1558  1708 I Telecom : PhoneAccountRegistrar: [ComponentInfo{com.android.phone/com.android.services.telephony.TelephonyConnectionService}, [e2f7d48dd2b5ca523e7313cf4ba0f6ea830b6281], UserHandle{0}(icon: Icon(typ=BITMAP size=50x63) -> Icon(typ=BITMAP size=50x63))]
01-16 14:08:47.655  1984  1984 I GCoreUlr: DispatchingService.onDestroy()
01-16 14:08:47.656  1984  1984 I GCoreUlr: Stopping handler for UlrDispSvcFast
01-16 14:08:47.663  1984  1984 I GCoreUlr: Unbound from all location providers
01-16 14:08:47.663  1984  1984 I GCoreUlr: Place inference reporting - stop
01-16 14:08:47.675  1558  1708 I Telecom : : Sending phone-account intent as user
01-16 14:08:47.677  1906  1906 I Telephony: AccountEntry: Registered phoneAccount: [[ ] PhoneAccount: ComponentInfo{com.android.phone/com.android.services.telephony.TelephonyConnectionService}, [e2f7d48dd2b5ca523e7313cf4ba0f6ea830b6281], UserHandle{0} Capabilities: 54 Schemes: tel voicemail ] with handle: ComponentInfo{com.android.phone/com.android.services.telephony.TelephonyConnectionService}, [e2f7d48dd2b5ca523e7313cf4ba0f6ea830b6281], UserHandle{0}
01-16 14:08:47.677  1906  1906 I Telephony: PstnIncomingCallNotifier: Registering: Handler (com.android.internal.telephony.gsm.GSMPhone) {4a8a5ee}
01-16 14:08:47.694  1558  1990 W Telecom : : No account found for the calling user
01-16 14:08:47.721  1906  1906 I Telephony: PstnIncomingCallNotifier: Unregistering: Handler (com.android.internal.telephony.gsm.GSMPhone) {4a8a5ee}
01-16 14:08:47.737  1906  1906 I Telephony: AccountEntry: updateVideoPauseSupport -- mcc/mnc for sub: {id=1, iccId=89014103211118510720 simSlotIndex=0 displayName=Android carrierName=Android nameSource=0 iconTint=-16746133 dataRoaming=0 iconBitmap=android.graphics.Bitmap@f7a4859 mcc 310 mnc 260}
01-16 14:08:47.739  1558  1570 I Telecom : PhoneAccountRegistrar: [ComponentInfo{com.android.phone/com.android.services.telephony.TelephonyConnectionService}, [e2f7d48dd2b5ca523e7313cf4ba0f6ea830b6281], UserHandle{0}(icon: Icon(typ=BITMAP size=50x63) -> Icon(typ=BITMAP size=50x63))]
01-16 14:08:47.745  1558  2097 I AccountManagerService: getTypesVisibleToCaller: isPermitted? true
01-16 14:08:47.752  1558  1570 I Telecom : : Sending phone-account intent as user
01-16 14:08:47.753  1906  1906 I Telephony: AccountEntry: Registered phoneAccount: [[ ] PhoneAccount: ComponentInfo{com.android.phone/com.android.services.telephony.TelephonyConnectionService}, [e2f7d48dd2b5ca523e7313cf4ba0f6ea830b6281], UserHandle{0} Capabilities: 54 Schemes: tel voicemail ] with handle: ComponentInfo{com.android.phone/com.android.services.telephony.TelephonyConnectionService}, [e2f7d48dd2b5ca523e7313cf4ba0f6ea830b6281], UserHandle{0}
01-16 14:08:47.753  1906  1906 I Telephony: PstnIncomingCallNotifier: Registering: Handler (com.android.internal.telephony.gsm.GSMPhone) {4a8a5ee}
01-16 14:08:47.757  1558  1570 W Telecom : : No account found for the calling user
01-16 14:08:47.758  1906  1906 D CarrierConfigLoader: mHandler: 7 phoneId: 0
01-16 14:08:47.796  1906  1906 D CarrierConfigLoader: Loaded config from XML. package=com.android.carrierconfig phoneId=0
01-16 14:08:47.799  1984  2209 W Settings: Setting airplane_mode_on has moved from android.provider.Settings.System to android.provider.Settings.Global, returning read-only value.
01-16 14:08:47.802  1906  1906 D CarrierServiceBindHelper: mHandler: 0
01-16 14:08:47.802  1906  1906 D CarrierServiceBindHelper: Binding to phoneId: 0
01-16 14:08:47.807  1984  2209 W Settings: Setting airplane_mode_on has moved from android.provider.Settings.System to android.provider.Settings.Global, returning read-only value.
01-16 14:08:47.807  1906  1906 D CarrierServiceBindHelper: No carrier app for: 0
01-16 14:08:47.814  1558  2117 I Telecom : PhoneAccountRegistrar: [ComponentInfo{com.android.phone/com.android.services.telephony.TelephonyConnectionService}, [e2f7d48dd2b5ca523e7313cf4ba0f6ea830b6281], UserHandle{0}(icon: Icon(typ=BITMAP size=50x63) -> Icon(typ=BITMAP size=50x63))]
01-16 14:08:47.823  1984  2209 I System.out: gmsNlpServiceThread This NLP should run continuously. intent is Intent { act=com.google.android.location.internal.GMS_NLP pkg=com.google.android.gms }
01-16 14:08:47.833  1558  2117 I Telecom : : Sending phone-account intent as user
01-16 14:08:47.837  1673  2205 V MediaScanner: pruneDeadThumbnailFiles... android.database.sqlite.SQLiteCursor@5ea3f19
01-16 14:08:47.838  1673  2205 V MediaScanner: /pruneDeadThumbnailFiles... android.database.sqlite.SQLiteCursor@5ea3f19
01-16 14:08:47.888  1906  1906 I Telephony: PstnIncomingCallNotifier: Unregistering: Handler (com.android.internal.telephony.gsm.GSMPhone) {4a8a5ee}
01-16 14:08:47.894  1906  1906 I Telephony: AccountEntry: updateVideoPauseSupport -- mcc/mnc for sub: {id=1, iccId=89014103211118510720 simSlotIndex=0 displayName=Android carrierName=Android nameSource=0 iconTint=-16746133 dataRoaming=0 iconBitmap=android.graphics.Bitmap@621ba1b mcc 310 mnc 260}
01-16 14:08:47.896  1558  1990 I Telecom : PhoneAccountRegistrar: [ComponentInfo{com.android.phone/com.android.services.telephony.TelephonyConnectionService}, [e2f7d48dd2b5ca523e7313cf4ba0f6ea830b6281], UserHandle{0}(icon: Icon(typ=BITMAP size=50x63) -> Icon(typ=BITMAP size=50x63))]
01-16 14:08:47.917  1558  1990 I Telecom : : Sending phone-account intent as user
01-16 14:08:47.918  1906  1906 I Telephony: AccountEntry: Registered phoneAccount: [[ ] PhoneAccount: ComponentInfo{com.android.phone/com.android.services.telephony.TelephonyConnectionService}, [e2f7d48dd2b5ca523e7313cf4ba0f6ea830b6281], UserHandle{0} Capabilities: 54 Schemes: tel voicemail ] with handle: ComponentInfo{com.android.phone/com.android.services.telephony.TelephonyConnectionService}, [e2f7d48dd2b5ca523e7313cf4ba0f6ea830b6281], UserHandle{0}
01-16 14:08:47.918  1906  1906 I Telephony: PstnIncomingCallNotifier: Registering: Handler (com.android.internal.telephony.gsm.GSMPhone) {4a8a5ee}
01-16 14:08:47.921  1558  2117 W Telecom : : No account found for the calling user
01-16 14:08:47.929  1906  1906 I Telephony: PstnIncomingCallNotifier: Unregistering: Handler (com.android.internal.telephony.gsm.GSMPhone) {4a8a5ee}
01-16 14:08:47.940  1906  1906 I Telephony: AccountEntry: updateVideoPauseSupport -- mcc/mnc for sub: {id=1, iccId=89014103211118510720 simSlotIndex=0 displayName=Android carrierName=Android nameSource=0 iconTint=-16746133 dataRoaming=0 iconBitmap=android.graphics.Bitmap@f604dcd mcc 310 mnc 260}
01-16 14:08:47.943  1558  2117 I Telecom : PhoneAccountRegistrar: [ComponentInfo{com.android.phone/com.android.services.telephony.TelephonyConnectionService}, [e2f7d48dd2b5ca523e7313cf4ba0f6ea830b6281], UserHandle{0}(icon: Icon(typ=BITMAP size=50x63) -> Icon(typ=BITMAP size=50x63))]
01-16 14:08:47.959  1558  2117 I Telecom : : Sending phone-account intent as user
01-16 14:08:47.960  1906  1906 I Telephony: AccountEntry: Registered phoneAccount: [[ ] PhoneAccount: ComponentInfo{com.android.phone/com.android.services.telephony.TelephonyConnectionService}, [e2f7d48dd2b5ca523e7313cf4ba0f6ea830b6281], UserHandle{0} Capabilities: 54 Schemes: tel voicemail ] with handle: ComponentInfo{com.android.phone/com.android.services.telephony.TelephonyConnectionService}, [e2f7d48dd2b5ca523e7313cf4ba0f6ea830b6281], UserHandle{0}
01-16 14:08:47.960  1906  1906 I Telephony: PstnIncomingCallNotifier: Registering: Handler (com.android.internal.telephony.gsm.GSMPhone) {4a8a5ee}
01-16 14:08:47.996  1558  2097 W Telecom : : No account found for the calling user
01-16 14:08:48.006  1906  1906 I NotificationMgr: updateMwi(): subId 1 update to false
01-16 14:08:48.017  1558  1688 I Telecom : PhoneAccountRegistrar: [ComponentInfo{com.android.phone/com.android.services.telephony.TelephonyConnectionService}, [e2f7d48dd2b5ca523e7313cf4ba0f6ea830b6281], UserHandle{0}(icon: Icon(typ=BITMAP size=50x63) -> Icon(typ=BITMAP size=50x63))]
01-16 14:08:48.059  1558  1688 I Telecom : : Sending phone-account intent as user
01-16 14:08:48.076  1558  2117 I Telecom : PhoneAccountRegistrar: [ComponentInfo{com.android.phone/com.android.services.telephony.TelephonyConnectionService}, [e2f7d48dd2b5ca523e7313cf4ba0f6ea830b6281], UserHandle{0}(icon: Icon(typ=BITMAP size=50x63) -> Icon(typ=BITMAP size=50x63))]
01-16 14:08:48.095  1558  2117 I Telecom : : Sending phone-account intent as user
01-16 14:08:48.098  1906  1906 D CarrierConfigLoader: mHandler: 5 phoneId: 0
01-16 14:08:48.109  1558  1558 I Telecom : PhoneAccountRegistrar: SimCallManager queried, returning: null
01-16 14:08:48.116  1558  2106 I Telecom : PhoneAccountRegistrar: [ComponentInfo{com.android.phone/com.android.services.telephony.TelephonyConnectionService}, [e2f7d48dd2b5ca523e7313cf4ba0f6ea830b6281], UserHandle{0}(icon: Icon(typ=BITMAP size=50x63) -> Icon(typ=BITMAP size=50x63))]
01-16 14:08:48.136  1558  2106 I Telecom : : Sending phone-account intent as user
01-16 14:08:48.147  1558  2117 I Telecom : PhoneAccountRegistrar: [ComponentInfo{com.android.phone/com.android.services.telephony.TelephonyConnectionService}, [e2f7d48dd2b5ca523e7313cf4ba0f6ea830b6281], UserHandle{0}(icon: Icon(typ=BITMAP size=50x63) -> Icon(typ=BITMAP size=50x63))]
01-16 14:08:48.166  1558  2117 I Telecom : : Sending phone-account intent as user
01-16 14:08:48.182  1906  1906 D TelephonyProvider: subIdString = 1 subId = 1
01-16 14:08:48.234  1558  1982 D ConnectivityService: registerNetworkAgent NetworkAgentInfo{ ni{[type: MOBILE[LTE], state: CONNECTED/CONNECTED, reason: connected, extra: epc.tmobile.com, roaming: false, failover: false, isAvailable: true]}  network{100}  lp{{InterfaceName: eth0 LinkAddresses: [10.0.2.15/32,]  Routes: [0.0.0.0/0 -> 10.0.2.2 eth0,] DnsAddresses: [10.0.2.3,10.0.2.4,] Domains: null MTU: 1500 TcpBufferSizes: 524288,1048576,2097152,262144,524288,1048576}}  nc{[ Transports: CELLULAR Capabilities: MMS&SUPL&FOTA&IMS&CBS&IA&INTERNET&NOT_RESTRICTED&TRUSTED&NOT_VPN LinkUpBandwidth>=51200Kbps LinkDnBandwidth>=102400Kbps Specifier: <1>]}  Score{10}  everValidated{false}  lastValidated{false}  created{false} lingering{false} explicitlySelected{false} acceptUnvalidated{false} everCaptivePortalDetected{false} lastCaptivePortalDetected{false} }
01-16 14:08:48.235  1558  1614 D ConnectivityService: NetworkAgentInfo [MOBILE (LTE) - 100] EVENT_NETWORK_INFO_CHANGED, going from null to CONNECTED
01-16 14:08:48.236  1558  1614 D ConnectivityService: Adding iface eth0 to network 100
01-16 14:08:48.260  1558  1614 D ConnectivityService: Setting MTU size: eth0, 1500
01-16 14:08:48.261  1558  1614 D ConnectivityService: Adding Route [0.0.0.0/0 -> 10.0.2.2 eth0] to network 100
01-16 14:08:48.262  1558  1614 D ConnectivityService: Setting Dns servers for network 100 to [/10.0.2.3, /10.0.2.4]
01-16 14:08:48.292  1558  1614 D ConnectivityService: notifyType IP_CHANGED for NetworkAgentInfo [MOBILE (LTE) - 100]
01-16 14:08:48.298  1558  1614 D ConnectivityService: scheduleUnvalidatedPrompt 100
01-16 14:08:48.298  1558  1614 D ConnectivityService: rematching NetworkAgentInfo [MOBILE (LTE) - 100]
01-16 14:08:48.298  1558  1614 D ConnectivityService:    accepting network in place of null
01-16 14:08:48.302  1558  2097 I AccountManagerService: getTypesVisibleToCaller: isPermitted? true
01-16 14:08:48.304  1558  1614 D ConnectivityService: Switching to new default network: NetworkAgentInfo{ ni{[type: MOBILE[LTE], state: CONNECTED/CONNECTED, reason: connected, extra: epc.tmobile.com, roaming: false, failover: false, isAvailable: true]}  network{100}  lp{{InterfaceName: eth0 LinkAddresses: [10.0.2.15/32,]  Routes: [0.0.0.0/0 -> 10.0.2.2 eth0,] DnsAddresses: [10.0.2.3,10.0.2.4,] Domains: null MTU: 1500 TcpBufferSizes: 524288,1048576,2097152,262144,524288,1048576}}  nc{[ Transports: CELLULAR Capabilities: MMS&SUPL&FOTA&IMS&CBS&IA&INTERNET&NOT_RESTRICTED&TRUSTED&NOT_VPN LinkUpBandwidth>=51200Kbps LinkDnBandwidth>=102400Kbps Specifier: <1>]}  Score{10}  everValidated{false}  lastValidated{false}  created{true} lingering{false} explicitlySelected{false} acceptUnvalidated{false} everCaptivePortalDetected{false} lastCaptivePortalDetected{false} }
01-16 14:08:48.319  1249  1549 V IdletimerController: runCmd(/system/bin/ip6tables -w -t raw -A idletimer_raw_PREROUTING -i eth0 -j IDLETIMER --timeout 10 --label 0 --send_nl_msg 1) res_ipv4=0, res_ipv6=0
01-16 14:08:48.326  1249  1549 V IdletimerController: runCmd(/system/bin/ip6tables -w -t mangle -A idletimer_mangle_POSTROUTING -o eth0 -j IDLETIMER --timeout 10 --label 0 --send_nl_msg 1) res_ipv4=0, res_ipv6=0
01-16 14:08:48.350  1558  1954 D ConnectivityService: setProvNotificationVisible: E visible=false networkType=0 action=com.android.internal.telephony.PROVISION0
01-16 14:08:48.351  1558  1954 D ConnectivityService: setProvNotificationVisibleIntent SIGN_IN visible=false networkType=MOBILE extraInfo=null highPriority=false
01-16 14:08:48.355  1558  1614 D ConnectivityService: Setting tx/rx TCP buffers to 524288,1048576,2097152,262144,524288,1048576
01-16 14:08:48.359  1652  2084 D ConnectivityManager.CallbackHandler: CM callback handler got msg 524290
01-16 14:08:48.359  1558  1614 D CSLegacyTypeTracker: Sending CONNECTED broadcast for type 0 NetworkAgentInfo [MOBILE (LTE) - 100] isDefaultNetwork=true
01-16 14:08:48.360  1558  1614 D ConnectivityService: sendStickyBroadcast: action=android.net.conn.CONNECTIVITY_CHANGE
01-16 14:08:48.360  1558  1614 D ConnectivityService: notifyType PRECHECK for NetworkAgentInfo [MOBILE (LTE) - 100]
01-16 14:08:48.363  1558  1578 D Tethering: MasterInitialState.processMessage what=3
01-16 14:08:48.371  1652  2084 D ConnectivityManager.CallbackHandler: CM callback handler got msg 524289
01-16 14:08:48.374  1558  2281 D NetworkMonitor/NetworkAgentInfo [MOBILE (LTE) - 100]: Checking http://connectivitycheck.gstatic.com/generate_204 on epc.tmobile.com, connectivitycheck.gstatic.com=172.217.3.174,2607:f8b0:400a:800::200e
01-16 14:08:48.386  2240  2240 I DynamiteModule: Considering local module com.google.android.gms.googlecertificates:2 and remote module com.google.android.gms.googlecertificates:2
01-16 14:08:48.386  2240  2240 I DynamiteModule: Selected remote version of com.google.android.gms.googlecertificates, version >= 2
01-16 14:08:48.517  2240  2240 E ChimeraRcvrProxy: Chimera config error: com.google.android.chimera.config.InvalidConfigException: No registered Chimera receiver impl for ComponentInfo{com.google.android.gms/com.google.android.gms.reminders.notification.NotificationReceiver}
01-16 14:08:48.517  2240  2240 E ChimeraRcvrProxy: com.google.android.gms.reminders.notification.NotificationReceiver dropping broadcast android.intent.action.TIME_SET
01-16 14:08:48.579  1558  2097 I ActivityManager: Start proc 2311:com.android.calendar/u0a21 for broadcast com.android.calendar/.widget.CalendarAppWidgetService$CalendarFactory
01-16 14:08:48.593  1558  2281 D NetworkMonitor/NetworkAgentInfo [MOBILE (LTE) - 100]: isCaptivePortal: ret=204 headers={null=[HTTP/1.1 204 No Content], Content-Length=[0], Date=[Mon, 16 Jan 2017 22:08:48 GMT], X-Android-Received-Millis=[1484604528592], X-Android-Response-Source=[NETWORK 204], X-Android-Selected-Protocol=[http/1.1], X-Android-Sent-Millis=[1484604528409]}
01-16 14:08:48.593  1558  1614 D ConnectivityService: setProvNotificationVisibleIntent null visible=false networkType=MOBILE extraInfo=null highPriority=false
01-16 14:08:48.593  1558  1614 D ConnectivityService: NetworkAgentInfo [MOBILE (LTE) - 100] validation  passed
01-16 14:08:48.593  1558  1614 D ConnectivityService: rematching NetworkAgentInfo [MOBILE (LTE) - 100]
01-16 14:08:48.594  1558  1614 D ConnectivityService: notifyType CAP_CHANGED for NetworkAgentInfo [MOBILE (LTE) - 100]
01-16 14:08:48.594  1558  1614 D ConnectivityService: sendStickyBroadcast: action=android.net.conn.INET_CONDITION_ACTION
01-16 14:08:48.595  1652  2084 D ConnectivityManager.CallbackHandler: CM callback handler got msg 524294
01-16 14:08:48.615  2311  2311 W System  : ClassLoader referenced unknown path: /system/app/Calendar/lib/x86
01-16 14:08:48.643  2240  2323 I EventLogChimeraService: Aggregate from 1484522494867 (log), 1484521682372 (data)
01-16 14:08:48.679  2311  2311 D ExtensionsFactory: No custom extensions.
01-16 14:08:48.708  2226  2226 V AlarmClock: AlarmInitReceiver android.intent.action.TIME_SET
01-16 14:08:48.717  1558  1569 I ActivityManager: Start proc 2336:com.android.providers.calendar/u0a1 for content provider com.android.providers.calendar/.CalendarProvider2
01-16 14:08:48.748  2336  2336 W System  : ClassLoader referenced unknown path: /system/priv-app/CalendarProvider/lib/x86
01-16 14:08:48.802  2226  2350 V AlarmClock: AlarmInitReceiver finished
01-16 14:08:48.818  2336  2336 I CalendarProvider2: Created com.android.providers.calendar.CalendarAlarmManager@1b2b2e2(com.android.providers.calendar.CalendarProvider2@8633673)
01-16 14:08:48.828  1558  1982 I AccountManagerService: getTypesVisibleToCaller: isPermitted? true
01-16 14:08:49.257  1558  1708 I ActivityManager: Start proc 2368:com.android.messaging/u0a49 for broadcast com.android.messaging/.receiver.DefaultSmsSubscriptionChangeReceiver
01-16 14:08:49.304  2368  2368 W System  : ClassLoader referenced unknown path: /system/app/messaging/lib/x86
01-16 14:08:49.452  2368  2386 I MessagingAppDataModel: Fixup: Send failed - 0 Download failed - 0
01-16 14:08:49.458  2368  2368 I MessagingApp: Carrier config changed. Reloading MMS config.
01-16 14:08:49.583  2368  2384 W MessagingApp: canonicalizeMccMnc: invalid mccmnc:null ,null
01-16 14:08:49.591  1558  2117 D MmsServiceBroker: getCarrierConfigValues() by com.android.messaging
01-16 14:08:49.591  1558  2117 W MmsServiceBroker: MmsService not connected. Try connecting...
01-16 14:08:49.591  1558  1558 I MmsServiceBroker: Connecting to MmsService
01-16 14:08:49.591  1558  1558 W ContextImpl: Calling a method in the system process without a qualified user: android.app.ContextImpl.bindService:1285 com.android.server.MmsServiceBroker.tryConnecting:240 com.android.server.MmsServiceBroker.-wrap3:-1 com.android.server.MmsServiceBroker$1.handleMessage:82 android.os.Handler.dispatchMessage:102 
01-16 14:08:49.595  1906  1906 W System  : ClassLoader referenced unknown path: /system/priv-app/MmsService/lib/x86
01-16 14:08:49.596  2240  2250 W art     : Suspending all threads took: 10.467ms
01-16 14:08:49.599  1906  1906 D MmsService: onCreate
01-16 14:08:49.605  1558  1558 I MmsServiceBroker: MmsService connected
01-16 14:08:49.606  1906  2177 D MmsService: getCarrierConfigValues
01-16 14:08:49.606  1906  2177 I MmsService: mms config for sub 1: null
01-16 14:08:49.606  2368  2384 I MessagingApp: Carrier configs loaded: Bundle[{maxImageHeight=1944, maxMessageSize=1048576, maxImageWidth=2592}] from resources+system for subId=1
01-16 14:08:49.612  1906  2397 I MmsService: MmsConfigManager loads in background mcc/mnc: 310/260
01-16 14:08:49.698  2368  2388 W MessagingApp: canonicalizeMccMnc: invalid mccmnc:null ,null
01-16 14:08:49.720  2240  2280 I GoogleURLConnFactory: Using platform SSLCertificateSocketFactory
01-16 14:08:49.722  2240  2280 E BaseAppContext: Tried to stop global GMSCore RequestQueue. This is likely unintended, so ignoring.
01-16 14:08:49.732  1558  2097 D MmsServiceBroker: getCarrierConfigValues() by com.android.messaging
01-16 14:08:49.733  1906  1933 D MmsService: getCarrierConfigValues
01-16 14:08:49.734  1906  1933 I MmsService: mms config for sub 1: Bundle[{httpSocketTimeout=60000, aliasMinChars=2, smsToMmsTextThreshold=-1, enableSMSDeliveryReports=true, maxMessageTextSize=-1, supportMmsContentDisposition=true, enabledTransID=false, aliasEnabled=false, supportHttpCharsetHeader=false, allowAttachAudio=true, smsToMmsTextLengthThreshold=-1, recipientLimit=2147483647, uaProfTagName=x-wap-profile, aliasMaxChars=48, maxImageHeight=1944, enableMMSDeliveryReports=false, userAgent=, config_cellBroadcastAppLinks=true, maxSubjectLength=40, httpParams=, enableGroupMms=true, emailGatewayNumber=, maxMessageSize=1048576, naiSuffix=, enableMMSReadReports=false, maxImageWidth=2592, uaProfUrl=, enabledMMS=false, enabledNotifyWapMMSC=false, sendMultipartSmsAsSeparateMessages=false, enableMultipartSMS=true}]
01-16 14:08:49.739  2368  2388 I MessagingApp: Carrier configs loaded: Bundle[{httpSocketTimeout=60000, aliasMinChars=2, smsToMmsTextThreshold=-1, enableSMSDeliveryReports=true, maxMessageTextSize=-1, supportMmsContentDisposition=true, enabledTransID=false, aliasEnabled=false, supportHttpCharsetHeader=false, allowAttachAudio=true, smsToMmsTextLengthThreshold=-1, recipientLimit=2147483647, uaProfTagName=x-wap-profile, aliasMaxChars=48, maxImageHeight=1944, enableMMSDeliveryReports=false, userAgent=, config_cellBroadcastAppLinks=true, maxSubjectLength=40, httpParams=, enableGroupMms=true, emailGatewayNumber=, maxMessageSize=1048576, naiSuffix=, enableMMSReadReports=false, maxImageWidth=2592, uaProfUrl=, enabledMMS=false, enabledNotifyWapMMSC=false, sendMultipartSmsAsSeparateMessages=false, enableMultipartSMS=true}] from resources+system for subId=1
