01-16 14:08:49.744  2240  2280 I CryptAuthSync: [DeviceStateSyncManager] Skipping sync since last one was 4400ms ago.
01-16 14:08:49.845  1558  1558 I AccountManagerService: getTypesVisibleToCaller: isPermitted? true
01-16 14:08:49.863  1558  2408 I ActivityManager: Start proc 2410:com.android.keychain/1000 for service com.android.keychain/.KeyChainService
01-16 14:08:49.875  2336  2336 I CalendarProvider2: Sending notification intent: Intent { act=android.intent.action.PROVIDER_CHANGED dat=content://com.android.calendar }
01-16 14:08:49.875  2336  2336 W ContentResolver: Failed to get type for: content://com.android.calendar (Unknown URL content://com.android.calendar)
01-16 14:08:49.885  1558  2423 I RecoverySystem: No recovery log file
01-16 14:08:49.897  1558  1688 I ActivityManager: Start proc 2425:com.android.dialer/u0a5 for broadcast com.android.dialer/.calllog.CallLogReceiver
01-16 14:08:49.902  1558  2423 I BootReceiver: Copying audit failures to DropBox
01-16 14:08:49.902  1558  2423 I BootReceiver: Checking for fsck errors
01-16 14:08:50.006  2410  2416 I art     : Debugger is no longer active
01-16 14:08:50.031  2368  2439 I MessagingAppDataModel: SyncMessagesAction: Starting batch for messages from 1484522492816 to 1484604529416 (message update limit = 80, message scan limit = 4000)
01-16 14:08:50.040  2368  2388 W MessagingApp: canonicalizeMccMnc: invalid mccmnc:null ,null
01-16 14:08:50.043  2410  2410 W System  : ClassLoader referenced unknown path: /system/app/KeyChain/lib/x86
01-16 14:08:50.052  2425  2425 W System  : ClassLoader referenced unknown path: /system/priv-app/Dialer/lib/x86
01-16 14:08:50.070  2425  2425 D ExtensionsFactory: No custom extensions.
01-16 14:08:50.076  1558  1569 D MmsServiceBroker: getCarrierConfigValues() by com.android.messaging
01-16 14:08:50.076  1906  1933 D MmsService: getCarrierConfigValues
01-16 14:08:50.076  1906  1933 I MmsService: mms config for sub 1: Bundle[{httpSocketTimeout=60000, aliasMinChars=2, smsToMmsTextThreshold=-1, enableSMSDeliveryReports=true, maxMessageTextSize=-1, supportMmsContentDisposition=true, enabledTransID=false, aliasEnabled=false, supportHttpCharsetHeader=false, allowAttachAudio=true, smsToMmsTextLengthThreshold=-1, recipientLimit=2147483647, uaProfTagName=x-wap-profile, aliasMaxChars=48, maxImageHeight=1944, enableMMSDeliveryReports=false, userAgent=, config_cellBroadcastAppLinks=true, maxSubjectLength=40, httpParams=, enableGroupMms=true, emailGatewayNumber=, maxMessageSize=1048576, naiSuffix=, enableMMSReadReports=false, maxImageWidth=2592, uaProfUrl=, enabledMMS=false, enabledNotifyWapMMSC=false, sendMultipartSmsAsSeparateMessages=false, enableMultipartSMS=true}]
01-16 14:08:50.077  2368  2388 I MessagingApp: Carrier configs loaded: Bundle[{httpSocketTimeout=60000, aliasMinChars=2, smsToMmsTextThreshold=-1, enableSMSDeliveryReports=true, maxMessageTextSize=-1, supportMmsContentDisposition=true, enabledTransID=false, aliasEnabled=false, supportHttpCharsetHeader=false, allowAttachAudio=true, smsToMmsTextLengthThreshold=-1, recipientLimit=2147483647, uaProfTagName=x-wap-profile, aliasMaxChars=48, maxImageHeight=1944, enableMMSDeliveryReports=false, userAgent=, config_cellBroadcastAppLinks=true, maxSubjectLength=40, httpParams=, enableGroupMms=true, emailGatewayNumber=, maxMessageSize=1048576, naiSuffix=, enableMMSReadReports=false, maxImageWidth=2592, uaProfUrl=, enabledMMS=false, enabledNotifyWapMMSC=false, sendMultipartSmsAsSeparateMessages=false, enableMultipartSMS=true}] from resources+system for subId=1
01-16 14:08:50.084  1906  1906 V OtaStartupReceiver: onOtaspChanged: mOtaspMode=3
01-16 14:08:50.085  1558  1612 D WIFI    : Registering NetworkFactory
01-16 14:08:50.085  1558  1612 D WIFI_UT : Registering NetworkFactory
01-16 14:08:50.086  1558  1614 D ConnectivityService: Got NetworkFactory Messenger for WIFI
01-16 14:08:50.086  1558  1614 D ConnectivityService: Got NetworkFactory Messenger for WIFI_UT
01-16 14:08:50.086  1558  1612 D WIFI    : got request NetworkRequest [ id=1, legacyType=-1, [ Capabilities: INTERNET&NOT_RESTRICTED&TRUSTED&NOT_VPN] ] with score 50
01-16 14:08:50.089  1558  1612 D WIFI_UT : got request NetworkRequest [ id=1, legacyType=-1, [ Capabilities: INTERNET&NOT_RESTRICTED&TRUSTED&NOT_VPN] ] with score 50
01-16 14:08:50.226  1558  2097 I ActivityManager: Start proc 2447:com.android.managedprovisioning/u0a10 for broadcast com.android.managedprovisioning/.BootReminder
01-16 14:08:50.281  2447  2447 W System  : ClassLoader referenced unknown path: /system/priv-app/ManagedProvisioning/lib/x86
01-16 14:08:50.398  1558  2097 D CountryDetector: The first listener is added
01-16 14:08:50.408  2368  2445 I MessagingAppDataModel: SyncMessagesAction: All messages now in sync
01-16 14:08:50.646  1984  2198 I Scheduler: Use QosScheduler
01-16 14:08:50.726  2465  2465 D AndroidRuntime: >>>>>> START com.android.internal.os.RuntimeInit uid 0 <<<<<<
01-16 14:08:50.728  2465  2465 D AndroidRuntime: CheckJNI is ON
01-16 14:08:50.753  2465  2465 D ICU     : No timezone override file found: /data/misc/zoneinfo/current/icu/icu_tzdata.dat
01-16 14:08:50.765  1984  2198 W InstanceID/Rpc: Found 10008
01-16 14:08:50.792  2465  2465 E memtrack: Couldn't load memtrack module (No such file or directory)
01-16 14:08:50.793  2465  2465 E android.os.Debug: failed to load memtrack module: -2
01-16 14:08:50.794  2465  2465 I Radio-JNI: register_android_hardware_Radio DONE
01-16 14:08:50.808  2465  2465 D AndroidRuntime: Calling main entry com.android.commands.wm.Wm
01-16 14:08:50.819  2465  2465 D AndroidRuntime: Shutting down VM
01-16 14:08:50.854  1558  1613 D WifiService: New client listening to asynchronous messages
01-16 14:08:50.859  1984  2198 I Scheduler: Cleaning up unwanted schedulers, if there are any.
01-16 14:08:50.864  2240  2240 I CastSocket: 23 >= 18. Adding new CastClientAuthKeyManager.
01-16 14:08:50.897  2240  2240 I DeviceCache: Unable to convert the the network interface's MAC Address to string. MAC address cannot be null.
01-16 14:08:50.898  2240  2240 I DeviceCache: Unable to convert the the network interface's MAC Address to string. MAC address cannot be null.
01-16 14:08:50.929  2240  2480 I CheckinService: Disabling old GoogleServicesFramework version
01-16 14:08:51.053  2240  2280 W InstanceID/Rpc: Found 10008
01-16 14:08:51.081  2240  2240 W System  : ClassLoader referenced unknown path: /system/app/PlayGames/lib/x86
01-16 14:08:51.099  1558  1954 I AccountManagerService: getTypesVisibleToCaller: isPermitted? true
01-16 14:08:51.117  1558  1570 I AccountManagerService: getTypesVisibleToCaller: isPermitted? true
01-16 14:08:51.162  1558  1688 I AccountManagerService: getTypesVisibleToCaller: isPermitted? true
01-16 14:08:51.169  1558  1990 I AccountManagerService: getTypesVisibleToCaller: isPermitted? true
01-16 14:08:51.176  1558  2097 I AccountManagerService: getTypesVisibleToCaller: isPermitted? true
01-16 14:08:51.183  1984  1984 E BluetoothAdapter: Bluetooth binder is null
01-16 14:08:51.187  1984  2488 W WakefulBroadcastReceiver: No active wake lock id #3
01-16 14:08:51.208  1673  2464 W MediaScanner: Error opening directory '/oem/media/', skipping: No such file or directory.
01-16 14:08:51.217  2240  2280 I Backup  : [ComponentEnabler] Disabling target components
01-16 14:08:51.233  2240  2280 V Backup  : [ComponentEnabler] Disabling Component: com.google.android.gms.backup.component.BackupOptInActivity
01-16 14:08:51.234  2240  2280 V Backup  : [ComponentEnabler] Disabling Component: com.google.android.gms.backup.component.BackupSettingsActivity
01-16 14:08:51.240  2240  2280 V Backup  : [ComponentEnabler] Disabling Component: com.google.android.gms.backup.component.D2dMigrateFlowActivity
01-16 14:08:51.246  2240  2280 V Backup  : [ComponentEnabler] Disabling Component: com.google.android.gms.backup.component.D2dMigrateService
01-16 14:08:51.249  2240  2483 V Backup  : [MigrateUtil] Clearing migrate temp dir: /data/user/0/com.google.android.gms/files/migrate_dir
01-16 14:08:51.341  2240  2280 I Backup  : [ComponentEnabler] Enabling source components
01-16 14:08:51.341  2240  2280 V Backup  : [ComponentEnabler] Enabling Component: com.google.android.gms.backup.component.D2dSourceActivity
01-16 14:08:51.347  2240  2280 V Backup  : [ComponentEnabler] Enabling Component: com.google.android.gms.backup.component.D2dSourceService
01-16 14:08:51.352  2240  2280 V Backup  : [ComponentEnabler] Enabling Component: com.google.android.gms.backup.component.CloudRestoreFlowActivity
01-16 14:08:51.369  2028  2139 I SearchServiceFactory: refreshing internal icing corpora
01-16 14:08:51.400  1558  2117 I AccountManagerService: getTypesVisibleToCaller: isPermitted? true
01-16 14:08:51.447  1984  2390 I ClearcutBootCompleteIntentOperation: Device boot count in clearcut increased.
01-16 14:08:51.497  2311  2311 D AlertReceiver: onReceive: a=android.intent.action.BOOT_COMPLETED Intent { act=android.intent.action.BOOT_COMPLETED flg=0x8000010 cmp=com.android.calendar/.alerts.AlertReceiver (has extras) }
01-16 14:08:51.522  2226  2226 V AlarmClock: AlarmInitReceiver android.intent.action.BOOT_COMPLETED
01-16 14:08:51.534  2311  2502 D AlertService: 0 Action = android.intent.action.BOOT_COMPLETED
01-16 14:08:51.561  2226  2350 V AlarmClock: AlarmInitReceiver - Reset timers and clear stopwatch data
01-16 14:08:51.628  2226  2350 V AlarmClock: AlarmInitReceiver finished
01-16 14:08:51.647  1558  1688 I ActivityManager: Start proc 2509:com.android.email/u0a29 for broadcast com.android.email/.service.EmailBroadcastReceiver
01-16 14:08:51.724  2509  2515 I art     : Debugger is no longer active
01-16 14:08:51.737  2028  2135 I SearchServiceFactory: refreshing search history.
01-16 14:08:51.760  2240  2526 I Auth    : [FRP,FrpUpdateIntentOperation] Frp is not supported for this device / user
01-16 14:08:51.794  1558  2117 I AccountManagerService: getTypesVisibleToCaller: isPermitted? true
01-16 14:08:51.799  1558  1708 I AccountManagerService: getTypesVisibleToCaller: isPermitted? true
01-16 14:08:51.866  1558  1982 I AccountManagerService: getTypesVisibleToCaller: isPermitted? true
01-16 14:08:51.868  1558  1708 I AccountManagerService: getTypesVisibleToCaller: isPermitted? true
01-16 14:08:51.870  2509  2509 W System  : ClassLoader referenced unknown path: /system/app/Email/lib/x86
01-16 14:08:51.913  2240  2482 I art     : Note: end time exceeds epoch: 
01-16 14:08:51.944  2311  2502 D AlertService: Scheduling next alarm with AlarmScheduler. sEventReminderReceived: null
01-16 14:08:51.986  2028  2550 I UpdateIcingCorporaServi: Updating corpora: APPS=MAYBE, CONTACTS=MAYBE
01-16 14:08:52.026  1984  1984 I NetworkScheduler: Using standalone scheduling engine
01-16 14:08:52.103  2028  2550 I UpdateIcingCorporaServi: UpdateCorporaTask done [took 117 ms] updated apps [took 116 ms] 
01-16 14:08:52.126  1558  1982 I ActivityManager: Start proc 2559:com.android.exchange/u0a31 for service com.android.exchange/.service.EasService
01-16 14:08:52.185  2240  2483 I FA-SVC  : App measurement is starting up, version: 10084
01-16 14:08:52.185  2240  2483 I FA-SVC  : To enable debug logging run: adb shell setprop log.tag.FA VERBOSE
01-16 14:08:52.231  2559  2559 W System  : ClassLoader referenced unknown path: /system/app/Exchange2/lib/x86
01-16 14:08:52.254  2240  2576 I FA-SVC  : This instance being marked as an uploader
01-16 14:08:52.293  2509  2571 D ActivityThread: Loading provider com.android.email.provider;com.android.email.notifier: com.android.email.provider.EmailProvider
01-16 14:08:52.385  2240  2250 I art     : Background partial concurrent mark sweep GC freed 17083(1750KB) AllocSpace objects, 27(536KB) LOS objects, 39% free, 5MB/9MB, paused 5.098ms total 125.410ms
01-16 14:08:52.409  2240  2551 W IcingInternalCorpora: getNumBytesRead when not calculated.
01-16 14:08:52.453  2240  2483 V SmartDevice: [service,SmartDeviceIntentHandlers] OnUpgradeOrBootOperation got intent: Intent { act=android.intent.action.BOOT_COMPLETED flg=0x8000010 cmp=com.google.android.gms/.chimera.GmsIntentOperationService (has extras) } with flag 2
01-16 14:08:52.461  1884  1884 I SystemBroadcastReceiver: Boot has been completed
01-16 14:08:52.461  1884  1884 I SystemBroadcastReceiver: toggleAppIcon() : FLAG_SYSTEM = true
01-16 14:08:52.597  1558  2117 I AccountManagerService: getTypesVisibleToCaller: isPermitted? true
01-16 14:08:52.754  2240  2526 I MS_RegisterService: RegisterService intent:Intent { act=com.google.android.gms.matchstick.register_intent_action cat=[targeted_intent_op_prefix:com.google.android.libraries.matchstick.net.SilentRegisterIntentOperation] cmp=com.google.android.gms/.chimera.GmsIntentOperationService } isPeriodic:false
01-16 14:08:52.843  1906  1906 I OmtpVvmCarrierConfigHelper: Requesting VVM activation for subId: 1
01-16 14:08:52.853  2240  2280 I Vision  : Supported ABIS: [x86]
01-16 14:08:52.948  2240  2526 I MS_PhoneUtils: Phone type: 1
01-16 14:08:53.054  2240  2526 I MS_RegisterService: Doing full registration.
01-16 14:08:53.146  1906  1906 V VvmPhoneStateListener: Signal returned: reattempting activation for 89014103211118510720
01-16 14:08:53.159  1906  1906 I OmtpVvmCarrierConfigHelper: Requesting VVM activation for subId: 1
01-16 14:08:53.321  2240  2278 I Ads     : Initialized AdMob.
01-16 14:08:53.357  1558  2117 I AccountManagerService: getTypesVisibleToCaller: isPermitted? true
01-16 14:08:53.357  1558  1570 I AccountManagerService: getTypesVisibleToCaller: isPermitted? true
01-16 14:08:53.380  1984  2193 W ContentTaskController: Invalid newTask was provided to startTracking.
01-16 14:08:53.380  1984  2193 W ContentTaskController: Invalid newTask was provided to startTracking.
01-16 14:08:53.380  1984  2193 W ContentTaskController: Invalid newTask was provided to startTracking.
01-16 14:08:53.380  1984  2193 W ContentTaskController: Invalid newTask was provided to startTracking.
01-16 14:08:53.380  1984  2193 W ContentTaskController: Invalid newTask was provided to startTracking.
01-16 14:08:53.380  1984  2193 W ContentTaskController: Invalid newTask was provided to startTracking.
01-16 14:08:53.380  1984  2193 W ContentTaskController: Invalid newTask was provided to startTracking.
01-16 14:08:53.380  1984  2193 W ContentTaskController: Invalid newTask was provided to startTracking.
01-16 14:08:53.380  1984  2193 W ContentTaskController: Invalid newTask was provided to startTracking.
01-16 14:08:53.380  1984  2193 W ContentTaskController: Invalid newTask was provided to startTracking.
01-16 14:08:53.380  1984  2193 W ContentTaskController: Invalid newTask was provided to startTracking.
01-16 14:08:53.380  1984  2193 W ContentTaskController: Invalid newTask was provided to startTracking.
01-16 14:08:53.380  1984  2193 W ContentTaskController: Invalid newTask was provided to startTracking.
01-16 14:08:53.380  1984  2193 W ContentTaskController: Invalid newTask was provided to startTracking.
01-16 14:08:53.380  1984  2193 W ContentTaskController: Invalid newTask was provided to startTracking.
01-16 14:08:53.380  1984  2193 W ContentTaskController: Invalid newTask was provided to startTracking.
01-16 14:08:53.380  1984  2193 W ContentTaskController: Invalid newTask was provided to startTracking.
01-16 14:08:53.380  1984  2193 W ContentTaskController: Invalid newTask was provided to startTracking.
01-16 14:08:53.380  1984  2193 W ContentTaskController: Invalid newTask was provided to startTracking.
01-16 14:08:53.433  1558  1990 I AccountManagerService: getTypesVisibleToCaller: isPermitted? true
01-16 14:08:53.449  2240  2278 I Wear_Controller: Wear is not allowed to run on this device. Not starting control service.
01-16 14:08:53.519  2240  2526 I MS_RegisterService: Throttling registration.
01-16 14:08:53.573  2028  2135 I WebViewFactory: Loading com.android.webview version 44.0.2403.119 (code 246011910)
01-16 14:08:53.576  1558  1708 I AccountManagerService: getTypesVisibleToCaller: isPermitted? true
01-16 14:08:53.576  1558  1569 I AccountManagerService: getTypesVisibleToCaller: isPermitted? true
01-16 14:08:53.628  2509  2520 W art     : Long monitor contention event with owner method=long java.lang.System.currentTimeMillis!() from System.java:4294967294 waiters=0 for 1.184s
01-16 14:08:53.637  2559  2559 I Exchange: EasService.onCreate
01-16 14:08:53.656  2559  2602 I Exchange: RestartPingTask
01-16 14:08:53.706  1558  1570 W ActivityManager: Unable to start service Intent { cmp=com.android.email/.service.AttachmentService } U=0: not found
01-16 14:08:53.720  2311  2502 D AlarmScheduler: No events found starting within 1 week.
01-16 14:08:53.726  1558  1708 W ActivityManager: Unable to start service Intent { cmp=com.android.email/.service.AttachmentService } U=0: not found
01-16 14:08:53.729  2028  2135 W System  : ClassLoader referenced unknown path: /system/app/webview/lib/x86
01-16 14:08:53.735  2509  2603 I Email   : Observing account changes for notifications
01-16 14:08:53.832  2509  2585 W art     : Long monitor contention event with owner method=boolean android.os.BinderProxy.transactNative(int, android.os.Parcel, android.os.Parcel, int) from Binder.java:4294967294 waiters=0 for 1.364s
01-16 14:08:53.833  1558  2117 I AccountManagerService: getTypesVisibleToCaller: isPermitted? true
01-16 14:08:53.835  1558  2106 I AccountManagerService: getTypesVisibleToCaller: isPermitted? true
01-16 14:08:53.835  2028  2135 I LibraryLoader: Time to load native libraries: 62 ms (timestamps 4749-4811)
01-16 14:08:53.837  2028  2135 I LibraryLoader: Expected native library version number "",actual native library version number ""
01-16 14:08:53.855  2028  2135 W art     : Attempt to remove non-JNI local reference, dumping thread
01-16 14:08:53.859  2509  2509 E ActivityThread: Service com.android.email.service.EmailBroadcastProcessorService has leaked ServiceConnection com.android.emailcommon.service.ServiceProxy$ProxyConnection@ab701bf that was originally bound here
01-16 14:08:53.859  2509  2509 E ActivityThread: android.app.ServiceConnectionLeaked: Service com.android.email.service.EmailBroadcastProcessorService has leaked ServiceConnection com.android.emailcommon.service.ServiceProxy$ProxyConnection@ab701bf that was originally bound here
01-16 14:08:53.859  2509  2509 E ActivityThread: 	at android.app.LoadedApk$ServiceDispatcher.<init>(LoadedApk.java:1092)
01-16 14:08:53.859  2509  2509 E ActivityThread: 	at android.app.LoadedApk.getServiceDispatcher(LoadedApk.java:986)
01-16 14:08:53.859  2509  2509 E ActivityThread: 	at android.app.ContextImpl.bindServiceCommon(ContextImpl.java:1303)
01-16 14:08:53.859  2509  2509 E ActivityThread: 	at android.app.ContextImpl.bindService(ContextImpl.java:1286)
01-16 14:08:53.859  2509  2509 E ActivityThread: 	at android.content.ContextWrapper.bindService(ContextWrapper.java:604)
01-16 14:08:53.859  2509  2509 E ActivityThread: 	at com.android.emailcommon.service.ServiceProxy.setTask(ServiceProxy.java:181)
01-16 14:08:53.859  2509  2509 E ActivityThread: 	at com.android.emailcommon.service.ServiceProxy.test(ServiceProxy.java:224)
01-16 14:08:53.859  2509  2509 E ActivityThread: 	at com.android.email.service.EmailServiceUtils.isServiceAvailable(EmailServiceUtils.java:160)
01-16 14:08:53.859  2509  2509 E ActivityThread: 	at com.android.email.provider.AccountReconciler.reconcileAccountsInternal(AccountReconciler.java:171)
01-16 14:08:53.859  2509  2509 E ActivityThread: 	at com.android.email.provider.AccountReconciler.reconcileAccounts(AccountReconciler.java:115)
01-16 14:08:53.859  2509  2509 E ActivityThread: 	at com.android.email.service.EmailBroadcastProcessorService.reconcileAndStartServices(EmailBroadcastProcessorService.java:305)
01-16 14:08:53.859  2509  2509 E ActivityThread: 	at com.android.email.service.EmailBroadcastProcessorService.onBootCompleted(EmailBroadcastProcessorService.java:295)
01-16 14:08:53.859  2509  2509 E ActivityThread: 	at com.android.email.service.EmailBroadcastProcessorService.onHandleIntent(EmailBroadcastProcessorService.java:130)
01-16 14:08:53.859  2509  2509 E ActivityThread: 	at android.app.IntentService$ServiceHandler.handleMessage(IntentService.java:66)
01-16 14:08:53.859  2509  2509 E ActivityThread: 	at android.os.Handler.dispatchMessage(Handler.java:102)
01-16 14:08:53.859  2509  2509 E ActivityThread: 	at android.os.Looper.loop(Looper.java:148)
01-16 14:08:53.859  2509  2509 E ActivityThread: 	at android.os.HandlerThread.run(HandlerThread.java:61)
01-16 14:08:53.872  1558  2097 I AccountManagerService: getTypesVisibleToCaller: isPermitted? true
01-16 14:08:53.885  1558  1990 I AccountManagerService: getTypesVisibleToCaller: isPermitted? true
01-16 14:08:53.921  2240  2611 W IcingInternalCorpora: getNumBytesRead when not calculated.
01-16 14:08:54.009  2559  2559 I Exchange: RestartPingsTask did not start any pings.
01-16 14:08:54.009  2559  2559 I Exchange: PSS stopIfIdle
01-16 14:08:54.009  2559  2559 I Exchange: PSS has no active accounts; stopping service.
01-16 14:08:54.008  2240  2545 I Icing   : Storage manager: low false usage 1.68MB avail 1.75GB capacity 1.94GB
01-16 14:08:54.014  2509  2582 E EmailServiceProxy: RuntimeException when trying to unbind from service
01-16 14:08:54.014  2509  2582 E EmailServiceProxy: java.lang.IllegalArgumentException: Service not registered: com.android.emailcommon.service.ServiceProxy$ProxyConnection@ab701bf
01-16 14:08:54.014  2509  2582 E EmailServiceProxy: 	at android.app.LoadedApk.forgetServiceDispatcher(LoadedApk.java:1044)
01-16 14:08:54.014  2509  2582 E EmailServiceProxy: 	at android.app.ContextImpl.unbindService(ContextImpl.java:1337)
01-16 14:08:54.014  2509  2582 E EmailServiceProxy: 	at android.content.ContextWrapper.unbindService(ContextWrapper.java:616)
01-16 14:08:54.014  2509  2582 E EmailServiceProxy: 	at com.android.emailcommon.service.ServiceProxy$ProxyConnection$1.doInBackground(ServiceProxy.java:124)
01-16 14:08:54.014  2509  2582 E EmailServiceProxy: 	at com.android.emailcommon.service.ServiceProxy$ProxyConnection$1.doInBackground(ServiceProxy.java:113)
01-16 14:08:54.014  2509  2582 E EmailServiceProxy: 	at android.os.AsyncTask$2.call(AsyncTask.java:295)
01-16 14:08:54.014  2509  2582 E EmailServiceProxy: 	at java.util.concurrent.FutureTask.run(FutureTask.java:237)
01-16 14:08:54.014  2509  2582 E EmailServiceProxy: 	at android.os.AsyncTask$SerialExecutor$1.run(AsyncTask.java:234)
01-16 14:08:54.014  2509  2582 E EmailServiceProxy: 	at java.util.concurrent.ThreadPoolExecutor.runWorker(ThreadPoolExecutor.java:1113)
01-16 14:08:54.014  2509  2582 E EmailServiceProxy: 	at java.util.concurrent.ThreadPoolExecutor$Worker.run(ThreadPoolExecutor.java:588)
01-16 14:08:54.014  2509  2582 E EmailServiceProxy: 	at java.lang.Thread.run(Thread.java:818)
01-16 14:08:54.014  2240  2481 I CheckinChimeraService: Checking schedule, now: 1484604534014 next: 1484522497269
01-16 14:08:54.017  2559  2559 I Exchange: onDestroy
01-16 14:08:54.034  2240  2481 I CheckinChimeraService: active receiver: enabled
01-16 14:08:54.038  2240  2481 I CheckinChimeraService: Preparing to send checkin request
01-16 14:08:54.040  2240  2481 I EventLogChimeraService: Accumulating logs since 1484604528683
01-16 14:08:54.100  1984  2604 I GCM     : GCM config loaded
01-16 14:08:54.143  2028  2135 W Search.SearchUrlHelper: Auth token not ready, no auth header set.
01-16 14:08:54.175  2240  2623 I iu.UploadsManager: #reloadSettings(); account: -1; IU: disabled; IS: disabled; IS account: -1; photoWiFi: true; videoWiFi: true; roam: false; battery: true; size: STANDARD; maxMobile: 157286400
01-16 14:08:54.280  1984  1984 I WearableService: Wear is not allowed to run on this device. Not starting Wear service.
01-16 14:08:54.303  2240  2590 E MDM     : [150] ucj.a: Couldn't connect to Google API client: jhx{statusCode=API_UNAVAILABLE, resolution=null, message=null}
01-16 14:08:54.335  2240  2481 W CheckinTask: Fail to connect to GoogleApiClient error : jhx{statusCode=TIMEOUT, resolution=null, message=null}
01-16 14:08:54.362  2240  2481 I CheckinRequestBuilder: Checkin reason type: 18 attempt count: 1
01-16 14:08:54.362  1558  2589 I AccountManagerService: getTypesVisibleToCaller: isPermitted? true
01-16 14:08:54.364  2240  2240 E MDM     : [1] SitrepChimeraService.a: No Google accounts; deferring server state update.
01-16 14:08:54.400  2240  2623 I iu.UploadsManager: End new media; added: 0, uploading: 0, time: 225 ms
01-16 14:08:54.404  1558  1982 I AccountManagerService: getTypesVisibleToCaller: isPermitted? true
01-16 14:08:54.427  2240  2635 I iu.SyncManager: SYNC; picasa accounts
01-16 14:08:54.438  1558  1708 I AccountManagerService: getTypesVisibleToCaller: isPermitted? true
01-16 14:08:54.450  2240  2481 E ActivityThread: Failed to find provider info for com.google.android.wearable.settings
01-16 14:08:54.466  2240  2240 I iu.Environment: update connectivity state; isNetworkMetered? true*, isRoaming? false, isBackgroundDataAllowed? true*
01-16 14:08:54.468  2240  2635 I iu.UploadsManager: num queued entries: 0
01-16 14:08:54.468  2240  2635 I iu.UploadsManager: num updated entries: 0
01-16 14:08:54.468  2240  2635 I iu.SyncManager: NEXT; no task
01-16 14:08:54.482  1558  1708 I ActivityManager: Start proc 2636:com.google.android.apps.photos/u0a42 for broadcast com.google.android.apps.photos/.jobqueue.JobServiceBroadcastReceiver
01-16 14:08:54.580  1558  1990 I AccountManagerService: getTypesVisibleToCaller: isPermitted? true
01-16 14:08:54.588  2028  2135 W art     : Attempt to remove non-JNI local reference, dumping thread
01-16 14:08:54.592  2636  2636 W System  : ClassLoader referenced unknown path: /system/app/Photos/lib/x86
01-16 14:08:54.635  1558  1613 D WifiService: New client listening to asynchronous messages
01-16 14:08:54.778  1558  1688 I ActivityManager: Start proc 2659:com.google.android.gms.ui/u0a8 for service com.google.android.gms/.chimera.UiIntentOperationService
01-16 14:08:54.817  1984  2662 I CheckinUtil: Classify the device as Phone.
01-16 14:08:54.834  2659  2659 W System  : ClassLoader referenced unknown path: /system/priv-app/PrebuiltGmsCore/lib/x86
01-16 14:08:54.910  2659  2659 W System  : ClassLoader referenced unknown path: /system/priv-app/PrebuiltGmsCore/lib/x86
01-16 14:08:54.911  2659  2659 W System  : ClassLoader referenced unknown path: /system/priv-app/PrebuiltGmsCore/lib/x86
01-16 14:08:54.911  2659  2659 W linker  : /data/data/com.google.android.gms/app_extracted_libs/x86/libgmscore.so: unused DT entry: type 0x7ffffffd arg 0x756
01-16 14:08:54.921  2659  2659 W System  : ClassLoader referenced unknown path: /system/priv-app/PrebuiltGmsCore/lib/x86
01-16 14:08:54.921  2659  2659 W System  : ClassLoader referenced unknown path: /system/priv-app/PrebuiltGmsCore/lib/x86
01-16 14:08:54.922  2659  2659 W linker  : /data/data/com.google.android.gms/app_extracted_libs/x86/libconscrypt_gmscore_jni.so: unused DT entry: type 0x1d arg 0x91
01-16 14:08:54.922  2659  2659 W linker  : /data/data/com.google.android.gms/app_extracted_libs/x86/libconscrypt_gmscore_jni.so: unused DT entry: type 0x7ffffffd arg 0x174
01-16 14:08:54.925  2659  2659 V JNIHelp : Registering com/google/android/gms/org/conscrypt/NativeCrypto's 235 native methods...
01-16 14:08:54.937  2659  2659 I art     : Rejecting re-init on previously-failed class java.lang.Class<com.google.android.gms.org.conscrypt.OpenSSLExtendedSessionImpl>
01-16 14:08:54.937  2659  2659 I art     : Rejecting re-init on previously-failed class java.lang.Class<com.google.android.gms.org.conscrypt.OpenSSLExtendedSessionImpl>
01-16 14:08:54.945  2659  2659 I ProviderInstaller: Installed default security provider GmsCore_OpenSSL
01-16 14:08:54.978  1984  2662 W Conscrypt: Could not set socket write timeout: null
01-16 14:08:55.017  1558  1568 I art     : Background partial concurrent mark sweep GC freed 14385(1138KB) AllocSpace objects, 11(412KB) LOS objects, 33% free, 7MB/10MB, paused 37.761ms total 134.015ms
01-16 14:08:55.060  1673  2464 V MediaScanner: pruneDeadThumbnailFiles... android.database.sqlite.SQLiteCursor@945f524
01-16 14:08:55.060  1673  2464 V MediaScanner: /pruneDeadThumbnailFiles... android.database.sqlite.SQLiteCursor@945f524
01-16 14:08:55.228  2240  2545 I Icing   : MaintenanceDriver: Registering all GCM Tasks.
01-16 14:08:55.325  1558  2097 I AccountManagerService: getTypesVisibleToCaller: isPermitted? true
01-16 14:08:55.328  2240  2545 I Icing   : updateResources: need to parse rtx{com.google.android.gms}
01-16 14:08:55.365  2240  2482 I CryptAuthSync: [DeviceStateSyncManager] Skipping sync since last one was 10022ms ago.
01-16 14:08:55.377  2240  2240 I DeviceCache: Unable to convert the the network interface's MAC Address to string. MAC address cannot be null.
01-16 14:08:55.377  2240  2240 I DeviceCache: Unable to convert the the network interface's MAC Address to string. MAC address cannot be null.
01-16 14:08:55.388  1984  2390 I PhenotypeFlagCommitter: Experiment Configs successfully retrieved for com.google.android.location
01-16 14:08:55.390  1984  2390 I GCoreUlr: Starting service, intent=Intent { act=com.google.android.location.reporting.ACTION_UPDATE_WORLD cmp=com.google.android.gms/com.google.android.location.reporting.service.DispatchingService (has extras) }, extras=Bundle[{receiverAction=android.intent.action.BOOT_COMPLETED}]
01-16 14:08:55.444  2311  2311 D AlertReceiver: onReceive: a=android.intent.action.PROVIDER_CHANGED Intent { act=android.intent.action.PROVIDER_CHANGED dat=content://com.android.calendar flg=0x10 cmp=com.android.calendar/.alerts.AlertReceiver }
01-16 14:08:55.455  1984  1984 E BluetoothAdapter: Bluetooth binder is null
01-16 14:08:55.460  2311  2698 D AlertService: 0 Action = android.intent.action.PROVIDER_CHANGED
01-16 14:08:55.503  1558  1982 I ActivityManager: Start proc 2701:com.google.android.gms.unstable/u0a8 for service com.google.android.gms/.droidguard.DroidGuardService
01-16 14:08:55.532  2701  2701 W System  : ClassLoader referenced unknown path: /system/priv-app/PrebuiltGmsCore/lib/x86
01-16 14:08:55.540  1984  2625 I PhenotypeFlagCommitter: Experiment Configs successfully retrieved for com.google.android.gms.lockbox
01-16 14:08:55.633  1558  2117 I AccountManagerService: getTypesVisibleToCaller: isPermitted? true
01-16 14:08:55.637  2240  2539 I PhenotypeFlagCommitter: Experiment Configs successfully retrieved for com.google.android.gms.people
01-16 14:08:55.655  1558  2117 I AccountManagerService: getTypesVisibleToCaller: isPermitted? true
01-16 14:08:55.681  2701  2701 W System  : ClassLoader referenced unknown path: /system/priv-app/PrebuiltGmsCore/lib/x86
01-16 14:08:55.682  2701  2701 W System  : ClassLoader referenced unknown path: /system/priv-app/PrebuiltGmsCore/lib/x86
01-16 14:08:55.682  2701  2701 W linker  : /data/data/com.google.android.gms/app_extracted_libs/x86/libgmscore.so: unused DT entry: type 0x7ffffffd arg 0x756
01-16 14:08:55.695  2701  2701 W System  : ClassLoader referenced unknown path: /system/priv-app/PrebuiltGmsCore/lib/x86
01-16 14:08:55.695  2701  2701 W System  : ClassLoader referenced unknown path: /system/priv-app/PrebuiltGmsCore/lib/x86
01-16 14:08:55.696  2701  2701 W linker  : /data/data/com.google.android.gms/app_extracted_libs/x86/libconscrypt_gmscore_jni.so: unused DT entry: type 0x1d arg 0x91
01-16 14:08:55.696  2701  2701 W linker  : /data/data/com.google.android.gms/app_extracted_libs/x86/libconscrypt_gmscore_jni.so: unused DT entry: type 0x7ffffffd arg 0x174
01-16 14:08:55.699  2701  2701 V JNIHelp : Registering com/google/android/gms/org/conscrypt/NativeCrypto's 235 native methods...
01-16 14:08:55.710  2701  2701 I art     : Rejecting re-init on previously-failed class java.lang.Class<com.google.android.gms.org.conscrypt.OpenSSLExtendedSessionImpl>
01-16 14:08:55.711  2701  2701 I art     : Rejecting re-init on previously-failed class java.lang.Class<com.google.android.gms.org.conscrypt.OpenSSLExtendedSessionImpl>
01-16 14:08:55.720  2659  2687 I PhenotypeFlagCommitter: Experiment Configs successfully retrieved for com.google.android.gms.people.ui
01-16 14:08:55.726  2701  2701 I ProviderInstaller: Installed default security provider GmsCore_OpenSSL
01-16 14:08:55.900  1984  2662 W Conscrypt: Could not set socket write timeout: null
01-16 14:08:55.963  2240  2240 I CmaSystemUpdateService: receiver: Intent { act=com.google.android.gms.update.BOOT_START_SERVICE flg=0x10 pkg=com.google.android.gms cmp=com.google.android.gms/.update.SystemUpdateServiceReceiver }
01-16 14:08:55.966  2240  2240 I CmaSystemUpdateService: receiver: Intent { act=com.google.android.gms.update.BOOT_START_SERVICE flg=0x10 pkg=com.google.android.gms cmp=com.google.android.gms/.update.SystemUpdateServiceReceiver }
01-16 14:08:56.004  1558  2589 I AccountManagerService: getTypesVisibleToCaller: isPermitted? true
01-16 14:08:56.061  1558  1569 I AccountManagerService: getTypesVisibleToCaller: isPermitted? true
01-16 14:08:56.065  1255  2013 D WVCdm   : Instantiating CDM.
01-16 14:08:56.070  1255  1621 I WVCdm   : CdmEngine::OpenSession
01-16 14:08:56.073  1255  1621 I WVCdm   : Level3 Library Sep 28 2015 13:08:28
01-16 14:08:56.083  1255  1621 W WVCdm   : Could not read /data/mediadrm/IDM1013/ay64.dat2: No such file or directory
01-16 14:08:56.083  1255  1621 W WVCdm   : Could not load liboemcrypto.so. Falling back to L3.  dlopen failed: library "liboemcrypto.so" not found
01-16 14:08:56.097  1984  2158 I GCoreUlr: WorldUpdater received intent Intent { act=com.google.android.location.reporting.ACTION_UPDATE_WORLD cmp=com.google.android.gms/com.google.android.location.reporting.service.DispatchingService (has extras) } with receiverAction android.intent.action.BOOT_COMPLETED
01-16 14:08:56.117  1984  2732 I CheckinUtil: Classify the device as Phone.
01-16 14:08:56.118  1255  1621 I WVCdm   : CdmEngine::QueryKeyControlInfo
01-16 14:08:56.124  1255  1620 W WVCdm   : BufferReader::Read<T> : Failure during parse: Not enough bytes (4)
01-16 14:08:56.124  1255  1620 W WVCdm   : CdmEngine::ExtractWidevinePssh: Unable to read atom size.
01-16 14:08:56.125  1255  1620 I WVCdm   : CdmEngine::GenerateKeyRequest
01-16 14:08:56.127  1255  1620 D WVCdm   : PrepareKeyRequest: nonce=4278428781
01-16 14:08:56.145  2240  2240 I CmaSystemUpdateService: connectivity change: Intent { act=android.net.conn.CONNECTIVITY_CHANGE flg=0x4000010 (has extras) }
01-16 14:08:56.146  2240  2240 I CmaSystemUpdateService: receiver: Intent { act=android.net.conn.CONNECTIVITY_CHANGE flg=0x4000010 (has extras) }
01-16 14:08:56.161  1984  2732 W Conscrypt: Could not set socket write timeout: null
01-16 14:08:56.207  1558  1688 I AccountManagerService: getTypesVisibleToCaller: isPermitted? true
01-16 14:08:56.306  1558  1614 D ConnectivityService: handlePromptUnvalidated 100
01-16 14:08:56.571  1984  2732 W Conscrypt: Could not set socket write timeout: null
01-16 14:08:56.836  2701  2711 I art     : Background sticky concurrent mark sweep GC freed 27640(2012KB) AllocSpace objects, 2(40KB) LOS objects, 29% free, 5MB/7MB, paused 592us total 256.404ms
01-16 14:08:57.544  2240  2593 I Vision  : Engine already satisfied by existing download for ocr
01-16 14:08:58.298  2240  2276 W art     : Long monitor contention event with owner method=boolean android.os.BinderProxy.transactNative(int, android.os.Parcel, android.os.Parcel, int) from Binder.java:4294967294 waiters=0 for 2.141s
01-16 14:08:58.481  2701  2712 I DynamiteModule: Considering local module com.google.android.gms.googlecertificates:2 and remote module com.google.android.gms.googlecertificates:2
01-16 14:08:58.482  2701  2712 I DynamiteModule: Selected remote version of com.google.android.gms.googlecertificates, version >= 2
01-16 14:08:59.075  2240  2539 W art     : Long monitor contention event with owner method=boolean android.app.ActivityThread.releaseProvider(android.content.IContentProvider, boolean) from ActivityThread.java:4898 waiters=0 for 486ms
01-16 14:08:59.505  1558  2589 W ActivityManager: SLOW OOM ADJ: 394ms for pid 2336 = 8
01-16 14:08:59.601  1255  1255 I WVCdm   : CdmEngine::CloseSession
01-16 14:08:59.617  1558  1982 I AccountManagerService: getTypesVisibleToCaller: isPermitted? true
01-16 14:08:59.684  2701  2711 I art     : Background partial concurrent mark sweep GC freed 6973(661KB) AllocSpace objects, 8(740KB) LOS objects, 40% free, 5MB/9MB, paused 2.043ms total 170.757ms
01-16 14:08:59.826  1558  1573 W art     : Long monitor contention event with owner method=void com.android.server.am.ActivityManagerService.trimApplications() from ActivityManagerService.java:19366 waiters=2 for 114ms
01-16 14:08:59.867  1984  2153 W ContentTaskController: Invalid newTask was provided to startTracking.
01-16 14:09:01.248  2311  2698 I GlobalDismissManager: no sender configured
01-16 14:09:01.248  2311  2698 D AlertService: Beginning updateAlertNotification
01-16 14:09:01.748  2240  2730 I SystemUpdateTask: cancelUpdate (empty URL)
01-16 14:09:01.748  2240  2730 I CmaSystemUpdateService: active receiver: disabled
01-16 14:09:01.771  2311  2698 D AlertService: No fired or scheduled alerts
01-16 14:09:01.968  2311  2698 D AlertService: Scheduling next alarm with AlarmScheduler. sEventReminderReceived: null
01-16 14:09:01.976  2311  2698 D AlarmScheduler: No events found starting within 1 week.
01-16 14:09:02.015  1984  2153 W ContentTaskController: Invalid newTask was provided to startTracking.
01-16 14:09:02.117  2240  2747 I SystemUpdateTask: cancelUpdate (empty URL)
01-16 14:09:02.117  2240  2747 I CmaSystemUpdateService: active receiver: disabled
01-16 14:09:02.849  1558  1990 I ActivityManager: Killing 1680:com.android.externalstorage/u0a7 (adj 15): empty #17
01-16 14:09:03.099  1984  2556 W art     : Long monitor contention event with owner method=int android.database.sqlite.SQLiteConnection.nativeExecuteForChangedRowCount(long, long) from SQLiteConnection.java:4294967294 waiters=0 for 3.182s
01-16 14:09:03.100  1558  2097 W art     : Long monitor contention event with owner method=void com.android.server.am.ActivityManagerService.serviceDoneExecuting(android.os.IBinder, int, int, int) from ActivityManagerService.java:15949 waiters=0 for 252ms
01-16 14:09:03.101  1558  1573 W art     : Long monitor contention event with owner method=void com.android.server.am.ActivityManagerService.serviceDoneExecuting(android.os.IBinder, int, int, int) from ActivityManagerService.java:15949 waiters=1 for 252ms
01-16 14:09:03.102  1558  1570 W art     : Long monitor contention event with owner method=void com.android.server.am.ActivityManagerService.serviceDoneExecuting(android.os.IBinder, int, int, int) from ActivityManagerService.java:15949 waiters=2 for 212ms
01-16 14:09:03.149  1558  1604 I InputReader: Reconfiguring input devices.  changes=0x00000010
01-16 14:09:03.226  2748  2748 W dex2oat : Unexpected CPU variant for X86 using defaults: x86
01-16 14:09:03.226  2748  2748 W dex2oat : Mismatch between dex2oat instruction set features (ISA: X86 Feature string: smp,-ssse3,-sse4.1,-sse4.2,-avx,-avx2) and those of dex2oat executable (ISA: X86 Feature string: smp,ssse3,-sse4.1,-sse4.2,-avx,-avx2) for the command line:
01-16 14:09:03.229  2748  2748 W dex2oat : /system/bin/dex2oat --runtime-arg -classpath --runtime-arg  --instruction-set=x86 --instruction-set-features=smp,ssse3,-sse4.1,-sse4.2,-avx,-avx2 --runtime-arg -Xrelocate --boot-image=/system/framework/boot.art --runtime-arg -Xms64m --runtime-arg -Xmx512m --instruction-set-variant=x86 --instruction-set-features=default --dex-file=/data/user/0/com.google.android.gms/app_dg_cache/7EA3DE4E7B2AC494AB2148B2F1277AFD0CADA91F/the.apk --oat-file=/data/user/0/com.google.android.gms/app_dg_cache/7EA3DE4E7B2AC494AB2148B2F1277AFD0CADA91F/opt/the.dex
01-16 14:09:03.232  2748  2748 I dex2oat : /system/bin/dex2oat --dex-file=/data/user/0/com.google.android.gms/app_dg_cache/7EA3DE4E7B2AC494AB2148B2F1277AFD0CADA91F/the.apk --oat-file=/data/user/0/com.google.android.gms/app_dg_cache/7EA3DE4E7B2AC494AB2148B2F1277AFD0CADA91F/opt/the.dex
01-16 14:09:03.309  1558  2097 I AccountManagerService: getTypesVisibleToCaller: isPermitted? true
01-16 14:09:03.349  2748  2748 I dex2oat : dex2oat took 123.586ms (threads: 2) arena alloc=25KB java alloc=26KB native alloc=1058KB free=989KB
01-16 14:09:03.359  2028  2754 I UpdateIcingCorporaServi: Updating corpora: APPS=com.google.android.gms, CONTACTS=MAYBE
01-16 14:09:03.383  2028  2754 I UpdateIcingCorporaServi: UpdateCorporaTask done [took 23 ms] updated apps [took 23 ms] 
01-16 14:09:03.447  1558  1570 I AccountManagerService: getTypesVisibleToCaller: isPermitted? true
01-16 14:09:03.498  1984  1984 I GCoreNlp: shouldConfirmNlp, NLP off. Ensuring opt-in disabled
01-16 14:09:03.538  1984  2153 W art     : Long monitor contention event with owner method=void qwi.b() from :com.google.android.gms:591 waiters=0 for 426ms
01-16 14:09:03.687  1984  2556 W ContentTaskController: Invalid task was provided to stopTracking.
01-16 14:09:03.692  1984  2158 I GCoreUlr: WorldUpdater:android.intent.action.BOOT_COMPLETED: Ensuring that reporting is stopped because of reasons: (no Google accounts)
01-16 14:09:03.699  1984  2158 I GCoreUlr: Unbound from all location providers
01-16 14:09:03.699  1984  2158 I GCoreUlr: Place inference reporting - stop
01-16 14:09:03.709  1984  2158 I GCoreUlr: DispatchingService ignoring Intent { act=com.google.android.location.reporting.CHANGE_ON_LOCATION_DISABLE_FOR_GOOGLE_APP } because ULR inactive
01-16 14:09:03.874  1984  1984 I GCoreUlr: DispatchingService.onDestroy()
01-16 14:09:03.876  1984  1984 I GCoreUlr: Stopping handler for UlrDispSvcFast
01-16 14:09:03.884  1984  1984 I GCoreUlr: Unbound from all location providers
01-16 14:09:03.884  1984  1984 I GCoreUlr: Place inference reporting - stop
01-16 14:09:03.886  1558  2106 I ActivityManager: Killing 1934:com.android.printspooler/u0a45 (adj 15): empty #17
01-16 14:09:04.013  1984  2556 W ContentTaskController: Invalid task was provided to stopTracking.
01-16 14:09:04.089  2240  2545 I Icing   : Internal init done: storage state 0
01-16 14:09:04.269  2701  2712 E linker  : readlink('/proc/self/fd/34') failed: Permission denied [fd=34]
01-16 14:09:04.269  2701  2712 E linker  : warning: unable to get realpath for the library "/system/lib/libdrmframework_jni.so". Will use given name.
01-16 14:09:04.272  2240  2762 I iu.UploadsManager: End new media; added: 0, uploading: 0, time: 144 ms
01-16 14:09:04.277  1984  2153 W art     : Long monitor contention event with owner method=void qwi.a(qxa, int) from :com.google.android.gms:345 waiters=0 for 739ms
01-16 14:09:04.279  1255  1620 I WVCdm   : CdmEngine::OpenSession
01-16 14:09:04.280  1255  1620 I WVCdm   : Level3 Library Sep 28 2015 13:08:28
01-16 14:09:04.280  1255  1620 W WVCdm   : Could not read /data/mediadrm/IDM1013/ay64.dat2: No such file or directory
01-16 14:09:04.280  1255  1620 W WVCdm   : Could not load liboemcrypto.so. Falling back to L3.  dlopen failed: library "liboemcrypto.so" not found
01-16 14:09:04.288  1255  1620 I WVCdm   : CdmEngine::QueryKeyControlInfo
01-16 14:09:04.301  1255  1822 W WVCdm   : BufferReader::Read<T> : Failure during parse: Not enough bytes (4)
01-16 14:09:04.301  1255  1822 W WVCdm   : CdmEngine::ExtractWidevinePssh: Unable to read atom size.
01-16 14:09:04.301  1255  1822 I WVCdm   : CdmEngine::GenerateKeyRequest
01-16 14:09:04.301  1255  1822 D WVCdm   : PrepareKeyRequest: nonce=1557034716
01-16 14:09:04.370  2240  2545 I Icing   : Post-init done
01-16 14:09:04.381  1984  2153 W ContentTaskController: Invalid newTask was provided to startTracking.
01-16 14:09:04.437  2240  2545 I Icing   : Usage reports 0 indexed 0 rejected 0 imm upload false
01-16 14:09:04.439  2240  2545 I Icing   : updateResources: need to parse rtx{com.google.android.gms}
01-16 14:09:04.472  1255  2013 I WVCdm   : CdmEngine::CloseSession
01-16 14:09:04.457  2712  2712 W Binder_1: type=1400 audit(0.0:7): avc: denied { read } for name="/" dev="tmpfs" ino=3125 scontext=u:r:untrusted_app:s0:c512,c768 tcontext=u:object_r:device:s0 tclass=dir permissive=0
01-16 14:09:04.547  2240  2545 I Icing   : Usage reports 0 indexed 0 rejected 0 imm upload false
01-16 14:09:04.553  2240  2545 I Icing   : Usage reports 0 indexed 0 rejected 0 imm upload false
01-16 14:09:04.555  1984  2153 W ContentTaskController: Invalid newTask was provided to startTracking.
01-16 14:09:04.562  2240  2248 W SQLiteConnectionPool: A SQLiteConnection object for database '/data/user/0/com.google.android.gms/databases/networkstatistics.sqlite' was leaked!  Please fix your application to end transactions in progress properly and to close the database when it is no longer needed.
01-16 14:09:04.579  2769  2769 W dex2oat : Unexpected CPU variant for X86 using defaults: x86
01-16 14:09:04.579  2769  2769 W dex2oat : Mismatch between dex2oat instruction set features (ISA: X86 Feature string: smp,-ssse3,-sse4.1,-sse4.2,-avx,-avx2) and those of dex2oat executable (ISA: X86 Feature string: smp,ssse3,-sse4.1,-sse4.2,-avx,-avx2) for the command line:
01-16 14:09:04.579  2769  2769 W dex2oat : /system/bin/dex2oat --runtime-arg -classpath --runtime-arg  --instruction-set=x86 --instruction-set-features=smp,ssse3,-sse4.1,-sse4.2,-avx,-avx2 --runtime-arg -Xrelocate --boot-image=/system/framework/boot.art --runtime-arg -Xms64m --runtime-arg -Xmx512m --instruction-set-variant=x86 --instruction-set-features=default --dex-file=/data/user/0/com.google.android.gms/app_fb/f.apk --oat-file=/data/user/0/com.google.android.gms/app_fb/f.dex
01-16 14:09:04.580  2769  2769 I dex2oat : /system/bin/dex2oat --dex-file=/data/user/0/com.google.android.gms/app_fb/f.apk --oat-file=/data/user/0/com.google.android.gms/app_fb/f.dex
01-16 14:09:04.635  2769  2769 I dex2oat : dex2oat took 55.847ms (threads: 2) arena alloc=170KB java alloc=39KB native alloc=1219KB free=1084KB
01-16 14:09:04.637  2701  2712 E linker  : readlink('/proc/self/fd/39') failed: Permission denied [fd=39]
01-16 14:09:04.637  2701  2712 E linker  : warning: unable to get realpath for the library "/data/data/com.google.android.gms/app_fb/f.dex". Will use given name.
01-16 14:09:04.642  2701  2712 W System  : ClassLoader referenced unknown path: 
01-16 14:09:04.647  1984  2556 W art     : Long monitor contention event with owner method=void qwi.a(qwo, boolean) from :com.google.android.gms:184 waiters=0 for 186ms
01-16 14:09:04.647  1984  2556 W ContentTaskController: Invalid newTask was provided to startTracking.
01-16 14:09:04.692  2701  2712 D         : HostConnection::get() New Host Connection established 0xaa2e9540, tid 2712
01-16 14:09:04.733  2701  2712 W         : Process pipe failed
01-16 14:09:04.775  1984  2153 W ContentTaskController: Invalid newTask was provided to startTracking.
01-16 14:09:05.012  1984  2153 W ContentTaskController: Invalid newTask was provided to startTracking.
01-16 14:09:05.051  1984  2556 W art     : Long monitor contention event with owner method=void qwi.a(qwo, boolean) from :com.google.android.gms:184 waiters=0 for 232ms
01-16 14:09:05.051  1984  2556 W ContentTaskController: Invalid newTask was provided to startTracking.
01-16 14:09:05.047  2712  2712 W Binder_1: type=1400 audit(0.0:8): avc: denied { search } for name="1261" dev="proc" ino=3384 scontext=u:r:untrusted_app:s0:c512,c768 tcontext=u:r:zygote:s0 tclass=dir permissive=0
01-16 14:09:05.095  1984  2153 W ContentTaskController: Invalid newTask was provided to startTracking.
01-16 14:09:05.096  1984  2153 W ContentTaskController: Invalid newTask was provided to startTracking.
01-16 14:09:05.097  1984  2153 W ContentTaskController: Invalid newTask was provided to startTracking.
01-16 14:09:05.102  2240  2481 I CheckinUtil: Classify the device as Phone.
01-16 14:09:05.136  2240  2481 I CheckinTask: cookie is null
01-16 14:09:05.143  1984  2556 W ContentTaskController: Invalid task was provided to stopTracking.
01-16 14:09:05.185  2240  2481 W Conscrypt: Could not set socket write timeout: null
01-16 14:09:05.225  1984  2556 W ContentTaskController: Invalid task was provided to stopTracking.
01-16 14:09:05.283  2240  2613 I Icing   : Query from com.google.android.gms package restrict com.google.android.gms start 0 num 100
01-16 14:09:05.295  2240  2545 I Icing   : Performing maintenance.
01-16 14:09:05.312  1984  1984 I GoogleURLConnFactory: Using platform SSLCertificateSocketFactory
01-16 14:09:05.333  1558  1990 I AccountManagerService: getTypesVisibleToCaller: isPermitted? true
01-16 14:09:05.355  2240  2545 I Icing   : updateResources: need to parse rtx{com.google.android.gms}
01-16 14:09:05.361  1558  1708 I AccountManagerService: getTypesVisibleToCaller: isPermitted? true
01-16 14:09:05.364  1984  2153 W ContentTaskController: Invalid newTask was provided to startTracking.
01-16 14:09:05.452  1558  1569 I AccountManagerService: getTypesVisibleToCaller: isPermitted? true
01-16 14:09:05.452  1984  2782 W PhenotypeChimeraConfigurator: No account for auth token provided
01-16 14:09:05.457  2240  2545 W Icing   : isOptedInForAppHistory: empty Account Name encountered
01-16 14:09:05.457  2240  2545 I Icing   : Performing maintenance usage 1756677 budget 616089346 free 99.715% index free 99.988% purge? false target 431262542
01-16 14:09:05.471  1984  2153 W ContentTaskController: Invalid newTask was provided to startTracking.
01-16 14:09:05.687  1984  2153 W ContentTaskController: Invalid newTask was provided to startTracking.
